../Thrid/asm330/asm330lhh_reg.c:48:16:asm330lhh_read_reg	40	static
../Thrid/asm330/asm330lhh_reg.c:71:16:asm330lhh_write_reg	40	static
../Thrid/asm330/asm330lhh_reg.c:96:9:asm330lhh_from_fs2g_to_mg	16	static
../Thrid/asm330/asm330lhh_reg.c:100:9:asm330lhh_from_fs4g_to_mg	16	static
../Thrid/asm330/asm330lhh_reg.c:104:9:asm330lhh_from_fs8g_to_mg	16	static
../Thrid/asm330/asm330lhh_reg.c:108:9:asm330lhh_from_fs16g_to_mg	16	static
../Thrid/asm330/asm330lhh_reg.c:112:9:asm330lhh_from_fs125dps_to_mdps	16	static
../Thrid/asm330/asm330lhh_reg.c:116:9:asm330lhh_from_fs250dps_to_mdps	16	static
../Thrid/asm330/asm330lhh_reg.c:120:9:asm330lhh_from_fs500dps_to_mdps	16	static
../Thrid/asm330/asm330lhh_reg.c:124:9:asm330lhh_from_fs1000dps_to_mdps	16	static
../Thrid/asm330/asm330lhh_reg.c:128:9:asm330lhh_from_fs2000dps_to_mdps	16	static
../Thrid/asm330/asm330lhh_reg.c:132:9:asm330lhh_from_fs4000dps_to_mdps	16	static
../Thrid/asm330/asm330lhh_reg.c:136:9:asm330lhh_from_lsb_to_celsius	16	static
../Thrid/asm330/asm330lhh_reg.c:140:9:asm330lhh_from_lsb_to_nsec	16	static
../Thrid/asm330/asm330lhh_reg.c:165:9:asm330lhh_xl_full_scale_set	24	static
../Thrid/asm330/asm330lhh_reg.c:187:9:asm330lhh_xl_full_scale_get	24	static
../Thrid/asm330/asm330lhh_reg.c:221:9:asm330lhh_xl_data_rate_set	24	static
../Thrid/asm330/asm330lhh_reg.c:245:9:asm330lhh_xl_data_rate_get	24	static
../Thrid/asm330/asm330lhh_reg.c:300:9:asm330lhh_gy_full_scale_set	24	static
../Thrid/asm330/asm330lhh_reg.c:321:9:asm330lhh_gy_full_scale_get	24	static
../Thrid/asm330/asm330lhh_reg.c:361:9:asm330lhh_gy_data_rate_set	24	static
../Thrid/asm330/asm330lhh_reg.c:385:9:asm330lhh_gy_data_rate_get	24	static
../Thrid/asm330/asm330lhh_reg.c:440:9:asm330lhh_block_data_update_set	24	static
../Thrid/asm330/asm330lhh_reg.c:460:9:asm330lhh_block_data_update_get	24	static
../Thrid/asm330/asm330lhh_reg.c:479:9:asm330lhh_xl_offset_weight_set	24	static
../Thrid/asm330/asm330lhh_reg.c:501:9:asm330lhh_xl_offset_weight_get	24	static
../Thrid/asm330/asm330lhh_reg.c:532:9:asm330lhh_all_sources_get	24	static
../Thrid/asm330/asm330lhh_reg.c:562:9:asm330lhh_status_reg_get	24	static
../Thrid/asm330/asm330lhh_reg.c:577:9:asm330lhh_xl_flag_data_ready_get	24	static
../Thrid/asm330/asm330lhh_reg.c:597:9:asm330lhh_gy_flag_data_ready_get	24	static
../Thrid/asm330/asm330lhh_reg.c:617:9:asm330lhh_temp_flag_data_ready_get	24	static
../Thrid/asm330/asm330lhh_reg.c:639:9:asm330lhh_xl_usr_offset_x_set	24	static
../Thrid/asm330/asm330lhh_reg.c:655:9:asm330lhh_xl_usr_offset_x_get	24	static
../Thrid/asm330/asm330lhh_reg.c:671:9:asm330lhh_xl_usr_offset_y_set	24	static
../Thrid/asm330/asm330lhh_reg.c:687:9:asm330lhh_xl_usr_offset_y_get	24	static
../Thrid/asm330/asm330lhh_reg.c:703:9:asm330lhh_xl_usr_offset_z_set	24	static
../Thrid/asm330/asm330lhh_reg.c:719:9:asm330lhh_xl_usr_offset_z_get	24	static
../Thrid/asm330/asm330lhh_reg.c:733:9:asm330lhh_xl_usr_offset_set	24	static
../Thrid/asm330/asm330lhh_reg.c:753:9:asm330lhh_xl_usr_offset_get	24	static
../Thrid/asm330/asm330lhh_reg.c:783:9:asm330lhh_timestamp_rst	24	static
../Thrid/asm330/asm330lhh_reg.c:797:9:asm330lhh_timestamp_set	24	static
../Thrid/asm330/asm330lhh_reg.c:817:9:asm330lhh_timestamp_get	24	static
../Thrid/asm330/asm330lhh_reg.c:837:9:asm330lhh_timestamp_raw_get	24	static
../Thrid/asm330/asm330lhh_reg.c:870:9:asm330lhh_rounding_mode_set	24	static
../Thrid/asm330/asm330lhh_reg.c:891:9:asm330lhh_rounding_mode_get	24	static
../Thrid/asm330/asm330lhh_reg.c:927:9:asm330lhh_temperature_raw_get	24	static
../Thrid/asm330/asm330lhh_reg.c:947:9:asm330lhh_angular_rate_raw_get	32	static
../Thrid/asm330/asm330lhh_reg.c:971:9:asm330lhh_acceleration_raw_get	32	static
../Thrid/asm330/asm330lhh_reg.c:994:9:asm330lhh_fifo_out_raw_get	24	static
../Thrid/asm330/asm330lhh_reg.c:1020:9:asm330lhh_device_conf_set	24	static
../Thrid/asm330/asm330lhh_reg.c:1042:9:asm330lhh_device_conf_get	24	static
../Thrid/asm330/asm330lhh_reg.c:1062:9:asm330lhh_odr_cal_reg_set	24	static
../Thrid/asm330/asm330lhh_reg.c:1086:9:asm330lhh_odr_cal_reg_get	24	static
../Thrid/asm330/asm330lhh_reg.c:1106:9:asm330lhh_data_ready_mode_set	24	static
../Thrid/asm330/asm330lhh_reg.c:1130:9:asm330lhh_data_ready_mode_get	24	static
../Thrid/asm330/asm330lhh_reg.c:1159:9:asm330lhh_device_id_get	24	static
../Thrid/asm330/asm330lhh_reg.c:1173:9:asm330lhh_reset_set	24	static
../Thrid/asm330/asm330lhh_reg.c:1193:9:asm330lhh_reset_get	24	static
../Thrid/asm330/asm330lhh_reg.c:1212:9:asm330lhh_auto_increment_set	24	static
../Thrid/asm330/asm330lhh_reg.c:1233:9:asm330lhh_auto_increment_get	24	static
../Thrid/asm330/asm330lhh_reg.c:1251:9:asm330lhh_boot_set	24	static
../Thrid/asm330/asm330lhh_reg.c:1271:9:asm330lhh_boot_get	24	static
../Thrid/asm330/asm330lhh_reg.c:1289:9:asm330lhh_xl_self_test_set	24	static
../Thrid/asm330/asm330lhh_reg.c:1310:9:asm330lhh_xl_self_test_get	24	static
../Thrid/asm330/asm330lhh_reg.c:1342:9:asm330lhh_gy_self_test_set	24	static
../Thrid/asm330/asm330lhh_reg.c:1363:9:asm330lhh_gy_self_test_get	24	static
../Thrid/asm330/asm330lhh_reg.c:1408:9:asm330lhh_xl_filter_lp2_set	24	static
../Thrid/asm330/asm330lhh_reg.c:1428:9:asm330lhh_xl_filter_lp2_get	24	static
../Thrid/asm330/asm330lhh_reg.c:1447:9:asm330lhh_gy_filter_lp1_set	24	static
../Thrid/asm330/asm330lhh_reg.c:1468:9:asm330lhh_gy_filter_lp1_get	24	static
../Thrid/asm330/asm330lhh_reg.c:1487:9:asm330lhh_filter_settling_mask_set	24	static
../Thrid/asm330/asm330lhh_reg.c:1509:9:asm330lhh_filter_settling_mask_get	24	static
../Thrid/asm330/asm330lhh_reg.c:1528:9:asm330lhh_gy_lp1_bandwidth_set	24	static
../Thrid/asm330/asm330lhh_reg.c:1549:9:asm330lhh_gy_lp1_bandwidth_get	24	static
../Thrid/asm330/asm330lhh_reg.c:1596:9:asm330lhh_xl_lp2_on_6d_set	24	static
../Thrid/asm330/asm330lhh_reg.c:1616:9:asm330lhh_xl_lp2_on_6d_get	24	static
../Thrid/asm330/asm330lhh_reg.c:1635:9:asm330lhh_xl_hp_path_on_out_set	24	static
../Thrid/asm330/asm330lhh_reg.c:1659:9:asm330lhh_xl_hp_path_on_out_get	24	static
../Thrid/asm330/asm330lhh_reg.c:1753:9:asm330lhh_xl_fast_settling_set	24	static
../Thrid/asm330/asm330lhh_reg.c:1775:9:asm330lhh_xl_fast_settling_get	24	static
../Thrid/asm330/asm330lhh_reg.c:1794:9:asm330lhh_xl_hp_path_internal_set	24	static
../Thrid/asm330/asm330lhh_reg.c:1816:9:asm330lhh_xl_hp_path_internal_get	24	static
../Thrid/asm330/asm330lhh_reg.c:1845:9:asm330lhh_gy_hp_path_internal_set	24	static
../Thrid/asm330/asm330lhh_reg.c:1868:9:asm330lhh_gy_hp_path_internal_get	24	static
../Thrid/asm330/asm330lhh_reg.c:1919:9:asm330lhh_sdo_sa0_mode_set	24	static
../Thrid/asm330/asm330lhh_reg.c:1940:9:asm330lhh_sdo_sa0_mode_get	24	static
../Thrid/asm330/asm330lhh_reg.c:1969:9:asm330lhh_spi_mode_set	24	static
../Thrid/asm330/asm330lhh_reg.c:1989:9:asm330lhh_spi_mode_get	24	static
../Thrid/asm330/asm330lhh_reg.c:2017:9:asm330lhh_i2c_interface_set	24	static
../Thrid/asm330/asm330lhh_reg.c:2038:9:asm330lhh_i2c_interface_get	24	static
../Thrid/asm330/asm330lhh_reg.c:2081:9:asm330lhh_pin_int1_route_set	24	static
../Thrid/asm330/asm330lhh_reg.c:2118:9:asm330lhh_pin_int1_route_get	24	static
../Thrid/asm330/asm330lhh_reg.c:2140:9:asm330lhh_pin_int2_route_set	32	static
../Thrid/asm330/asm330lhh_reg.c:2195:9:asm330lhh_pin_int2_route_get	24	static
../Thrid/asm330/asm330lhh_reg.c:2216:9:asm330lhh_pin_mode_set	24	static
../Thrid/asm330/asm330lhh_reg.c:2236:9:asm330lhh_pin_mode_get	24	static
../Thrid/asm330/asm330lhh_reg.c:2265:9:asm330lhh_pin_polarity_set	24	static
../Thrid/asm330/asm330lhh_reg.c:2286:9:asm330lhh_pin_polarity_get	24	static
../Thrid/asm330/asm330lhh_reg.c:2315:9:asm330lhh_all_on_int1_set	24	static
../Thrid/asm330/asm330lhh_reg.c:2335:9:asm330lhh_all_on_int1_get	24	static
../Thrid/asm330/asm330lhh_reg.c:2353:9:asm330lhh_int_notification_set	24	static
../Thrid/asm330/asm330lhh_reg.c:2375:9:asm330lhh_int_notification_get	24	static
../Thrid/asm330/asm330lhh_reg.c:2426:9:asm330lhh_wkup_ths_weight_set	24	static
../Thrid/asm330/asm330lhh_reg.c:2451:9:asm330lhh_wkup_ths_weight_get	24	static
../Thrid/asm330/asm330lhh_reg.c:2482:9:asm330lhh_wkup_threshold_set	24	static
../Thrid/asm330/asm330lhh_reg.c:2505:9:asm330lhh_wkup_threshold_get	24	static
../Thrid/asm330/asm330lhh_reg.c:2524:9:asm330lhh_xl_usr_offset_on_wkup_set	24	static
../Thrid/asm330/asm330lhh_reg.c:2547:9:asm330lhh_xl_usr_offset_on_wkup_get	24	static
../Thrid/asm330/asm330lhh_reg.c:2567:9:asm330lhh_wkup_dur_set	24	static
../Thrid/asm330/asm330lhh_reg.c:2589:9:asm330lhh_wkup_dur_get	24	static
../Thrid/asm330/asm330lhh_reg.c:2621:9:asm330lhh_gy_sleep_mode_set	24	static
../Thrid/asm330/asm330lhh_reg.c:2641:9:asm330lhh_gy_sleep_mode_get	24	static
../Thrid/asm330/asm330lhh_reg.c:2661:9:asm330lhh_act_pin_notification_set	24	static
../Thrid/asm330/asm330lhh_reg.c:2684:9:asm330lhh_act_pin_notification_get	24	static
../Thrid/asm330/asm330lhh_reg.c:2712:9:asm330lhh_act_mode_set	24	static
../Thrid/asm330/asm330lhh_reg.c:2733:9:asm330lhh_act_mode_get	24	static
../Thrid/asm330/asm330lhh_reg.c:2768:9:asm330lhh_act_sleep_dur_set	24	static
../Thrid/asm330/asm330lhh_reg.c:2790:9:asm330lhh_act_sleep_dur_get	24	static
../Thrid/asm330/asm330lhh_reg.c:2822:9:asm330lhh_6d_threshold_set	24	static
../Thrid/asm330/asm330lhh_reg.c:2843:9:asm330lhh_6d_threshold_get	24	static
../Thrid/asm330/asm330lhh_reg.c:2878:9:asm330lhh_4d_mode_set	24	static
../Thrid/asm330/asm330lhh_reg.c:2898:9:asm330lhh_4d_mode_get	24	static
../Thrid/asm330/asm330lhh_reg.c:2929:9:asm330lhh_ff_threshold_set	24	static
../Thrid/asm330/asm330lhh_reg.c:2951:9:asm330lhh_ff_threshold_get	24	static
../Thrid/asm330/asm330lhh_reg.c:2998:9:asm330lhh_ff_dur_set	32	static
../Thrid/asm330/asm330lhh_reg.c:3030:9:asm330lhh_ff_dur_get	32	static
../Thrid/asm330/asm330lhh_reg.c:3068:9:asm330lhh_fifo_watermark_set	32	static
../Thrid/asm330/asm330lhh_reg.c:3098:9:asm330lhh_fifo_watermark_get	32	static
../Thrid/asm330/asm330lhh_reg.c:3122:9:asm330lhh_fifo_virtual_sens_odr_chg_set	24	static
../Thrid/asm330/asm330lhh_reg.c:3146:9:asm330lhh_fifo_virtual_sens_odr_chg_get	24	static
../Thrid/asm330/asm330lhh_reg.c:3167:9:asm330lhh_fifo_stop_on_wtm_set	24	static
../Thrid/asm330/asm330lhh_reg.c:3190:9:asm330lhh_fifo_stop_on_wtm_get	24	static
../Thrid/asm330/asm330lhh_reg.c:3210:9:asm330lhh_fifo_xl_batch_set	24	static
../Thrid/asm330/asm330lhh_reg.c:3234:9:asm330lhh_fifo_xl_batch_get	24	static
../Thrid/asm330/asm330lhh_reg.c:3292:9:asm330lhh_fifo_gy_batch_set	24	static
../Thrid/asm330/asm330lhh_reg.c:3316:9:asm330lhh_fifo_gy_batch_get	24	static
../Thrid/asm330/asm330lhh_reg.c:3376:9:asm330lhh_fifo_mode_set	24	static
../Thrid/asm330/asm330lhh_reg.c:3399:9:asm330lhh_fifo_mode_get	24	static
../Thrid/asm330/asm330lhh_reg.c:3442:9:asm330lhh_fifo_temp_batch_set	24	static
../Thrid/asm330/asm330lhh_reg.c:3466:9:asm330lhh_fifo_temp_batch_get	24	static
../Thrid/asm330/asm330lhh_reg.c:3504:9:asm330lhh_fifo_timestamp_decimation_set	24	static
../Thrid/asm330/asm330lhh_reg.c:3530:9:asm330lhh_fifo_timestamp_decimation_get	24	static
../Thrid/asm330/asm330lhh_reg.c:3568:9:asm330lhh_fifo_cnt_event_batch_set	24	static
../Thrid/asm330/asm330lhh_reg.c:3593:9:asm330lhh_fifo_cnt_event_batch_get	24	static
../Thrid/asm330/asm330lhh_reg.c:3624:9:asm330lhh_rst_batch_counter_set	24	static
../Thrid/asm330/asm330lhh_reg.c:3647:9:asm330lhh_rst_batch_counter_get	24	static
../Thrid/asm330/asm330lhh_reg.c:3667:9:asm330lhh_batch_counter_threshold_set	32	static
../Thrid/asm330/asm330lhh_reg.c:3698:9:asm330lhh_batch_counter_threshold_get	32	static
../Thrid/asm330/asm330lhh_reg.c:3725:9:asm330lhh_fifo_data_level_get	32	static
../Thrid/asm330/asm330lhh_reg.c:3749:9:asm330lhh_fifo_status_get	32	static
../Thrid/asm330/asm330lhh_reg.c:3772:9:asm330lhh_fifo_full_flag_get	32	static
../Thrid/asm330/asm330lhh_reg.c:3795:9:asm330lhh_fifo_ovr_flag_get	32	static
../Thrid/asm330/asm330lhh_reg.c:3817:9:asm330lhh_fifo_wtm_flag_get	32	static
../Thrid/asm330/asm330lhh_reg.c:3839:9:asm330lhh_fifo_sensor_tag_get	24	static
../Thrid/asm330/asm330lhh_reg.c:3891:9:asm330lhh_den_mode_set	24	static
../Thrid/asm330/asm330lhh_reg.c:3912:9:asm330lhh_den_mode_get	24	static
../Thrid/asm330/asm330lhh_reg.c:3950:9:asm330lhh_den_polarity_set	24	static
../Thrid/asm330/asm330lhh_reg.c:3971:9:asm330lhh_den_polarity_get	24	static
../Thrid/asm330/asm330lhh_reg.c:4000:9:asm330lhh_den_enable_set	24	static
../Thrid/asm330/asm330lhh_reg.c:4021:9:asm330lhh_den_enable_get	24	static
../Thrid/asm330/asm330lhh_reg.c:4053:9:asm330lhh_den_mark_axis_x_set	24	static
../Thrid/asm330/asm330lhh_reg.c:4073:9:asm330lhh_den_mark_axis_x_get	24	static
../Thrid/asm330/asm330lhh_reg.c:4091:9:asm330lhh_den_mark_axis_y_set	24	static
../Thrid/asm330/asm330lhh_reg.c:4111:9:asm330lhh_den_mark_axis_y_get	24	static
../Thrid/asm330/asm330lhh_reg.c:4129:9:asm330lhh_den_mark_axis_z_set	24	static
../Thrid/asm330/asm330lhh_reg.c:4149:9:asm330lhh_den_mark_axis_z_get	24	static
