1680045 INFO  [PHY] TX_STARTED fast_reply IMM
1680047 INFO  [LINK] fast_reply=1 tx=0xE1F859D200
1680051 INFO  [LINK] RX type=32 src=0x0101 win=0
1680244 INFO  [PHY] TX_STARTED fast_reply IMM
1680247 INFO  [LINK] fast_reply=1 tx=0xE4F2616600
1680251 INFO  [LINK] RX type=32 src=0x0101 win=0
1680444 INFO  [PHY] TX_STARTED fast_reply IMM
1680447 INFO  [LINK] fast_reply=1 tx=0xE7EC79BE00
1680451 INFO  [LINK] RX type=32 src=0x0101 win=0
1680643 INFO  [PHY] TX_STARTED fast_reply IMM
1680646 INFO  [LINK] fast_reply=1 tx=0xEAE679E800
1680651 INFO  [LINK] RX type=32 src=0x0101 win=0
1680843 INFO  [PHY] TX_STARTED fast_reply IMM
1680846 INFO  [LINK] fast_reply=1 tx=0xEDE0798200
1680851 INFO  [LINK] RX type=32 src=0x0101 win=0
1681043 INFO  [PHY] TX_STARTED fast_reply IMM
1681045 INFO  [LINK] fast_reply=1 tx=0xF0DA655A00
1681051 INFO  [LINK] RX type=32 src=0x0101 win=0
1681242 INFO  [PHY] TX_STARTED fast_reply IMM
1681245 INFO  [LINK] fast_reply=1 tx=0xF3D45E8A00
1681251 INFO  [LINK] RX type=32 src=0x0101 win=0
1681442 INFO  [PHY] TX_STARTED fast_reply IMM
1681445 INFO  [LINK] fast_reply=1 tx=0xF6CE80C400
1681451 INFO  [LINK] RX type=32 src=0x0101 win=0
1681641 INFO  [PHY] TX_STARTED fast_reply IMM
1681644 INFO  [LINK] fast_reply=1 tx=0xF9C8756800
1681651 INFO  [LINK] RX type=32 src=0x0101 win=0
1681841 INFO  [PHY] TX_STARTED fast_reply IMM
1681844 INFO  [LINK] fast_reply=1 tx=0xFCC2770600
1681851 INFO  [LINK] RX type=32 src=0x0101 win=0
1682041 INFO  [PHY] TX_STARTED fast_reply IMM
1682044 INFO  [LINK] fast_reply=1 tx=0xFFBDF64000
1682051 INFO  [LINK] RX type=32 src=0x0101 win=0
1682240 INFO  [PHY] TX_STARTED fast_reply IMM
1682243 INFO  [LINK] fast_reply=1 tx=0x02B699A200
1682251 INFO  [LINK] RX type=32 src=0x0101 win=0
1682440 INFO  [PHY] TX_STARTED fast_reply IMM
1682442 INFO  [LINK] fast_reply=1 tx=0x05B07C9600
1682451 INFO  [LINK] RX type=32 src=0x0101 win=0
1682639 INFO  [PHY] TX_STARTED fast_reply IMM
1682642 INFO  [LINK] fast_reply=1 tx=0x08AA82B200
1682651 INFO  [LINK] RX type=32 src=0x0101 win=0
1682839 INFO  [PHY] TX_STARTED fast_reply IMM
1682841 INFO  [LINK] fast_reply=1 tx=0x0BA4743400
1682851 INFO  [LINK] RX type=32 src=0x0101 win=0
1683038 INFO  [PHY] TX_STARTED fast_reply IMM
1683041 INFO  [LINK] fast_reply=1 tx=0x0E9E65FA00
1683051 INFO  [LINK] RX type=32 src=0x0101 win=0
1683238 INFO  [PHY] TX_STARTED fast_reply IMM
1683241 INFO  [LINK] fast_reply=1 tx=0x11986D0800
1683251 INFO  [LINK] RX type=32 src=0x0101 win=0
1683315 WARN  [PHY] RX_ERR st=0x04800103 cnt=1
1683437 INFO  [PHY] TX_STARTED fast_reply IMM
1683440 INFO  [LINK] fast_reply=1 tx=0x14924C8800
1683451 INFO  [LINK] RX type=32 src=0x0101 win=0
1683637 INFO  [PHY] TX_STARTED fast_reply IMM
1683640 INFO  [LINK] fast_reply=1 tx=0x178C598600
1683651 INFO  [LINK] RX type=32 src=0x0101 win=0
1683837 INFO  [PHY] TX_STARTED fast_reply IMM
1683839 INFO  [LINK] fast_reply=1 tx=0x1A865EDE00
1683851 INFO  [LINK] RX type=32 src=0x0101 win=0
1684036 INFO  [PHY] TX_STARTED fast_reply IMM
1684039 INFO  [LINK] fast_reply=1 tx=0x1D80586600
1684051 INFO  [LINK] RX type=32 src=0x0101 win=0
1684236 INFO  [PHY] TX_STARTED fast_reply IMM
1684238 INFO  [LINK] fast_reply=1 tx=0x207A50F000
1684251 INFO  [LINK] RX type=32 src=0x0101 win=0
1684435 INFO  [PHY] TX_STARTED fast_reply IMM
1684438 INFO  [LINK] fast_reply=1 tx=0x237443D000
1684451 INFO  [LINK] RX type=32 src=0x0101 win=0
1684635 INFO  [PHY] TX_STARTED fast_reply IMM
1684638 INFO  [LINK] fast_reply=1 tx=0x266E404A00
1684651 INFO  [LINK] RX type=32 src=0x0101 win=0
1684834 INFO  [PHY] TX_STARTED fast_reply IMM
1684837 INFO  [LINK] fast_reply=1 tx=0x2968170000
1684851 INFO  [LINK] RX type=32 src=0x0101 win=0
1685034 INFO  [PHY] TX_STARTED fast_reply IMM
1685037 INFO  [LINK] fast_reply=1 tx=0x2C621DC400
1685051 INFO  [LINK] RX type=32 src=0x0101 win=0
1685233 INFO  [PHY] TX_STARTED fast_reply IMM
1685236 INFO  [LINK] fast_reply=1 tx=0x2F5C084A00
1685251 INFO  [LINK] RX type=32 src=0x0101 win=0
1685433 INFO  [PHY] TX_STARTED fast_reply IMM
1685436 INFO  [LINK] fast_reply=1 tx=0x3255F89400
1685451 INFO  [LINK] RX type=32 src=0x0101 win=0
1685632 INFO  [PHY] TX_STARTED fast_reply IMM
1685635 INFO  [LINK] fast_reply=1 tx=0x354FEBC600
1685651 INFO  [LINK] RX type=32 src=0x0101 win=0
1685832 INFO  [PHY] TX_STARTED fast_reply IMM
1685835 INFO  [LINK] fast_reply=1 tx=0x3849E4E000
1685851 INFO  [LINK] RX type=32 src=0x0101 win=0
1686032 INFO  [PHY] TX_STARTED fast_reply IMM
1686034 INFO  [LINK] fast_reply=1 tx=0x3B43E4AA00
1686051 INFO  [LINK] RX type=32 src=0x0101 win=0
1686231 INFO  [PHY] TX_STARTED fast_reply IMM
1686234 INFO  [LINK] fast_reply=1 tx=0x3E3DD3A400
1686251 INFO  [LINK] RX type=32 src=0x0101 win=0
1686431 INFO  [PHY] TX_STARTED fast_reply IMM
1686434 INFO  [LINK] fast_reply=1 tx=0x4137D9D200
1686451 INFO  [LINK] RX type=32 src=0x0101 win=0
1686630 INFO  [PHY] TX_STARTED fast_reply IMM
1686633 INFO  [LINK] fast_reply=1 tx=0x4431C71E00
1686651 INFO  [LINK] RX type=32 src=0x0101 win=0
1686830 INFO  [PHY] TX_STARTED fast_reply IMM
1686833 INFO  [LINK] fast_reply=1 tx=0x472BC85400
1686851 INFO  [LINK] RX type=32 src=0x0101 win=0
1687029 INFO  [PHY] TX_STARTED fast_reply IMM
1687032 INFO  [LINK] fast_reply=1 tx=0x4A25B50400
1687051 INFO  [LINK] RX type=32 src=0x0101 win=0
1687229 INFO  [PHY] TX_STARTED fast_reply IMM
1687232 INFO  [LINK] fast_reply=1 tx=0x4D1FB8FE00
1687251 INFO  [LINK] RX type=32 src=0x0101 win=0
1687428 INFO  [PHY] TX_STARTED fast_reply IMM
1687431 INFO  [LINK] fast_reply=1 tx=0x5019AB6200
1687451 INFO  [LINK] RX type=32 src=0x0101 win=0
1687628 INFO  [PHY] TX_STARTED fast_reply IMM
1687631 INFO  [LINK] fast_reply=1 tx=0x53151A9C00
1687651 INFO  [LINK] RX type=32 src=0x0101 win=0
1687828 INFO  [PHY] TX_STARTED fast_reply IMM
1687830 INFO  [LINK] fast_reply=1 tx=0x560DE48A00
1687851 INFO  [LINK] RX type=32 src=0x0101 win=0
1688027 INFO  [PHY] TX_STARTED fast_reply IMM
1688030 INFO  [LINK] fast_reply=1 tx=0x5907741E00
1688051 INFO  [LINK] RX type=32 src=0x0101 win=0
1688227 INFO  [PHY] TX_STARTED fast_reply IMM
1688229 INFO  [LINK] fast_reply=1 tx=0x5C0161FE00
1688251 INFO  [LINK] RX type=32 src=0x0101 win=0
1688426 INFO  [PHY] TX_STARTED fast_reply IMM
1688429 INFO  [LINK] fast_reply=1 tx=0x5EFB4B9000
1688451 INFO  [LINK] RX type=32 src=0x0101 win=0
1688626 INFO  [PHY] TX_STARTED fast_reply IMM
1688628 INFO  [LINK] fast_reply=1 tx=0x61F541EE00
1688651 INFO  [LINK] RX type=32 src=0x0101 win=0
1688820 WARN  [PHY] RX_ERR st=0x04800103 cnt=1
1688825 INFO  [PHY] TX_STARTED fast_reply IMM
1688828 INFO  [LINK] fast_reply=1 tx=0x64EF4F8400
1688851 INFO  [LINK] RX type=32 src=0x0101 win=0
1689025 INFO  [PHY] TX_STARTED fast_reply IMM
1689028 INFO  [LINK] fast_reply=1 tx=0x67E9686800
1689051 INFO  [LINK] RX type=32 src=0x0101 win=0
1689224 INFO  [PHY] TX_STARTED fast_reply IMM
1689227 INFO  [LINK] fast_reply=1 tx=0x6AE357EE00
1689251 INFO  [LINK] RX type=32 src=0x0101 win=0
1689424 INFO  [PHY] TX_STARTED fast_reply IMM
1689427 INFO  [LINK] fast_reply=1 tx=0x6DDD644800
1689451 INFO  [LINK] RX type=32 src=0x0101 win=0
1689623 INFO  [PHY] TX_STARTED fast_reply IMM
1689626 INFO  [LINK] fast_reply=1 tx=0x70D75C1A00
1689651 INFO  [LINK] RX type=32 src=0x0101 win=0
1689823 INFO  [PHY] TX_STARTED fast_reply IMM
1689826 INFO  [LINK] fast_reply=1 tx=0x73D16D8000
1689851 INFO  [LINK] RX type=32 src=0x0101 win=0
1690022 INFO  [PHY] TX_STARTED fast_reply IMM
1690025 INFO  [LINK] fast_reply=1 tx=0x76CB70F600
1690051 INFO  [LINK] RX type=32 src=0x0101 win=0
1690222 INFO  [PHY] TX_STARTED fast_reply IMM
1690225 INFO  [LINK] fast_reply=1 tx=0x79C573B600
1690251 INFO  [LINK] RX type=32 src=0x0101 win=0
1690422 INFO  [PHY] TX_STARTED fast_reply IMM
1690424 INFO  [LINK] fast_reply=1 tx=0x7CBF6D5A00
1690451 INFO  [LINK] RX type=32 src=0x0101 win=0
1690621 INFO  [PHY] TX_STARTED fast_reply IMM
1690624 INFO  [LINK] fast_reply=1 tx=0x7FB9520800
1690651 INFO  [LINK] RX type=32 src=0x0101 win=0
1690821 INFO  [PHY] TX_STARTED fast_reply IMM
1690823 INFO  [LINK] fast_reply=1 tx=0x82B3539E00
1690851 INFO  [LINK] RX type=32 src=0x0101 win=0
1691020 INFO  [PHY] TX_STARTED fast_reply IMM
1691023 INFO  [LINK] fast_reply=1 tx=0x85AD422200
1691051 INFO  [LINK] RX type=32 src=0x0101 win=0
1691220 INFO  [PHY] TX_STARTED fast_reply IMM
1691222 INFO  [LINK] fast_reply=1 tx=0x88A73ADC00
1691251 INFO  [LINK] RX type=32 src=0x0101 win=0
1691419 INFO  [PHY] TX_STARTED fast_reply IMM
1691422 INFO  [LINK] fast_reply=1 tx=0x8BA12A4E00
1691451 INFO  [LINK] RX type=32 src=0x0101 win=0
1691619 INFO  [PHY] TX_STARTED fast_reply IMM
1691621 INFO  [LINK] fast_reply=1 tx=0x8E9B1DC400
1691651 INFO  [LINK] RX type=32 src=0x0101 win=0
1691818 INFO  [PHY] TX_STARTED fast_reply IMM
1691821 INFO  [LINK] fast_reply=1 tx=0x9195144800
1691851 INFO  [LINK] RX type=32 src=0x0101 win=0
1692018 INFO  [PHY] TX_STARTED fast_reply IMM
1692021 INFO  [LINK] fast_reply=1 tx=0x948F06B200
1692051 INFO  [LINK] RX type=32 src=0x0101 win=0
1692217 INFO  [PHY] TX_STARTED fast_reply IMM
1692220 INFO  [LINK] fast_reply=1 tx=0x9788E57200
1692251 INFO  [LINK] RX type=32 src=0x0101 win=0
1692417 INFO  [PHY] TX_STARTED fast_reply IMM
1692420 INFO  [LINK] fast_reply=1 tx=0x9A82CF2C00
1692451 INFO  [LINK] RX type=32 src=0x0101 win=0
1692616 INFO  [PHY] TX_STARTED fast_reply IMM
1692619 INFO  [LINK] fast_reply=1 tx=0x9D7CA7AE00
1692651 INFO  [LINK] RX type=32 src=0x0101 win=0
1692816 INFO  [PHY] TX_STARTED fast_reply IMM
1692819 INFO  [LINK] fast_reply=1 tx=0xA07687DE00
1692851 INFO  [LINK] RX type=32 src=0x0101 win=0
1693015 INFO  [PHY] TX_STARTED fast_reply IMM
1693018 INFO  [LINK] fast_reply=1 tx=0xA370689A00
1693051 INFO  [LINK] RX type=32 src=0x0101 win=0
1693215 INFO  [PHY] TX_STARTED fast_reply IMM
1693218 INFO  [LINK] fast_reply=1 tx=0xA66A5C6600
1693251 INFO  [LINK] RX type=32 src=0x0101 win=0
1693415 INFO  [PHY] TX_STARTED fast_reply IMM
1693418 INFO  [LINK] fast_reply=1 tx=0xA968051A00
1693451 INFO  [LINK] RX type=32 src=0x0101 win=0
1693615 INFO  [PHY] TX_STARTED fast_reply IMM
1693618 INFO  [LINK] fast_reply=1 tx=0xAC61F79200
1693651 INFO  [LINK] RX type=32 src=0x0101 win=0
1693814 INFO  [PHY] TX_STARTED fast_reply IMM
1693817 INFO  [LINK] fast_reply=1 tx=0xAF5BE88000
1693851 INFO  [LINK] RX type=32 src=0x0101 win=0
1694014 INFO  [PHY] TX_STARTED fast_reply IMM
1694017 INFO  [LINK] fast_reply=1 tx=0xB255D33A00
1694051 INFO  [LINK] RX type=32 src=0x0101 win=0
1694214 INFO  [PHY] TX_STARTED fast_reply IMM
1694216 INFO  [LINK] fast_reply=1 tx=0xB54FD58800
1694251 INFO  [LINK] RX type=32 src=0x0101 win=0
1694413 INFO  [PHY] TX_STARTED fast_reply IMM
1694416 INFO  [LINK] fast_reply=1 tx=0xB849D3D400
1694451 INFO  [LINK] RX type=32 src=0x0101 win=0
1694613 INFO  [PHY] TX_STARTED fast_reply IMM
1694615 INFO  [LINK] fast_reply=1 tx=0xBB43E23800
1694651 INFO  [LINK] RX type=32 src=0x0101 win=0
1694812 INFO  [PHY] TX_STARTED fast_reply IMM
1694815 INFO  [LINK] fast_reply=1 tx=0xBE3DE67200
1694851 INFO  [LINK] RX type=32 src=0x0101 win=0
1695012 INFO  [PHY] TX_STARTED fast_reply IMM
1695014 INFO  [LINK] fast_reply=1 tx=0xC137ECB800
1695051 INFO  [LINK] RX type=32 src=0x0101 win=0
1695211 INFO  [PHY] TX_STARTED fast_reply IMM
1695214 INFO  [LINK] fast_reply=1 tx=0xC431F9BE00
1695251 INFO  [LINK] RX type=32 src=0x0101 win=0
1695411 INFO  [PHY] TX_STARTED fast_reply IMM
1695414 INFO  [LINK] fast_reply=1 tx=0xC72BFE8800
1695451 INFO  [LINK] RX type=32 src=0x0101 win=0
1695610 INFO  [PHY] TX_STARTED fast_reply IMM
1695613 INFO  [LINK] fast_reply=1 tx=0xCA25F12800
1695651 INFO  [LINK] RX type=32 src=0x0101 win=0
1695810 INFO  [PHY] TX_STARTED fast_reply IMM
1695813 INFO  [LINK] fast_reply=1 tx=0xCD1FFFEA00
1695851 INFO  [LINK] RX type=32 src=0x0101 win=0
1696009 INFO  [PHY] TX_STARTED fast_reply IMM
1696012 INFO  [LINK] fast_reply=1 tx=0xD01A075000
1696051 INFO  [LINK] RX type=32 src=0x0101 win=0
1696209 INFO  [PHY] TX_STARTED fast_reply IMM
1696212 INFO  [LINK] fast_reply=1 tx=0xD314320E00
1696251 INFO  [LINK] RX type=32 src=0x0101 win=0
1696408 INFO  [PHY] TX_STARTED fast_reply IMM
1696411 INFO  [LINK] fast_reply=1 tx=0xD60E32F400
1696451 INFO  [LINK] RX type=32 src=0x0101 win=0
1696608 INFO  [PHY] TX_STARTED fast_reply IMM
1696611 INFO  [LINK] fast_reply=1 tx=0xD908421000
1696651 INFO  [LINK] RX type=32 src=0x0101 win=0
1696807 INFO  [PHY] TX_STARTED fast_reply IMM
1696810 INFO  [LINK] fast_reply=1 tx=0xDC0241C600
1696851 INFO  [LINK] RX type=32 src=0x0101 win=0
1697007 INFO  [PHY] TX_STARTED fast_reply IMM
1697010 INFO  [LINK] fast_reply=1 tx=0xDEFC51FA00
1697051 INFO  [LINK] RX type=32 src=0x0101 win=0
1697206 INFO  [PHY] TX_STARTED fast_reply IMM
1697209 INFO  [LINK] fast_reply=1 tx=0xE1F66FA800
1697251 INFO  [LINK] RX type=32 src=0x0101 win=0
1697406 INFO  [PHY] TX_STARTED fast_reply IMM
1697409 INFO  [LINK] fast_reply=1 tx=0xE4F0816C00
1697451 INFO  [LINK] RX type=32 src=0x0101 win=0
1697606 INFO  [PHY] TX_STARTED fast_reply IMM
1697609 INFO  [LINK] fast_reply=1 tx=0xE7EB1AA800
1697651 INFO  [LINK] RX type=32 src=0x0101 win=0
1697805 INFO  [PHY] TX_STARTED fast_reply IMM
1697808 INFO  [LINK] fast_reply=1 tx=0xEAE48D0E00
1697851 INFO  [LINK] RX type=32 src=0x0101 win=0
1698005 INFO  [PHY] TX_STARTED fast_reply IMM
1698007 INFO  [LINK] fast_reply=1 tx=0xEDDE898600
1698051 INFO  [LINK] RX type=32 src=0x0101 win=0
1698204 INFO  [PHY] TX_STARTED fast_reply IMM
1698207 INFO  [LINK] fast_reply=1 tx=0xF0D8874800
1698251 INFO  [LINK] RX type=32 src=0x0101 win=0
1698404 INFO  [PHY] TX_STARTED fast_reply IMM
1698407 INFO  [LINK] fast_reply=1 tx=0xF3D2A36600
1698451 INFO  [LINK] RX type=32 src=0x0101 win=0
1698603 INFO  [PHY] TX_STARTED fast_reply IMM
1698606 INFO  [LINK] fast_reply=1 tx=0xF6CC91DA00
1698651 INFO  [LINK] RX type=32 src=0x0101 win=0
1698803 INFO  [PHY] TX_STARTED fast_reply IMM
1698806 INFO  [LINK] fast_reply=1 tx=0xF9C6A9DA00
1698851 INFO  [LINK] RX type=32 src=0x0101 win=0
1699002 INFO  [PHY] TX_STARTED fast_reply IMM
1699005 INFO  [LINK] fast_reply=1 tx=0xFCC08EE800
1699051 INFO  [LINK] RX type=32 src=0x0101 win=0
1699202 INFO  [PHY] TX_STARTED fast_reply IMM
1699205 INFO  [LINK] fast_reply=1 tx=0xFFBA850C00
1699251 INFO  [LINK] RX type=32 src=0x0101 win=0
1699401 INFO  [PHY] TX_STARTED fast_reply IMM
1699404 INFO  [LINK] fast_reply=1 tx=0x02B46C8A00
1699451 INFO  [LINK] RX type=32 src=0x0101 win=0
1699601 INFO  [PHY] TX_STARTED fast_reply IMM
1699604 INFO  [LINK] fast_reply=1 tx=0x05AE798C00
1699651 INFO  [LINK] RX type=32 src=0x0101 win=0
1699800 INFO  [PHY] TX_STARTED fast_reply IMM
1699801 INFO  [LINK] RX type=32 src=0x0101 win=0
1699803 INFO  [LINK] fast_reply=1 tx=0x08A882FA00
1699973 WARN  [PHY] RX_ERR st=0x04800103 cnt=1
1700000 INFO  [PHY] TX_STARTED fast_reply IMM
1700001 INFO  [LINK] RX type=32 src=0x0101 win=0
1700003 INFO  [LINK] fast_reply=1 tx=0x0BA2889600
1700200 INFO  [PHY] TX_STARTED fast_reply IMM
1700201 INFO  [LINK] RX type=32 src=0x0101 win=0
1700202 INFO  [LINK] fast_reply=1 tx=0x0E9C786A00
1700399 INFO  [PHY] TX_STARTED fast_reply IMM
1700401 INFO  [LINK] RX type=32 src=0x0101 win=0
1700402 INFO  [LINK] fast_reply=1 tx=0x1196539400
1700599 INFO  [PHY] TX_STARTED fast_reply IMM
1700601 INFO  [LINK] RX type=32 src=0x0101 win=0
1700601 INFO  [LINK] fast_reply=1 tx=0x14902E2800
1700734 WARN  [PHY] RX_ERR st=0x04800103 cnt=1
1700798 INFO  [PHY] TX_STARTED fast_reply IMM
1700801 INFO  [LINK] RX type=32 src=0x0101 win=0
1700801 INFO  [LINK] fast_reply=1 tx=0x178A093400
1700998 INFO  [PHY] TX_STARTED fast_reply IMM
1701000 INFO  [LINK] fast_reply=1 tx=0x1A83EE0600
1701001 INFO  [LINK] RX type=32 src=0x0101 win=0
1701197 INFO  [PHY] TX_STARTED fast_reply IMM
1701200 INFO  [LINK] fast_reply=1 tx=0x1D7DDA0600
1701201 INFO  [LINK] RX type=32 src=0x0101 win=0
1701397 INFO  [PHY] TX_STARTED fast_reply IMM
1701400 INFO  [LINK] fast_reply=1 tx=0x2077D6BE00
1701401 INFO  [LINK] RX type=32 src=0x0101 win=0
1701596 INFO  [PHY] TX_STARTED fast_reply IMM
1701599 INFO  [LINK] fast_reply=1 tx=0x2371D67400
1701601 INFO  [LINK] RX type=32 src=0x0101 win=0
1701796 INFO  [PHY] TX_STARTED fast_reply IMM
1701799 INFO  [LINK] fast_reply=1 tx=0x266BF90400
1701801 INFO  [LINK] RX type=32 src=0x0101 win=0
1701995 INFO  [PHY] TX_STARTED fast_reply IMM
1701998 INFO  [LINK] fast_reply=1 tx=0x2965F7A800
1702001 INFO  [LINK] RX type=32 src=0x0101 win=0
1702195 INFO  [PHY] TX_STARTED fast_reply IMM
1702198 INFO  [LINK] fast_reply=1 tx=0x2C5FF7CC00
1702201 INFO  [LINK] RX type=32 src=0x0101 win=0
1702395 INFO  [PHY] TX_STARTED fast_reply IMM
1702397 INFO  [LINK] fast_reply=1 tx=0x2F59E2AC00
1702401 INFO  [LINK] RX type=32 src=0x0101 win=0
1702594 INFO  [PHY] TX_STARTED fast_reply IMM
1702597 INFO  [LINK] fast_reply=1 tx=0x3253B6EA00
1702601 INFO  [LINK] RX type=32 src=0x0101 win=0
1702760 WARN  [PHY] RX_ERR st=0x04800103 cnt=1
1702794 INFO  [PHY] TX_STARTED fast_reply IMM
1702796 INFO  [LINK] fast_reply=1 tx=0x354D9EC200
1702801 INFO  [LINK] RX type=32 src=0x0101 win=0
1702993 INFO  [PHY] TX_STARTED fast_reply IMM
1702996 INFO  [LINK] fast_reply=1 tx=0x3847973C00
1703001 INFO  [LINK] RX type=32 src=0x0101 win=0
1703193 INFO  [PHY] TX_STARTED fast_reply IMM
1703196 INFO  [LINK] fast_reply=1 tx=0x3B42F9AA00
1703201 INFO  [LINK] RX type=32 src=0x0101 win=0
1703392 INFO  [PHY] TX_STARTED fast_reply IMM
1703395 INFO  [LINK] fast_reply=1 tx=0x3E3BBE5800
1703401 INFO  [LINK] RX type=32 src=0x0101 win=0
1703592 INFO  [PHY] TX_STARTED fast_reply IMM
1703595 INFO  [LINK] fast_reply=1 tx=0x4135699400
1703601 INFO  [LINK] RX type=32 src=0x0101 win=0
1703791 INFO  [PHY] TX_STARTED fast_reply IMM
1703794 INFO  [LINK] fast_reply=1 tx=0x442F5C2400
1703801 INFO  [LINK] RX type=32 src=0x0101 win=0
1703991 INFO  [PHY] TX_STARTED fast_reply IMM
1703994 INFO  [LINK] fast_reply=1 tx=0x472969F400
1704001 INFO  [LINK] RX type=32 src=0x0101 win=0
1704191 INFO  [PHY] TX_STARTED fast_reply IMM
1704193 INFO  [LINK] fast_reply=1 tx=0x4A2366BE00
1704201 INFO  [LINK] RX type=32 src=0x0101 win=0
1704326 WARN  [PHY] RX_ERR st=0x04800103 cnt=1
1704390 INFO  [PHY] TX_STARTED fast_reply IMM
1704393 INFO  [LINK] fast_reply=1 tx=0x4D1D5C3600
1704401 INFO  [LINK] RX type=32 src=0x0101 win=0
1704590 INFO  [PHY] TX_STARTED fast_reply IMM
1704592 INFO  [LINK] fast_reply=1 tx=0x5017584400
1704601 INFO  [LINK] RX type=32 src=0x0101 win=0
1704789 INFO  [PHY] TX_STARTED fast_reply IMM
1704792 INFO  [LINK] fast_reply=1 tx=0x5311538800
1704801 INFO  [LINK] RX type=32 src=0x0101 win=0
1704989 INFO  [PHY] TX_STARTED fast_reply IMM
1704992 INFO  [LINK] fast_reply=1 tx=0x560B3A2000
1705001 INFO  [LINK] RX type=32 src=0x0101 win=0
1705188 INFO  [PHY] TX_STARTED fast_reply IMM
1705191 INFO  [LINK] fast_reply=1 tx=0x59051FCA00
1705201 INFO  [LINK] RX type=32 src=0x0101 win=0
1705388 INFO  [PHY] TX_STARTED fast_reply IMM
1705391 INFO  [LINK] fast_reply=1 tx=0x5BFF06CC00
1705401 INFO  [LINK] RX type=32 src=0x0101 win=0
1705587 INFO  [PHY] TX_STARTED fast_reply IMM
1705590 INFO  [LINK] fast_reply=1 tx=0x5EF8E8D000
1705601 INFO  [LINK] RX type=32 src=0x0101 win=0
1705787 INFO  [PHY] TX_STARTED fast_reply IMM
1705790 INFO  [LINK] fast_reply=1 tx=0x61F2E32000
1705801 INFO  [LINK] RX type=32 src=0x0101 win=0
1705986 INFO  [PHY] TX_STARTED fast_reply IMM
1705989 INFO  [LINK] fast_reply=1 tx=0x64ECE30600
1706001 INFO  [LINK] RX type=32 src=0x0101 win=0
1706186 INFO  [PHY] TX_STARTED fast_reply IMM
1706189 INFO  [LINK] fast_reply=1 tx=0x67E7019C00
1706201 INFO  [LINK] RX type=32 src=0x0101 win=0
1706385 INFO  [PHY] TX_STARTED fast_reply IMM
1706388 INFO  [LINK] fast_reply=1 tx=0x6AE10F8200
1706401 INFO  [LINK] RX type=32 src=0x0101 win=0
1706585 INFO  [PHY] TX_STARTED fast_reply IMM
1706588 INFO  [LINK] fast_reply=1 tx=0x6DDB2A8600
1706601 INFO  [LINK] RX type=32 src=0x0101 win=0
1706785 INFO  [PHY] TX_STARTED fast_reply IMM
1706787 INFO  [LINK] fast_reply=1 tx=0x70D5527C00
1706801 INFO  [LINK] RX type=32 src=0x0101 win=0
1706984 INFO  [PHY] TX_STARTED fast_reply IMM
1706987 INFO  [LINK] fast_reply=1 tx=0x73CF833C00
1707001 INFO  [LINK] RX type=32 src=0x0101 win=0
1707184 INFO  [PHY] TX_STARTED fast_reply IMM
1707187 INFO  [LINK] fast_reply=1 tx=0x76C9A19C00
1707201 INFO  [LINK] RX type=32 src=0x0101 win=0
1707383 INFO  [PHY] TX_STARTED fast_reply IMM
1707386 INFO  [LINK] fast_reply=1 tx=0x79C3BD5800
1707401 INFO  [LINK] RX type=32 src=0x0101 win=0
1707583 INFO  [PHY] TX_STARTED fast_reply IMM
1707586 INFO  [LINK] fast_reply=1 tx=0x7CBDD70200
1707601 INFO  [LINK] RX type=32 src=0x0101 win=0
1707782 INFO  [PHY] TX_STARTED fast_reply IMM
1707785 INFO  [LINK] fast_reply=1 tx=0x7FB7EA0200
1707801 INFO  [LINK] RX type=32 src=0x0101 win=0
1707982 INFO  [PHY] TX_STARTED fast_reply IMM
1707985 INFO  [LINK] fast_reply=1 tx=0x82B1FD0600
1708001 INFO  [LINK] RX type=32 src=0x0101 win=0
1708182 INFO  [PHY] TX_STARTED fast_reply IMM
1708184 INFO  [LINK] fast_reply=1 tx=0x85AC11BA00
1708201 INFO  [LINK] RX type=32 src=0x0101 win=0
1708382 INFO  [PHY] TX_STARTED fast_reply IMM
1708384 INFO  [LINK] fast_reply=1 tx=0x88A78F7E00
1708401 INFO  [LINK] RX type=32 src=0x0101 win=0
1708581 INFO  [PHY] TX_STARTED fast_reply IMM
1708584 INFO  [LINK] fast_reply=1 tx=0x8BA0660200
1708601 INFO  [LINK] RX type=32 src=0x0101 win=0
1708712 WARN  [PHY] RX_ERR st=0x04800103 cnt=1
1708780 INFO  [PHY] TX_STARTED fast_reply IMM
1708783 INFO  [LINK] fast_reply=1 tx=0x8E99F03E00
1708801 INFO  [LINK] RX type=32 src=0x0101 win=0
1708980 INFO  [PHY] TX_STARTED fast_reply IMM
1708983 INFO  [LINK] fast_reply=1 tx=0x9193FE2800
1709001 INFO  [LINK] RX type=32 src=0x0101 win=0
1709179 INFO  [PHY] TX_STARTED fast_reply IMM
1709182 INFO  [LINK] fast_reply=1 tx=0x948DFBF600
1709201 INFO  [LINK] RX type=32 src=0x0101 win=0
1709379 INFO  [PHY] TX_STARTED fast_reply IMM
1709382 INFO  [LINK] fast_reply=1 tx=0x97880F4C00
1709401 INFO  [LINK] RX type=32 src=0x0101 win=0
1709579 INFO  [PHY] TX_STARTED fast_reply IMM
1709581 INFO  [LINK] fast_reply=1 tx=0x9A82274800
1709601 INFO  [LINK] RX type=32 src=0x0101 win=0
1709778 INFO  [PHY] TX_STARTED fast_reply IMM
1709781 INFO  [LINK] fast_reply=1 tx=0x9D7C2EB400
1709801 INFO  [LINK] RX type=32 src=0x0101 win=0
1709978 INFO  [PHY] TX_STARTED fast_reply IMM
1709981 INFO  [LINK] fast_reply=1 tx=0xA0764CB200
1710001 INFO  [LINK] RX type=32 src=0x0101 win=0
1710177 INFO  [PHY] TX_STARTED fast_reply IMM
1710180 INFO  [LINK] fast_reply=1 tx=0xA370602600
1710201 INFO  [LINK] RX type=32 src=0x0101 win=0
1710377 INFO  [PHY] TX_STARTED fast_reply IMM
1710380 INFO  [LINK] fast_reply=1 tx=0xA66A763800
1710401 INFO  [LINK] RX type=32 src=0x0101 win=0
1710577 INFO  [PHY] TX_STARTED fast_reply IMM
1710579 INFO  [LINK] fast_reply=1 tx=0xA9648DB600
1710601 INFO  [LINK] RX type=32 src=0x0101 win=0
1710776 INFO  [PHY] TX_STARTED fast_reply IMM
1710779 INFO  [LINK] fast_reply=1 tx=0xAC5E968600
1710801 INFO  [LINK] RX type=32 src=0x0101 win=0
