1691809 INFO  [LINK] TX_DONE win=8458 tx=0x58505F4C00
1691809 INFO  [LINK] RX type=33 src=0x0030 win=0
1691959 INFO  [LINK] preparing DISC_REQ tick=1691959
1691959 INFO  [PHY] CMD_TX slot=0 win=0
1691959 INFO  [PHY] TX_STARTED imm=1
1691959 INFO  [LINK] DISC_REQ win=8459 seq=10
1692009 INFO  [LINK] TX_DONE win=8459 tx=0x5B4A74B200
1692009 INFO  [LINK] RX type=33 src=0x0030 win=0
1692159 INFO  [LINK] preparing DISC_REQ tick=1692159
1692159 INFO  [PHY] CMD_TX slot=0 win=0
1692159 INFO  [PHY] TX_STARTED imm=1
1692159 INFO  [LINK] DISC_REQ win=8460 seq=11
1692209 INFO  [LINK] TX_DONE win=8460 tx=0x5E447D3400
1692209 INFO  [LINK] RX type=33 src=0x0030 win=0
1692359 INFO  [LINK] preparing DISC_REQ tick=1692359
1692359 INFO  [PHY] CMD_TX slot=0 win=0
1692359 INFO  [PHY] TX_STARTED imm=1
1692359 INFO  [LINK] DISC_REQ win=8461 seq=12
1692409 INFO  [LINK] TX_DONE win=8461 tx=0x613E880600
1692409 INFO  [LINK] RX type=33 src=0x0030 win=0
1692559 INFO  [LINK] preparing DISC_REQ tick=1692559
1692559 INFO  [PHY] CMD_TX slot=0 win=0
1692559 INFO  [PHY] TX_STARTED imm=1
1692559 INFO  [LINK] DISC_REQ win=8462 seq=13
1692609 INFO  [LINK] TX_DONE win=8462 tx=0x6438947E00
1692609 INFO  [LINK] RX type=33 src=0x0030 win=0
1692759 INFO  [LINK] preparing DISC_REQ tick=1692759
1692759 INFO  [PHY] CMD_TX slot=0 win=0
1692759 INFO  [PHY] TX_STARTED imm=1
1692759 INFO  [LINK] DISC_REQ win=8463 seq=14
1692809 INFO  [LINK] TX_DONE win=8463 tx=0x6732937000
1692809 INFO  [LINK] RX type=33 src=0x0030 win=0
1692959 INFO  [LINK] preparing DISC_REQ tick=1692959
1692959 INFO  [PHY] CMD_TX slot=0 win=0
1692959 INFO  [PHY] TX_STARTED imm=1
1692959 INFO  [LINK] DISC_REQ win=8464 seq=15
1693009 INFO  [LINK] TX_DONE win=8464 tx=0x6A2C7D1600
1693009 INFO  [LINK] RX type=33 src=0x0030 win=0
1693159 INFO  [LINK] preparing DISC_REQ tick=1693159
1693159 INFO  [PHY] CMD_TX slot=0 win=0
1693159 INFO  [PHY] TX_STARTED imm=1
1693159 INFO  [LINK] DISC_REQ win=8465 seq=16
1693209 INFO  [LINK] TX_DONE win=8465 tx=0x6D26775600
1693209 INFO  [LINK] RX type=33 src=0x0030 win=0
1693359 INFO  [LINK] preparing DISC_REQ tick=1693359
1693359 INFO  [PHY] CMD_TX slot=0 win=0
1693359 INFO  [PHY] TX_STARTED imm=1
1693359 INFO  [LINK] DISC_REQ win=8466 seq=17
1693409 INFO  [LINK] TX_DONE win=8466 tx=0x70208BF000
1693409 INFO  [LINK] RX type=33 src=0x0030 win=0
1693559 INFO  [LINK] preparing DISC_REQ tick=1693559
1693559 INFO  [PHY] CMD_TX slot=0 win=0
1693559 INFO  [PHY] TX_STARTED imm=1
1693559 INFO  [LINK] DISC_REQ win=8467 seq=18
1693609 INFO  [LINK] TX_DONE win=8467 tx=0x731A8CE800
1693609 INFO  [LINK] RX type=33 src=0x0030 win=0
1693759 INFO  [LINK] preparing DISC_REQ tick=1693759
1693759 INFO  [PHY] CMD_TX slot=0 win=0
1693759 INFO  [PHY] TX_STARTED imm=1
1693760 INFO  [LINK] DISC_REQ win=8468 seq=19
1693809 INFO  [LINK] TX_DONE win=8468 tx=0x76148DE800
1693809 INFO  [LINK] RX type=33 src=0x0030 win=0
1693959 INFO  [LINK] preparing DISC_REQ tick=1693959
1693959 INFO  [PHY] CMD_TX slot=0 win=0
1693960 INFO  [PHY] TX_STARTED imm=1
1693960 INFO  [LINK] DISC_REQ win=8469 seq=20
1694009 INFO  [LINK] TX_DONE win=8469 tx=0x79100C9000
1694009 INFO  [LINK] RX type=33 src=0x0030 win=0
1694159 INFO  [LINK] preparing DISC_REQ tick=1694159
1694159 INFO  [PHY] CMD_TX slot=0 win=0
1694159 INFO  [PHY] TX_STARTED imm=1
1694160 INFO  [LINK] DISC_REQ win=8470 seq=21
1694209 INFO  [LINK] TX_DONE win=8470 tx=0x7C08AF4600
1694209 INFO  [LINK] RX type=33 src=0x0030 win=0
1694359 INFO  [LINK] preparing DISC_REQ tick=1694359
1694359 INFO  [PHY] CMD_TX slot=0 win=0
1694359 INFO  [PHY] TX_STARTED imm=1
1694359 INFO  [LINK] DISC_REQ win=8471 seq=22
1694409 INFO  [LINK] TX_DONE win=8471 tx=0x7F028FF200
1694409 INFO  [LINK] RX type=33 src=0x0030 win=0
1694559 INFO  [LINK] preparing DISC_REQ tick=1694559
1694559 INFO  [PHY] CMD_TX slot=0 win=0
1694559 INFO  [PHY] TX_STARTED imm=1
1694559 INFO  [LINK] DISC_REQ win=8472 seq=23
1694609 INFO  [LINK] TX_DONE win=8472 tx=0x81FC972A00
1694609 INFO  [LINK] RX type=33 src=0x0030 win=0
1694759 INFO  [LINK] preparing DISC_REQ tick=1694759
1694759 INFO  [PHY] CMD_TX slot=0 win=0
1694759 INFO  [PHY] TX_STARTED imm=1
1694759 INFO  [LINK] DISC_REQ win=8473 seq=24
1694809 INFO  [LINK] TX_DONE win=8473 tx=0x84F6864200
1694809 INFO  [LINK] RX type=33 src=0x0030 win=0
1694959 INFO  [LINK] preparing DISC_REQ tick=1694959
1694959 INFO  [PHY] CMD_TX slot=0 win=0
1694959 INFO  [PHY] TX_STARTED imm=1
1694959 INFO  [LINK] DISC_REQ win=8474 seq=25
1695009 INFO  [LINK] TX_DONE win=8474 tx=0x87F0793400
1695009 INFO  [LINK] RX type=33 src=0x0030 win=0
1695159 INFO  [LINK] preparing DISC_REQ tick=1695159
1695159 INFO  [PHY] CMD_TX slot=0 win=0
1695159 INFO  [PHY] TX_STARTED imm=1
1695159 INFO  [LINK] DISC_REQ win=8475 seq=26
1695209 INFO  [LINK] TX_DONE win=8475 tx=0x8AEA72C000
1695209 INFO  [LINK] RX type=33 src=0x0030 win=0
1695359 INFO  [LINK] preparing DISC_REQ tick=1695359
1695359 INFO  [PHY] CMD_TX slot=0 win=0
1695359 INFO  [PHY] TX_STARTED imm=1
1695359 INFO  [LINK] DISC_REQ win=8476 seq=27
1695409 INFO  [LINK] TX_DONE win=8476 tx=0x8DE45E9A00
1695409 INFO  [LINK] RX type=33 src=0x0030 win=0
1695559 INFO  [LINK] preparing DISC_REQ tick=1695559
1695559 INFO  [PHY] CMD_TX slot=0 win=0
1695559 INFO  [PHY] TX_STARTED imm=1
1695559 INFO  [LINK] DISC_REQ win=8477 seq=28
1695609 INFO  [LINK] TX_DONE win=8477 tx=0x90DE6AEC00
1695609 INFO  [LINK] RX type=33 src=0x0030 win=0
1695759 INFO  [LINK] preparing DISC_REQ tick=1695759
1695759 INFO  [PHY] CMD_TX slot=0 win=0
1695759 INFO  [PHY] TX_STARTED imm=1
1695759 INFO  [LINK] DISC_REQ win=8478 seq=29
1695809 INFO  [LINK] TX_DONE win=8478 tx=0x93D86DD200
1695809 INFO  [LINK] RX type=33 src=0x0030 win=0
1695959 INFO  [LINK] preparing DISC_REQ tick=1695959
1695959 INFO  [PHY] CMD_TX slot=0 win=0
1695959 INFO  [PHY] TX_STARTED imm=1
1695959 INFO  [LINK] DISC_REQ win=8479 seq=30
1696009 INFO  [LINK] TX_DONE win=8479 tx=0x96D2688800
1696009 INFO  [LINK] RX type=33 src=0x0030 win=0
1696159 INFO  [LINK] preparing DISC_REQ tick=1696159
1696159 INFO  [PHY] CMD_TX slot=0 win=0
1696159 INFO  [PHY] TX_STARTED imm=1
1696159 INFO  [LINK] DISC_REQ win=8480 seq=31
1696209 INFO  [LINK] TX_DONE win=8480 tx=0x99CC5EEA00
1696209 INFO  [LINK] RX type=33 src=0x0030 win=0
1696359 INFO  [LINK] preparing DISC_REQ tick=1696359
1696359 INFO  [PHY] CMD_TX slot=0 win=0
1696359 INFO  [PHY] TX_STARTED imm=1
1696359 INFO  [LINK] DISC_REQ win=8481 seq=32
1696409 INFO  [LINK] TX_DONE win=8481 tx=0x9CC652BA00
1696409 INFO  [LINK] RX type=33 src=0x0030 win=0
1696559 INFO  [LINK] preparing DISC_REQ tick=1696559
1696559 INFO  [PHY] CMD_TX slot=0 win=0
1696559 INFO  [PHY] TX_STARTED imm=1
1696559 INFO  [LINK] DISC_REQ win=8482 seq=33
1696609 INFO  [LINK] TX_DONE win=8482 tx=0x9FC03E6800
1696609 INFO  [LINK] RX type=33 src=0x0030 win=0
1696759 INFO  [LINK] preparing DISC_REQ tick=1696759
1696759 INFO  [PHY] CMD_TX slot=0 win=0
1696759 INFO  [PHY] TX_STARTED imm=1
1696759 INFO  [LINK] DISC_REQ win=8483 seq=34
1696809 INFO  [LINK] TX_DONE win=8483 tx=0xA2BA24B600
1696809 INFO  [LINK] RX type=33 src=0x0030 win=0
1696959 INFO  [LINK] preparing DISC_REQ tick=1696959
1696959 INFO  [PHY] CMD_TX slot=0 win=0
1696959 INFO  [PHY] TX_STARTED imm=1
1696959 INFO  [LINK] DISC_REQ win=8484 seq=35
1697009 INFO  [LINK] TX_DONE win=8484 tx=0xA5B41DC800
1697009 INFO  [LINK] RX type=33 src=0x0030 win=0
1697159 INFO  [LINK] preparing DISC_REQ tick=1697159
1697159 INFO  [PHY] CMD_TX slot=0 win=0
1697159 INFO  [PHY] TX_STARTED imm=1
1697159 INFO  [LINK] DISC_REQ win=8485 seq=36
1697209 INFO  [LINK] TX_DONE win=8485 tx=0xA8AE14D400
1697209 INFO  [LINK] RX type=33 src=0x0030 win=0
1697359 INFO  [LINK] preparing DISC_REQ tick=1697359
1697359 INFO  [PHY] CMD_TX slot=0 win=0
1697359 INFO  [PHY] TX_STARTED imm=1
1697359 INFO  [LINK] DISC_REQ win=8486 seq=37
1697409 INFO  [LINK] TX_DONE win=8486 tx=0xABA8046C00
1697409 INFO  [LINK] RX type=33 src=0x0030 win=0
1697559 INFO  [LINK] preparing DISC_REQ tick=1697559
1697559 INFO  [PHY] CMD_TX slot=0 win=0
1697559 INFO  [PHY] TX_STARTED imm=1
1697559 INFO  [LINK] DISC_REQ win=8487 seq=38
1697609 INFO  [LINK] TX_DONE win=8487 tx=0xAEA1F71200
1697609 INFO  [LINK] RX type=33 src=0x0030 win=0
1697759 INFO  [LINK] preparing DISC_REQ tick=1697759
1697759 INFO  [PHY] CMD_TX slot=0 win=0
1697759 INFO  [PHY] TX_STARTED imm=1
1697759 INFO  [LINK] DISC_REQ win=8488 seq=39
1697809 INFO  [LINK] TX_DONE win=8488 tx=0xB19BEF7A00
1697809 INFO  [LINK] RX type=33 src=0x0030 win=0
1697959 INFO  [LINK] preparing DISC_REQ tick=1697959
1697959 INFO  [PHY] CMD_TX slot=0 win=0
1697959 INFO  [PHY] TX_STARTED imm=1
1697959 INFO  [LINK] DISC_REQ win=8489 seq=40
1698009 INFO  [LINK] TX_DONE win=8489 tx=0xB495ED2400
1698009 INFO  [LINK] RX type=33 src=0x0030 win=0
1698159 INFO  [LINK] preparing DISC_REQ tick=1698159
1698159 INFO  [PHY] CMD_TX slot=0 win=0
1698159 INFO  [PHY] TX_STARTED imm=1
1698159 INFO  [LINK] DISC_REQ win=8490 seq=41
1698209 INFO  [LINK] TX_DONE win=8490 tx=0xB78FDD2800
1698209 INFO  [LINK] RX type=33 src=0x0030 win=0
1698359 INFO  [LINK] preparing DISC_REQ tick=1698359
1698359 INFO  [PHY] CMD_TX slot=0 win=0
1698359 INFO  [PHY] TX_STARTED imm=1
1698359 INFO  [LINK] DISC_REQ win=8491 seq=42
1698409 INFO  [LINK] TX_DONE win=8491 tx=0xBA89D5DA00
1698409 INFO  [LINK] RX type=33 src=0x0030 win=0
1698559 INFO  [LINK] preparing DISC_REQ tick=1698559
1698559 INFO  [PHY] CMD_TX slot=0 win=0
1698559 INFO  [PHY] TX_STARTED imm=1
1698559 INFO  [LINK] DISC_REQ win=8492 seq=43
1698609 INFO  [LINK] TX_DONE win=8492 tx=0xBD83CF5C00
1698609 INFO  [LINK] RX type=33 src=0x0030 win=0
1698759 INFO  [LINK] preparing DISC_REQ tick=1698759
1698759 INFO  [PHY] CMD_TX slot=0 win=0
1698759 INFO  [PHY] TX_STARTED imm=1
1698759 INFO  [LINK] DISC_REQ win=8493 seq=44
1698809 INFO  [LINK] TX_DONE win=8493 tx=0xC07DC31000
1698809 INFO  [LINK] RX type=33 src=0x0030 win=0
1698959 INFO  [LINK] preparing DISC_REQ tick=1698959
1698959 INFO  [PHY] CMD_TX slot=0 win=0
1698959 INFO  [PHY] TX_STARTED imm=1
1698959 INFO  [LINK] DISC_REQ win=8494 seq=45
1699009 INFO  [LINK] TX_DONE win=8494 tx=0xC377BBFC00
1699009 INFO  [LINK] RX type=33 src=0x0030 win=0
1699159 INFO  [LINK] preparing DISC_REQ tick=1699159
1699159 INFO  [PHY] CMD_TX slot=0 win=0
1699159 INFO  [PHY] TX_STARTED imm=1
1699159 INFO  [LINK] DISC_REQ win=8495 seq=46
1699209 INFO  [LINK] TX_DONE win=8495 tx=0xC671BF6800
1699209 INFO  [LINK] RX type=33 src=0x0030 win=0
1699359 INFO  [LINK] preparing DISC_REQ tick=1699359
1699359 INFO  [PHY] CMD_TX slot=0 win=0
1699359 INFO  [PHY] TX_STARTED imm=1
1699360 INFO  [LINK] DISC_REQ win=8496 seq=47
1699409 INFO  [LINK] TX_DONE win=8496 tx=0xC96BB12A00
1699409 INFO  [LINK] RX type=33 src=0x0030 win=0
1699559 INFO  [LINK] preparing DISC_REQ tick=1699559
1699559 INFO  [PHY] CMD_TX slot=0 win=0
1699560 INFO  [PHY] TX_STARTED imm=1
1699560 INFO  [LINK] DISC_REQ win=8497 seq=48
1699609 INFO  [LINK] TX_DONE win=8497 tx=0xCC671FD000
1699609 INFO  [LINK] RX type=33 src=0x0030 win=0
1699759 INFO  [LINK] preparing DISC_REQ tick=1699759
1699759 INFO  [PHY] CMD_TX slot=0 win=0
1699759 INFO  [PHY] TX_STARTED imm=1
1699760 INFO  [LINK] DISC_REQ win=8498 seq=49
1699809 INFO  [LINK] TX_DONE win=8498 tx=0xCF5FE77A00
1699809 INFO  [LINK] RX type=33 src=0x0030 win=0
1699959 INFO  [LINK] preparing DISC_REQ tick=1699959
1699959 INFO  [PHY] CMD_TX slot=0 win=0
1699959 INFO  [PHY] TX_STARTED imm=1
1699960 INFO  [LINK] DISC_REQ win=8499 seq=50
1700009 INFO  [LINK] TX_DONE win=8499 tx=0xD259781600
1700009 INFO  [LINK] RX type=33 src=0x0030 win=0
1700159 INFO  [LINK] preparing DISC_REQ tick=1700159
1700159 INFO  [PHY] CMD_TX slot=0 win=0
1700159 INFO  [PHY] TX_STARTED imm=1
1700159 INFO  [LINK] DISC_REQ win=8500 seq=51
1700209 INFO  [LINK] TX_DONE win=8500 tx=0xD55363BC00
1700209 INFO  [LINK] RX type=33 src=0x0030 win=0
1700359 INFO  [LINK] preparing DISC_REQ tick=1700359
1700359 INFO  [PHY] CMD_TX slot=0 win=0
1700359 INFO  [PHY] TX_STARTED imm=1
1700359 INFO  [LINK] DISC_REQ win=8501 seq=52
1700409 INFO  [LINK] TX_DONE win=8501 tx=0xD84D4E4E00
1700409 INFO  [LINK] RX type=33 src=0x0030 win=0
1700559 INFO  [LINK] preparing DISC_REQ tick=1700559
1700559 INFO  [PHY] CMD_TX slot=0 win=0
1700559 INFO  [PHY] TX_STARTED imm=1
1700559 INFO  [LINK] DISC_REQ win=8502 seq=53
1700609 INFO  [LINK] TX_DONE win=8502 tx=0xDB47427000
1700609 INFO  [LINK] RX type=33 src=0x0030 win=0
1700759 INFO  [LINK] preparing DISC_REQ tick=1700759
1700759 INFO  [PHY] CMD_TX slot=0 win=0
1700759 INFO  [PHY] TX_STARTED imm=1
1700759 INFO  [LINK] DISC_REQ win=8503 seq=54
1700809 INFO  [LINK] TX_DONE win=8503 tx=0xDE4150FA00
1700809 INFO  [LINK] RX type=33 src=0x0030 win=0
1700959 INFO  [LINK] preparing DISC_REQ tick=1700959
1700959 INFO  [PHY] CMD_TX slot=0 win=0
1700959 INFO  [PHY] TX_STARTED imm=1
1700959 INFO  [LINK] DISC_REQ win=8504 seq=55
1701009 INFO  [LINK] TX_DONE win=8504 tx=0xE13B5B0800
1701009 INFO  [LINK] RX type=33 src=0x0030 win=0
1701159 INFO  [LINK] preparing DISC_REQ tick=1701159
1701159 INFO  [PHY] CMD_TX slot=0 win=0
1701159 INFO  [PHY] TX_STARTED imm=1
1701159 INFO  [LINK] DISC_REQ win=8505 seq=56
1701209 INFO  [LINK] TX_DONE win=8505 tx=0xE435583600
1701209 INFO  [LINK] RX type=33 src=0x0030 win=0
1701359 INFO  [LINK] preparing DISC_REQ tick=1701359
1701359 INFO  [PHY] CMD_TX slot=0 win=0
1701359 INFO  [PHY] TX_STARTED imm=1
1701359 INFO  [LINK] DISC_REQ win=8506 seq=57
1701409 INFO  [LINK] TX_DONE win=8506 tx=0xE72F56DC00
1701409 INFO  [LINK] RX type=33 src=0x0030 win=0
1701559 INFO  [LINK] preparing DISC_REQ tick=1701559
1701559 INFO  [PHY] CMD_TX slot=0 win=0
1701559 INFO  [PHY] TX_STARTED imm=1
1701559 INFO  [LINK] DISC_REQ win=8507 seq=58
1701609 INFO  [LINK] TX_DONE win=8507 tx=0xEA295B1800
1701609 INFO  [LINK] RX type=33 src=0x0030 win=0
1701759 INFO  [LINK] preparing DISC_REQ tick=1701759
1701759 INFO  [PHY] CMD_TX slot=0 win=0
1701759 INFO  [PHY] TX_STARTED imm=1
1701759 INFO  [LINK] DISC_REQ win=8508 seq=59
1701809 INFO  [LINK] TX_DONE win=8508 tx=0xED236BE800
1701809 INFO  [LINK] RX type=33 src=0x0030 win=0
1701959 INFO  [LINK] preparing DISC_REQ tick=1701959
1701959 INFO  [PHY] CMD_TX slot=0 win=0
1701959 INFO  [PHY] TX_STARTED imm=1
1701959 INFO  [LINK] DISC_REQ win=8509 seq=60
1702009 INFO  [LINK] TX_DONE win=8509 tx=0xF01D6EC200
1702009 INFO  [LINK] RX type=33 src=0x0030 win=0
1702159 INFO  [LINK] preparing DISC_REQ tick=1702159
1702159 INFO  [PHY] CMD_TX slot=0 win=0
1702159 INFO  [PHY] TX_STARTED imm=1
1702159 INFO  [LINK] DISC_REQ win=8510 seq=61
1702209 INFO  [LINK] TX_DONE win=8510 tx=0xF317710600
1702209 INFO  [LINK] RX type=33 src=0x0030 win=0
1702359 INFO  [LINK] preparing DISC_REQ tick=1702359
1702359 INFO  [PHY] CMD_TX slot=0 win=0
1702359 INFO  [PHY] TX_STARTED imm=1
1702359 INFO  [LINK] DISC_REQ win=8511 seq=62
1702409 INFO  [LINK] TX_DONE win=8511 tx=0xF611683000
1702409 INFO  [LINK] RX type=33 src=0x0030 win=0
1702559 INFO  [LINK] preparing DISC_REQ tick=1702559
1702559 INFO  [PHY] CMD_TX slot=0 win=0
1702559 INFO  [PHY] TX_STARTED imm=1
1702559 INFO  [LINK] DISC_REQ win=8512 seq=63
1702609 INFO  [LINK] TX_DONE win=8512 tx=0xF90B4DF600
1702609 INFO  [LINK] RX type=33 src=0x0030 win=0
1702759 INFO  [LINK] preparing DISC_REQ tick=1702759
1702759 INFO  [PHY] CMD_TX slot=0 win=0
1702759 INFO  [PHY] TX_STARTED imm=1
1702759 INFO  [LINK] DISC_REQ win=8513 seq=64
1702809 INFO  [LINK] TX_DONE win=8513 tx=0xFC054D6000
1702809 INFO  [LINK] RX type=33 src=0x0030 win=0
1702959 INFO  [LINK] preparing DISC_REQ tick=1702959
1702959 INFO  [PHY] CMD_TX slot=0 win=0
1702959 INFO  [PHY] TX_STARTED imm=1
1702959 INFO  [LINK] DISC_REQ win=8514 seq=65
1703009 INFO  [LINK] TX_DONE win=8514 tx=0xFEFF3CD400
1703009 INFO  [LINK] RX type=33 src=0x0030 win=0
1703159 INFO  [LINK] preparing DISC_REQ tick=1703159
1703159 INFO  [PHY] CMD_TX slot=0 win=0
1703159 INFO  [PHY] TX_STARTED imm=1
1703159 INFO  [LINK] DISC_REQ win=8515 seq=66
1703209 INFO  [LINK] TX_DONE win=8515 tx=0x01F9336A00
1703209 INFO  [LINK] RX type=33 src=0x0030 win=0
1703359 INFO  [LINK] preparing DISC_REQ tick=1703359
1703359 INFO  [PHY] CMD_TX slot=0 win=0
1703359 INFO  [PHY] TX_STARTED imm=1
1703359 INFO  [LINK] DISC_REQ win=8516 seq=67
1703409 INFO  [LINK] TX_DONE win=8516 tx=0x04F323D000
1703409 INFO  [LINK] RX type=33 src=0x0030 win=0
1703559 INFO  [LINK] preparing DISC_REQ tick=1703559
1703559 INFO  [PHY] CMD_TX slot=0 win=0
1703559 INFO  [PHY] TX_STARTED imm=1
1703559 INFO  [LINK] DISC_REQ win=8517 seq=68
1703609 INFO  [LINK] TX_DONE win=8517 tx=0x07ED150000
1703609 INFO  [LINK] RX type=33 src=0x0030 win=0
1703759 INFO  [LINK] preparing DISC_REQ tick=1703759
1703759 INFO  [PHY] CMD_TX slot=0 win=0
1703759 INFO  [PHY] TX_STARTED imm=1
1703759 INFO  [LINK] DISC_REQ win=8518 seq=69
1703809 INFO  [LINK] TX_DONE win=8518 tx=0x0AE70C9600
1703809 INFO  [LINK] RX type=33 src=0x0030 win=0
1703959 INFO  [LINK] preparing DISC_REQ tick=1703959
1703959 INFO  [PHY] CMD_TX slot=0 win=0
1703959 INFO  [PHY] TX_STARTED imm=1
1703959 INFO  [LINK] DISC_REQ win=8519 seq=70
1704009 INFO  [LINK] TX_DONE win=8519 tx=0x0DE0F1A200
1704009 INFO  [LINK] RX type=33 src=0x0030 win=0
1704159 INFO  [LINK] preparing DISC_REQ tick=1704159
1704159 INFO  [PHY] CMD_TX slot=0 win=0
1704159 INFO  [PHY] TX_STARTED imm=1
1704159 INFO  [LINK] DISC_REQ win=8520 seq=71
1704209 INFO  [LINK] TX_DONE win=8520 tx=0x10DADC8000
1704209 INFO  [LINK] RX type=33 src=0x0030 win=0
1704359 INFO  [LINK] preparing DISC_REQ tick=1704359
1704359 INFO  [PHY] CMD_TX slot=0 win=0
1704359 INFO  [PHY] TX_STARTED imm=1
1704359 INFO  [LINK] DISC_REQ win=8521 seq=72
1704409 INFO  [LINK] TX_DONE win=8521 tx=0x13D4B8BA00
1704409 INFO  [LINK] RX type=33 src=0x0030 win=0
1704559 INFO  [LINK] preparing DISC_REQ tick=1704559
1704559 INFO  [PHY] CMD_TX slot=0 win=0
1704559 INFO  [PHY] TX_STARTED imm=1
1704559 INFO  [LINK] DISC_REQ win=8522 seq=73
1704609 INFO  [LINK] TX_DONE win=8522 tx=0x16CE9D9400
1704609 INFO  [LINK] RX type=33 src=0x0030 win=0
1704759 INFO  [LINK] preparing DISC_REQ tick=1704759
1704759 INFO  [PHY] CMD_TX slot=0 win=0
1704759 INFO  [PHY] TX_STARTED imm=1
1704759 INFO  [LINK] DISC_REQ win=8523 seq=74
1704809 INFO  [LINK] TX_DONE win=8523 tx=0x19C8703600
1704809 INFO  [LINK] RX type=33 src=0x0030 win=0
1704959 INFO  [LINK] preparing DISC_REQ tick=1704959
1704959 INFO  [PHY] CMD_TX slot=0 win=0
1704959 INFO  [PHY] TX_STARTED imm=1
1704959 INFO  [LINK] DISC_REQ win=8524 seq=75
1705009 INFO  [LINK] TX_DONE win=8524 tx=0x1CC25D4600
1705009 INFO  [LINK] RX type=33 src=0x0030 win=0
1705159 INFO  [LINK] preparing DISC_REQ tick=1705159
1705159 INFO  [PHY] CMD_TX slot=0 win=0
1705159 INFO  [PHY] TX_STARTED imm=1
1705160 INFO  [LINK] DISC_REQ win=8525 seq=76
1705210 INFO  [LINK] TX_DONE win=8525 tx=0x1FBC44C800
1705210 INFO  [LINK] RX type=33 src=0x0030 win=0
1705360 INFO  [LINK] preparing DISC_REQ tick=1705360
1705360 INFO  [PHY] CMD_TX slot=0 win=0
1705360 INFO  [PHY] TX_STARTED imm=1
1705360 INFO  [LINK] DISC_REQ win=8526 seq=77
1705410 INFO  [LINK] TX_DONE win=8526 tx=0x22B9F89400
1705410 INFO  [LINK] RX type=33 src=0x0030 win=0
1705560 INFO  [LINK] preparing DISC_REQ tick=1705560
1705560 INFO  [PHY] CMD_TX slot=0 win=0
1705560 INFO  [PHY] TX_STARTED imm=1
1705560 INFO  [LINK] DISC_REQ win=8527 seq=78
1705610 INFO  [LINK] TX_DONE win=8527 tx=0x25B3EA7A00
1705610 INFO  [LINK] RX type=33 src=0x0030 win=0
1705760 INFO  [LINK] preparing DISC_REQ tick=1705760
1705760 INFO  [PHY] CMD_TX slot=0 win=0
1705760 INFO  [PHY] TX_STARTED imm=1
1705760 INFO  [LINK] DISC_REQ win=8528 seq=79
1705810 INFO  [LINK] TX_DONE win=8528 tx=0x28ADDAB600
1705810 INFO  [LINK] RX type=33 src=0x0030 win=0
1705960 INFO  [LINK] preparing DISC_REQ tick=1705960
1705960 INFO  [PHY] CMD_TX slot=0 win=0
1705960 INFO  [PHY] TX_STARTED imm=1
1705960 INFO  [LINK] DISC_REQ win=8529 seq=80
1706010 INFO  [LINK] TX_DONE win=8529 tx=0x2BA7C4C800
1706010 INFO  [LINK] RX type=33 src=0x0030 win=0
1706160 INFO  [LINK] preparing DISC_REQ tick=1706160
1706160 INFO  [PHY] CMD_TX slot=0 win=0
1706160 INFO  [PHY] TX_STARTED imm=1
1706160 INFO  [LINK] DISC_REQ win=8530 seq=81
1706210 INFO  [LINK] TX_DONE win=8530 tx=0x2EA1C4E400
1706210 INFO  [LINK] RX type=33 src=0x0030 win=0
1706360 INFO  [LINK] preparing DISC_REQ tick=1706360
1706360 INFO  [PHY] CMD_TX slot=0 win=0
1706360 INFO  [PHY] TX_STARTED imm=1
1706360 INFO  [LINK] DISC_REQ win=8531 seq=82
1706410 INFO  [LINK] TX_DONE win=8531 tx=0x319BC42A00
1706410 INFO  [LINK] RX type=33 src=0x0030 win=0
1706560 INFO  [LINK] preparing DISC_REQ tick=1706560
1706560 INFO  [PHY] CMD_TX slot=0 win=0
1706560 INFO  [PHY] TX_STARTED imm=1
1706560 INFO  [LINK] DISC_REQ win=8532 seq=83
1706610 INFO  [LINK] TX_DONE win=8532 tx=0x3495D04E00
1706610 INFO  [LINK] RX type=33 src=0x0030 win=0
1706760 INFO  [LINK] preparing DISC_REQ tick=1706760
1706760 INFO  [PHY] CMD_TX slot=0 win=0
1706760 INFO  [PHY] TX_STARTED imm=1
1706760 INFO  [LINK] DISC_REQ win=8533 seq=84
1706810 INFO  [LINK] TX_DONE win=8533 tx=0x378FD58E00
1706810 INFO  [LINK] RX type=33 src=0x0030 win=0
1706960 INFO  [LINK] preparing DISC_REQ tick=1706960
1706960 INFO  [PHY] CMD_TX slot=0 win=0
1706960 INFO  [PHY] TX_STARTED imm=1
1706960 INFO  [LINK] DISC_REQ win=8534 seq=85
1707010 INFO  [LINK] TX_DONE win=8534 tx=0x3A89D9A400
1707010 INFO  [LINK] RX type=33 src=0x0030 win=0
1707160 INFO  [LINK] preparing DISC_REQ tick=1707160
1707160 INFO  [PHY] CMD_TX slot=0 win=0
1707160 INFO  [PHY] TX_STARTED imm=1
1707160 INFO  [LINK] DISC_REQ win=8535 seq=86
1707210 INFO  [LINK] TX_DONE win=8535 tx=0x3D83E79A00
1707210 INFO  [LINK] RX type=33 src=0x0030 win=0
1707360 INFO  [LINK] preparing DISC_REQ tick=1707360
1707360 INFO  [PHY] CMD_TX slot=0 win=0
1707360 INFO  [PHY] TX_STARTED imm=1
1707360 INFO  [LINK] DISC_REQ win=8536 seq=87
1707410 INFO  [LINK] TX_DONE win=8536 tx=0x407DEA5A00
1707410 INFO  [LINK] RX type=33 src=0x0030 win=0
1707560 INFO  [LINK] preparing DISC_REQ tick=1707560
1707560 INFO  [PHY] CMD_TX slot=0 win=0
1707560 INFO  [PHY] TX_STARTED imm=1
1707560 INFO  [LINK] DISC_REQ win=8537 seq=88
1707610 INFO  [LINK] TX_DONE win=8537 tx=0x4377DDD000
1707610 INFO  [LINK] RX type=33 src=0x0030 win=0
1707760 INFO  [LINK] preparing DISC_REQ tick=1707760
1707760 INFO  [PHY] CMD_TX slot=0 win=0
1707760 INFO  [PHY] TX_STARTED imm=1
1707760 INFO  [LINK] DISC_REQ win=8538 seq=89
1707810 INFO  [LINK] TX_DONE win=8538 tx=0x4671DF0C00
1707810 INFO  [LINK] RX type=33 src=0x0030 win=0
1707960 INFO  [LINK] preparing DISC_REQ tick=1707960
1707960 INFO  [PHY] CMD_TX slot=0 win=0
1707960 INFO  [PHY] TX_STARTED imm=1
1707960 INFO  [LINK] DISC_REQ win=8539 seq=90
1708010 INFO  [LINK] TX_DONE win=8539 tx=0x496BF2CA00
1708010 INFO  [LINK] RX type=33 src=0x0030 win=0
1708160 INFO  [LINK] preparing DISC_REQ tick=1708160
1708160 INFO  [PHY] CMD_TX slot=0 win=0
1708160 INFO  [PHY] TX_STARTED imm=1
1708160 INFO  [LINK] DISC_REQ win=8540 seq=91
1708210 INFO  [LINK] TX_DONE win=8540 tx=0x4C660FE800
1708210 INFO  [LINK] RX type=33 src=0x0030 win=0
1708360 INFO  [LINK] preparing DISC_REQ tick=1708360
1708360 INFO  [PHY] CMD_TX slot=0 win=0
1708360 INFO  [PHY] TX_STARTED imm=1
1708360 INFO  [LINK] DISC_REQ win=8541 seq=92
1708410 INFO  [LINK] TX_DONE win=8541 tx=0x4F601D3C00
1708410 INFO  [LINK] RX type=33 src=0x0030 win=0
1708560 INFO  [LINK] preparing DISC_REQ tick=1708560
1708560 INFO  [PHY] CMD_TX slot=0 win=0
1708560 INFO  [PHY] TX_STARTED imm=1
1708560 INFO  [LINK] DISC_REQ win=8542 seq=93
1708610 INFO  [LINK] TX_DONE win=8542 tx=0x525A1EA000
1708610 INFO  [LINK] RX type=33 src=0x0030 win=0
1708760 INFO  [LINK] preparing DISC_REQ tick=1708760
1708760 INFO  [PHY] CMD_TX slot=0 win=0
1708760 INFO  [PHY] TX_STARTED imm=1
1708760 INFO  [LINK] DISC_REQ win=8543 seq=94
1708810 INFO  [LINK] TX_DONE win=8543 tx=0x55542ACC00
1708810 INFO  [LINK] RX type=33 src=0x0030 win=0
1708960 INFO  [LINK] preparing DISC_REQ tick=1708960
1708960 INFO  [PHY] CMD_TX slot=0 win=0
1708960 INFO  [PHY] TX_STARTED imm=1
1708960 INFO  [LINK] DISC_REQ win=8544 seq=95
1709010 INFO  [LINK] TX_DONE win=8544 tx=0x584E3A6E00
1709010 INFO  [LINK] RX type=33 src=0x0030 win=0
1709160 INFO  [LINK] preparing DISC_REQ tick=1709160
1709160 INFO  [PHY] CMD_TX slot=0 win=0
1709160 INFO  [PHY] TX_STARTED imm=1
1709161 INFO  [LINK] DISC_REQ win=8545 seq=96
1709210 INFO  [LINK] TX_DONE win=8545 tx=0x5B48577200
1709210 INFO  [LINK] RX type=33 src=0x0030 win=0
1709360 INFO  [LINK] preparing DISC_REQ tick=1709360
1709360 INFO  [PHY] CMD_TX slot=0 win=0
1709360 INFO  [PHY] TX_STARTED imm=1
1709361 INFO  [LINK] DISC_REQ win=8546 seq=97
1709410 INFO  [LINK] TX_DONE win=8546 tx=0x5E4268A000
1709410 INFO  [LINK] RX type=33 src=0x0030 win=0
1709560 INFO  [LINK] preparing DISC_REQ tick=1709560
1709560 INFO  [PHY] CMD_TX slot=0 win=0
1709560 INFO  [PHY] TX_STARTED imm=1
1709561 INFO  [LINK] DISC_REQ win=8547 seq=98
1709610 INFO  [LINK] TX_DONE win=8547 tx=0x613CF2CE00
1709610 INFO  [LINK] RX type=33 src=0x0030 win=0
1709760 INFO  [LINK] preparing DISC_REQ tick=1709760
1709760 INFO  [PHY] CMD_TX slot=0 win=0
1709760 INFO  [PHY] TX_STARTED imm=1
1709761 INFO  [LINK] DISC_REQ win=8548 seq=99
1709810 INFO  [LINK] TX_DONE win=8548 tx=0x6436730C00
1709810 INFO  [LINK] RX type=33 src=0x0030 win=0
1709960 INFO  [LINK] preparing DISC_REQ tick=1709960
1709960 INFO  [PHY] CMD_TX slot=0 win=0
1709960 INFO  [PHY] TX_STARTED imm=1
1709960 INFO  [LINK] DISC_REQ win=8549 seq=100
1710010 INFO  [LINK] TX_DONE win=8549 tx=0x67306D4800
1710010 INFO  [LINK] RX type=33 src=0x0030 win=0
1710160 INFO  [LINK] preparing DISC_REQ tick=1710160
1710160 INFO  [PHY] CMD_TX slot=0 win=0
1710160 INFO  [PHY] TX_STARTED imm=1
1710160 INFO  [LINK] DISC_REQ win=8550 seq=101
1710210 INFO  [LINK] TX_DONE win=8550 tx=0x6A2A6C1200
1710210 INFO  [LINK] RX type=33 src=0x0030 win=0
1710360 INFO  [LINK] preparing DISC_REQ tick=1710360
1710360 INFO  [PHY] CMD_TX slot=0 win=0
1710360 INFO  [PHY] TX_STARTED imm=1
1710360 INFO  [LINK] DISC_REQ win=8551 seq=102
1710410 INFO  [LINK] TX_DONE win=8551 tx=0x6D2478C000
1710410 INFO  [LINK] RX type=33 src=0x0030 win=0
1710560 INFO  [LINK] preparing DISC_REQ tick=1710560
1710560 INFO  [PHY] CMD_TX slot=0 win=0
1710560 INFO  [PHY] TX_STARTED imm=1
1710560 INFO  [LINK] DISC_REQ win=8552 seq=103
1710610 INFO  [LINK] TX_DONE win=8552 tx=0x701E757000
1710610 INFO  [LINK] RX type=33 src=0x0030 win=0
1710760 INFO  [LINK] preparing DISC_REQ tick=1710760
1710760 INFO  [PHY] CMD_TX slot=0 win=0
1710760 INFO  [PHY] TX_STARTED imm=1
1710760 INFO  [LINK] DISC_REQ win=8553 seq=104
1710810 INFO  [LINK] TX_DONE win=8553 tx=0x73187FCC00
1710810 INFO  [LINK] RX type=33 src=0x0030 win=0
1710960 INFO  [LINK] preparing DISC_REQ tick=1710960
1710960 INFO  [PHY] CMD_TX slot=0 win=0
1710960 INFO  [PHY] TX_STARTED imm=1
1710960 INFO  [LINK] DISC_REQ win=8554 seq=105
1711010 INFO  [LINK] TX_DONE win=8554 tx=0x7612714000
1711010 INFO  [LINK] RX type=33 src=0x0030 win=0
1711160 INFO  [LINK] preparing DISC_REQ tick=1711160
1711160 INFO  [PHY] CMD_TX slot=0 win=0
1711160 INFO  [PHY] TX_STARTED imm=1
1711160 INFO  [LINK] DISC_REQ win=8555 seq=106
1711210 INFO  [LINK] TX_DONE win=8555 tx=0x790C601000
1711210 INFO  [LINK] RX type=33 src=0x0030 win=0
1711360 INFO  [LINK] preparing DISC_REQ tick=1711360
1711360 INFO  [PHY] CMD_TX slot=0 win=0
1711360 INFO  [PHY] TX_STARTED imm=1
1711360 INFO  [LINK] DISC_REQ win=8556 seq=107
1711410 INFO  [LINK] TX_DONE win=8556 tx=0x7C064DA400
1711410 INFO  [LINK] RX type=33 src=0x0030 win=0
1711560 INFO  [LINK] preparing DISC_REQ tick=1711560
1711560 INFO  [PHY] CMD_TX slot=0 win=0
1711560 INFO  [PHY] TX_STARTED imm=1
1711560 INFO  [LINK] DISC_REQ win=8557 seq=108
1711610 INFO  [LINK] TX_DONE win=8557 tx=0x7F005A0E00
1711610 INFO  [LINK] RX type=33 src=0x0030 win=0
1711760 INFO  [LINK] preparing DISC_REQ tick=1711760
1711760 INFO  [PHY] CMD_TX slot=0 win=0
1711760 INFO  [PHY] TX_STARTED imm=1
1711760 INFO  [LINK] DISC_REQ win=8558 seq=109
1711810 INFO  [LINK] TX_DONE win=8558 tx=0x81FA62E400
1711810 INFO  [LINK] RX type=33 src=0x0030 win=0
1711960 INFO  [LINK] preparing DISC_REQ tick=1711960
1711960 INFO  [PHY] CMD_TX slot=0 win=0
1711960 INFO  [PHY] TX_STARTED imm=1
1711960 INFO  [LINK] DISC_REQ win=8559 seq=110
1712010 INFO  [LINK] TX_DONE win=8559 tx=0x84F467DA00
1712010 INFO  [LINK] RX type=33 src=0x0030 win=0
1712160 INFO  [LINK] preparing DISC_REQ tick=1712160
1712160 INFO  [PHY] CMD_TX slot=0 win=0
1712160 INFO  [PHY] TX_STARTED imm=1
1712160 INFO  [LINK] DISC_REQ win=8560 seq=111
1712210 INFO  [LINK] TX_DONE win=8560 tx=0x87EE559000
1712210 INFO  [LINK] RX type=33 src=0x0030 win=0
1712360 INFO  [LINK] preparing DISC_REQ tick=1712360
1712360 INFO  [PHY] CMD_TX slot=0 win=0
1712360 INFO  [PHY] TX_STARTED imm=1
1712360 INFO  [LINK] DISC_REQ win=8561 seq=112
1712410 INFO  [LINK] TX_DONE win=8561 tx=0x8AE831A600
1712410 INFO  [LINK] RX type=33 src=0x0030 win=0
1712560 INFO  [LINK] preparing DISC_REQ tick=1712560
1712560 INFO  [PHY] CMD_TX slot=0 win=0
1712560 INFO  [PHY] TX_STARTED imm=1
1712560 INFO  [LINK] DISC_REQ win=8562 seq=113
1712610 INFO  [LINK] TX_DONE win=8562 tx=0x8DE20A0600
1712610 INFO  [LINK] RX type=33 src=0x0030 win=0
1712760 INFO  [LINK] preparing DISC_REQ tick=1712760
1712760 INFO  [PHY] CMD_TX slot=0 win=0
1712760 INFO  [PHY] TX_STARTED imm=1
1712760 INFO  [LINK] DISC_REQ win=8563 seq=114
1712810 INFO  [LINK] TX_DONE win=8563 tx=0x90DBE60C00
1712810 INFO  [LINK] RX type=33 src=0x0030 win=0
1712960 INFO  [LINK] preparing DISC_REQ tick=1712960
1712960 INFO  [PHY] CMD_TX slot=0 win=0
1712960 INFO  [PHY] TX_STARTED imm=1
1712960 INFO  [LINK] DISC_REQ win=8564 seq=115
1713010 INFO  [LINK] TX_DONE win=8564 tx=0x93D5C8A200
1713010 INFO  [LINK] RX type=33 src=0x0030 win=0
1713160 INFO  [LINK] preparing DISC_REQ tick=1713160
1713160 INFO  [PHY] CMD_TX slot=0 win=0
1713160 INFO  [PHY] TX_STARTED imm=1
1713160 INFO  [LINK] DISC_REQ win=8565 seq=116
1713210 INFO  [LINK] TX_DONE win=8565 tx=0x96CFB5A600
1713210 INFO  [LINK] RX type=33 src=0x0030 win=0
1713360 INFO  [LINK] preparing DISC_REQ tick=1713360
1713360 INFO  [PHY] CMD_TX slot=0 win=0
1713360 INFO  [PHY] TX_STARTED imm=1
1713360 INFO  [LINK] DISC_REQ win=8566 seq=117
1713410 INFO  [LINK] TX_DONE win=8566 tx=0x99C9A4E200
1713410 INFO  [LINK] RX type=33 src=0x0030 win=0
1713560 INFO  [LINK] preparing DISC_REQ tick=1713560
1713560 INFO  [PHY] CMD_TX slot=0 win=0
1713560 INFO  [PHY] TX_STARTED imm=1
1713560 INFO  [LINK] DISC_REQ win=8567 seq=118
1713610 INFO  [LINK] TX_DONE win=8567 tx=0x9CC3B0DE00
1713610 INFO  [LINK] RX type=33 src=0x0030 win=0
1713760 INFO  [LINK] preparing DISC_REQ tick=1713760
1713760 INFO  [PHY] CMD_TX slot=0 win=0
1713760 INFO  [PHY] TX_STARTED imm=1
1713760 INFO  [LINK] DISC_REQ win=8568 seq=119
1713810 INFO  [LINK] TX_DONE win=8568 tx=0x9FBDC5F400
1713810 INFO  [LINK] RX type=33 src=0x0030 win=0
1713960 INFO  [LINK] preparing DISC_REQ tick=1713960
1713960 INFO  [PHY] CMD_TX slot=0 win=0
1713960 INFO  [PHY] TX_STARTED imm=1
1713960 INFO  [LINK] DISC_REQ win=8569 seq=120
1714010 INFO  [LINK] TX_DONE win=8569 tx=0xA2B7CEFA00
1714010 INFO  [LINK] RX type=33 src=0x0030 win=0
1714160 INFO  [LINK] preparing DISC_REQ tick=1714160
1714160 INFO  [PHY] CMD_TX slot=0 win=0
1714160 INFO  [PHY] TX_STARTED imm=1
1714160 INFO  [LINK] DISC_REQ win=8570 seq=121
1714210 INFO  [LINK] TX_DONE win=8570 tx=0xA5B1D07200
1714210 INFO  [LINK] RX type=33 src=0x0030 win=0
1714360 INFO  [LINK] preparing DISC_REQ tick=1714360
1714360 INFO  [PHY] CMD_TX slot=0 win=0
1714360 INFO  [PHY] TX_STARTED imm=1
1714360 INFO  [LINK] DISC_REQ win=8571 seq=122
1714410 INFO  [LINK] TX_DONE win=8571 tx=0xA8ABBAA600
1714410 INFO  [LINK] RX type=33 src=0x0030 win=0
1714560 INFO  [LINK] preparing DISC_REQ tick=1714560
1714560 INFO  [PHY] CMD_TX slot=0 win=0
1714560 INFO  [PHY] TX_STARTED imm=1
1714560 INFO  [LINK] DISC_REQ win=8572 seq=123
1714610 INFO  [LINK] TX_DONE win=8572 tx=0xABA58E5600
1714610 INFO  [LINK] RX type=33 src=0x0030 win=0
1714760 INFO  [LINK] preparing DISC_REQ tick=1714760
1714760 INFO  [PHY] CMD_TX slot=0 win=0
1714760 INFO  [PHY] TX_STARTED imm=1
1714761 INFO  [LINK] DISC_REQ win=8573 seq=124
1714810 INFO  [LINK] TX_DONE win=8573 tx=0xAE9F740E00
1714810 INFO  [LINK] RX type=33 src=0x0030 win=0
1714960 INFO  [LINK] preparing DISC_REQ tick=1714960
1714960 INFO  [PHY] CMD_TX slot=0 win=0
1714960 INFO  [PHY] TX_STARTED imm=1
1714961 INFO  [LINK] DISC_REQ win=8574 seq=125
1715010 INFO  [LINK] TX_DONE win=8574 tx=0xB1996D6800
1715010 INFO  [LINK] RX type=33 src=0x0030 win=0
1715160 INFO  [LINK] preparing DISC_REQ tick=1715160
1715160 INFO  [PHY] CMD_TX slot=0 win=0
1715161 INFO  [PHY] TX_STARTED imm=1
1715161 INFO  [LINK] DISC_REQ win=8575 seq=126
1715210 INFO  [LINK] TX_DONE win=8575 tx=0xB494CF3600
1715210 INFO  [LINK] RX type=33 src=0x0030 win=0
1715360 INFO  [LINK] preparing DISC_REQ tick=1715360
1715360 INFO  [PHY] CMD_TX slot=0 win=0
1715360 INFO  [PHY] TX_STARTED imm=1
1715361 INFO  [LINK] DISC_REQ win=8576 seq=127
1715410 INFO  [LINK] TX_DONE win=8576 tx=0xB78D935400
1715410 INFO  [LINK] RX type=33 src=0x0030 win=0
1715560 INFO  [LINK] preparing DISC_REQ tick=1715560
1715560 INFO  [PHY] CMD_TX slot=0 win=0
1715560 INFO  [PHY] TX_STARTED imm=1
1715560 INFO  [LINK] DISC_REQ win=8577 seq=128
1715610 INFO  [LINK] TX_DONE win=8577 tx=0xBA87310E00
1715610 INFO  [LINK] RX type=33 src=0x0030 win=0
1715760 INFO  [LINK] preparing DISC_REQ tick=1715760
1715760 INFO  [PHY] CMD_TX slot=0 win=0
1715760 INFO  [PHY] TX_STARTED imm=1
1715760 INFO  [LINK] DISC_REQ win=8578 seq=129
1715810 INFO  [LINK] TX_DONE win=8578 tx=0xBD812FD400
1715860 INFO  [LINK] RX_TIMEOUT
1715960 INFO  [LINK] preparing DISC_REQ tick=1715960
1715960 INFO  [PHY] CMD_TX slot=0 win=0
1715960 INFO  [PHY] TX_STARTED imm=1
1715960 INFO  [LINK] DISC_REQ win=8579 seq=130
1716010 INFO  [LINK] TX_DONE win=8579 tx=0xC07B3CFC00
1716010 INFO  [LINK] RX type=33 src=0x0030 win=0
1716160 INFO  [LINK] preparing DISC_REQ tick=1716160
1716160 INFO  [PHY] CMD_TX slot=0 win=0
1716160 INFO  [PHY] TX_STARTED imm=1
1716160 INFO  [LINK] DISC_REQ win=8580 seq=131
1716210 INFO  [LINK] TX_DONE win=8580 tx=0xC375377C00
1716210 INFO  [LINK] RX type=33 src=0x0030 win=0
1716360 INFO  [LINK] preparing DISC_REQ tick=1716360
1716360 INFO  [PHY] CMD_TX slot=0 win=0
1716360 INFO  [PHY] TX_STARTED imm=1
1716360 INFO  [LINK] DISC_REQ win=8581 seq=132
1716410 INFO  [LINK] TX_DONE win=8581 tx=0xC66F2E2000
1716410 INFO  [LINK] RX type=33 src=0x0030 win=0
1716560 INFO  [LINK] preparing DISC_REQ tick=1716560
1716560 INFO  [PHY] CMD_TX slot=0 win=0
1716560 INFO  [PHY] TX_STARTED imm=1
1716560 INFO  [LINK] DISC_REQ win=8582 seq=133
1716610 INFO  [LINK] TX_DONE win=8582 tx=0xC96927BE00
1716610 INFO  [LINK] RX type=33 src=0x0030 win=0
1716760 INFO  [LINK] preparing DISC_REQ tick=1716760
1716760 INFO  [PHY] CMD_TX slot=0 win=0
1716760 INFO  [PHY] TX_STARTED imm=1
1716760 INFO  [LINK] DISC_REQ win=8583 seq=134
1716810 INFO  [LINK] TX_DONE win=8583 tx=0xCC63241400
1716810 INFO  [LINK] RX type=33 src=0x0030 win=0
1716960 INFO  [LINK] preparing DISC_REQ tick=1716960
1716960 INFO  [PHY] CMD_TX slot=0 win=0
1716960 INFO  [PHY] TX_STARTED imm=1
1716960 INFO  [LINK] DISC_REQ win=8584 seq=135
1717010 INFO  [LINK] TX_DONE win=8584 tx=0xCF5D088A00
1717010 INFO  [LINK] RX type=33 src=0x0030 win=0
1717160 INFO  [LINK] preparing DISC_REQ tick=1717160
1717160 INFO  [PHY] CMD_TX slot=0 win=0
1717160 INFO  [PHY] TX_STARTED imm=1
1717160 INFO  [LINK] DISC_REQ win=8585 seq=136
1717210 INFO  [LINK] TX_DONE win=8585 tx=0xD256EF3400
1717210 INFO  [LINK] RX type=33 src=0x0030 win=0
1717360 INFO  [LINK] preparing DISC_REQ tick=1717360
1717360 INFO  [PHY] CMD_TX slot=0 win=0
1717360 INFO  [PHY] TX_STARTED imm=1
1717360 INFO  [LINK] DISC_REQ win=8586 seq=137
1717410 INFO  [LINK] TX_DONE win=8586 tx=0xD550D3F800
1717410 INFO  [LINK] RX type=33 src=0x0030 win=0
1717560 INFO  [LINK] preparing DISC_REQ tick=1717560
1717560 INFO  [PHY] CMD_TX slot=0 win=0
1717560 INFO  [PHY] TX_STARTED imm=1
1717560 INFO  [LINK] DISC_REQ win=8587 seq=138
1717610 INFO  [LINK] TX_DONE win=8587 tx=0xD84AB70600
1717610 INFO  [LINK] RX type=33 src=0x0030 win=0
1717760 INFO  [LINK] preparing DISC_REQ tick=1717760
1717760 INFO  [PHY] CMD_TX slot=0 win=0
1717760 INFO  [PHY] TX_STARTED imm=1
1717760 INFO  [LINK] DISC_REQ win=8588 seq=139
1717810 INFO  [LINK] TX_DONE win=8588 tx=0xDB44A21800
1717810 INFO  [LINK] RX type=33 src=0x0030 win=0
1717960 INFO  [LINK] preparing DISC_REQ tick=1717960
1717960 INFO  [PHY] CMD_TX slot=0 win=0
1717960 INFO  [PHY] TX_STARTED imm=1
1717960 INFO  [LINK] DISC_REQ win=8589 seq=140
1718010 INFO  [LINK] TX_DONE win=8589 tx=0xDE3EB00200
1718010 INFO  [LINK] RX type=33 src=0x0030 win=0
1718160 INFO  [LINK] preparing DISC_REQ tick=1718160
1718160 INFO  [PHY] CMD_TX slot=0 win=0
1718160 INFO  [PHY] TX_STARTED imm=1
1718160 INFO  [LINK] DISC_REQ win=8590 seq=141
1718210 INFO  [LINK] TX_DONE win=8590 tx=0xE138C12C00
1718210 INFO  [LINK] RX type=33 src=0x0030 win=0
1718360 INFO  [LINK] preparing DISC_REQ tick=1718360
1718360 INFO  [PHY] CMD_TX slot=0 win=0
1718360 INFO  [PHY] TX_STARTED imm=1
1718360 INFO  [LINK] DISC_REQ win=8591 seq=142
1718410 INFO  [LINK] TX_DONE win=8591 tx=0xE432DB4E00
1718410 INFO  [LINK] RX type=33 src=0x0030 win=0
1718560 INFO  [LINK] preparing DISC_REQ tick=1718560
1718560 INFO  [PHY] CMD_TX slot=0 win=0
1718560 INFO  [PHY] TX_STARTED imm=1
1718560 INFO  [LINK] DISC_REQ win=8592 seq=143
1718610 INFO  [LINK] TX_DONE win=8592 tx=0xE72CF5C000
1718610 INFO  [LINK] RX type=33 src=0x0030 win=0
1718760 INFO  [LINK] preparing DISC_REQ tick=1718760
1718760 INFO  [PHY] CMD_TX slot=0 win=0
1718760 INFO  [PHY] TX_STARTED imm=1
1718760 INFO  [LINK] DISC_REQ win=8593 seq=144
1718810 INFO  [LINK] TX_DONE win=8593 tx=0xEA271B6A00
1718810 INFO  [LINK] RX type=33 src=0x0030 win=0
1718960 INFO  [LINK] preparing DISC_REQ tick=1718960
1718960 INFO  [PHY] CMD_TX slot=0 win=0
1718960 INFO  [PHY] TX_STARTED imm=1
1718960 INFO  [LINK] DISC_REQ win=8594 seq=145
1719010 INFO  [LINK] TX_DONE win=8594 tx=0xED214D3400
1719010 INFO  [LINK] RX type=33 src=0x0030 win=0
1719160 INFO  [LINK] preparing DISC_REQ tick=1719160
1719160 INFO  [PHY] CMD_TX slot=0 win=0
1719160 INFO  [PHY] TX_STARTED imm=1
1719160 INFO  [LINK] DISC_REQ win=8595 seq=146
1719210 INFO  [LINK] TX_DONE win=8595 tx=0xF01B5E0E00
1719210 INFO  [LINK] RX type=33 src=0x0030 win=0
1719360 INFO  [LINK] preparing DISC_REQ tick=1719360
1719360 INFO  [PHY] CMD_TX slot=0 win=0
1719360 INFO  [PHY] TX_STARTED imm=1
1719360 INFO  [LINK] DISC_REQ win=8596 seq=147
1719410 INFO  [LINK] TX_DONE win=8596 tx=0xF315860600
1719410 INFO  [LINK] RX type=33 src=0x0030 win=0
1719560 INFO  [LINK] preparing DISC_REQ tick=1719560
1719560 INFO  [PHY] CMD_TX slot=0 win=0
1719560 INFO  [PHY] TX_STARTED imm=1
1719560 INFO  [LINK] DISC_REQ win=8597 seq=148
1719610 INFO  [LINK] TX_DONE win=8597 tx=0xF60F9F2E00
1719610 INFO  [LINK] RX type=33 src=0x0030 win=0
1719760 INFO  [LINK] preparing DISC_REQ tick=1719760
1719760 INFO  [PHY] CMD_TX slot=0 win=0
1719760 INFO  [PHY] TX_STARTED imm=1
1719760 INFO  [LINK] DISC_REQ win=8598 seq=149
1719810 INFO  [LINK] TX_DONE win=8598 tx=0xF909B18400
1719810 INFO  [LINK] RX type=33 src=0x0030 win=0
1719960 INFO  [LINK] preparing DISC_REQ tick=1719960
1719960 INFO  [PHY] CMD_TX slot=0 win=0
1719960 INFO  [PHY] TX_STARTED imm=1
1719960 INFO  [LINK] DISC_REQ win=8599 seq=150
1720010 INFO  [LINK] TX_DONE win=8599 tx=0xFC03C3EE00
1720010 INFO  [LINK] RX type=33 src=0x0030 win=0
1720160 INFO  [LINK] preparing DISC_REQ tick=1720160
1720160 INFO  [PHY] CMD_TX slot=0 win=0
1720160 INFO  [PHY] TX_STARTED imm=1
1720161 INFO  [LINK] DISC_REQ win=8600 seq=151
1720210 INFO  [LINK] TX_DONE win=8600 tx=0xFEFDD66E00
1720210 INFO  [LINK] RX type=33 src=0x0030 win=0
1720360 INFO  [LINK] preparing DISC_REQ tick=1720360
1720360 INFO  [PHY] CMD_TX slot=0 win=0
1720361 INFO  [PHY] TX_STARTED imm=1
1720361 INFO  [LINK] DISC_REQ win=8601 seq=152
1720410 INFO  [LINK] TX_DONE win=8601 tx=0x01F953AC00
1720410 INFO  [LINK] RX type=33 src=0x0030 win=0
1720560 INFO  [LINK] preparing DISC_REQ tick=1720560
1720560 INFO  [PHY] CMD_TX slot=0 win=0
1720560 INFO  [PHY] TX_STARTED imm=1
1720561 INFO  [LINK] DISC_REQ win=8602 seq=153
1720610 INFO  [LINK] TX_DONE win=8602 tx=0x04F21E3000
1720610 INFO  [LINK] RX type=33 src=0x0030 win=0
1720760 INFO  [LINK] preparing DISC_REQ tick=1720760
1720760 INFO  [PHY] CMD_TX slot=0 win=0
1720760 INFO  [PHY] TX_STARTED imm=1
1720761 INFO  [LINK] DISC_REQ win=8603 seq=154
1720810 INFO  [LINK] TX_DONE win=8603 tx=0x07EBB4B200
1720810 INFO  [LINK] RX type=33 src=0x0030 win=0
1720960 INFO  [LINK] preparing DISC_REQ tick=1720960
1720960 INFO  [PHY] CMD_TX slot=0 win=0
1720960 INFO  [PHY] TX_STARTED imm=1
1720960 INFO  [LINK] DISC_REQ win=8604 seq=155
1721010 INFO  [LINK] TX_DONE win=8604 tx=0x0AE5BA3C00
1721010 INFO  [LINK] RX type=33 src=0x0030 win=0
1721160 INFO  [LINK] preparing DISC_REQ tick=1721160
1721160 INFO  [PHY] CMD_TX slot=0 win=0
1721160 INFO  [PHY] TX_STARTED imm=1
1721160 INFO  [LINK] DISC_REQ win=8605 seq=156
1721210 INFO  [LINK] TX_DONE win=8605 tx=0x0DDFBF4C00
1721210 INFO  [LINK] RX type=33 src=0x0030 win=0
1721360 INFO  [LINK] preparing DISC_REQ tick=1721360
1721360 INFO  [PHY] CMD_TX slot=0 win=0
1721360 INFO  [PHY] TX_STARTED imm=1
1721360 INFO  [LINK] DISC_REQ win=8606 seq=157
1721410 INFO  [LINK] TX_DONE win=8606 tx=0x10D9D20400
1721410 INFO  [LINK] RX type=33 src=0x0030 win=0
1721560 INFO  [LINK] preparing DISC_REQ tick=1721560
1721560 INFO  [PHY] CMD_TX slot=0 win=0
1721560 INFO  [PHY] TX_STARTED imm=1
1721560 INFO  [LINK] DISC_REQ win=8607 seq=158
1721610 INFO  [LINK] TX_DONE win=8607 tx=0x13D3E7D000
1721610 INFO  [LINK] RX type=33 src=0x0030 win=0
1721760 INFO  [LINK] preparing DISC_REQ tick=1721760
1721760 INFO  [PHY] CMD_TX slot=0 win=0
1721760 INFO  [PHY] TX_STARTED imm=1
1721760 INFO  [LINK] DISC_REQ win=8608 seq=159
1721810 INFO  [LINK] TX_DONE win=8608 tx=0x16CDF01C00
1721810 INFO  [LINK] RX type=33 src=0x0030 win=0
1721960 INFO  [LINK] preparing DISC_REQ tick=1721960
1721960 INFO  [PHY] CMD_TX slot=0 win=0
1721960 INFO  [PHY] TX_STARTED imm=1
1721960 INFO  [LINK] DISC_REQ win=8609 seq=160
1722010 INFO  [LINK] TX_DONE win=8609 tx=0x19C800A600
1722010 INFO  [LINK] RX type=33 src=0x0030 win=0
1722160 INFO  [LINK] preparing DISC_REQ tick=1722160
1722160 INFO  [PHY] CMD_TX slot=0 win=0
1722160 INFO  [PHY] TX_STARTED imm=1
1722160 INFO  [LINK] DISC_REQ win=8610 seq=161
1722210 INFO  [LINK] TX_DONE win=8610 tx=0x1CC2205E00
1722210 INFO  [LINK] RX type=33 src=0x0030 win=0
1722360 INFO  [LINK] preparing DISC_REQ tick=1722360
1722360 INFO  [PHY] CMD_TX slot=0 win=0
1722360 INFO  [PHY] TX_STARTED imm=1
1722360 INFO  [LINK] DISC_REQ win=8611 seq=162
1722410 INFO  [LINK] TX_DONE win=8611 tx=0x1FBC35DA00
1722410 INFO  [LINK] RX type=33 src=0x0030 win=0
1722560 INFO  [LINK] preparing DISC_REQ tick=1722560
1722560 INFO  [PHY] CMD_TX slot=0 win=0
1722560 INFO  [PHY] TX_STARTED imm=1
1722560 INFO  [LINK] DISC_REQ win=8612 seq=163
1722610 INFO  [LINK] TX_DONE win=8612 tx=0x22B64CC200
1722610 INFO  [LINK] RX type=33 src=0x0030 win=0
1722760 INFO  [LINK] preparing DISC_REQ tick=1722760
1722760 INFO  [PHY] CMD_TX slot=0 win=0
1722760 INFO  [PHY] TX_STARTED imm=1
1722760 INFO  [LINK] DISC_REQ win=8613 seq=164
