1408196 INFO  [PHY] TX_STARTED fast_reply IMM
1408198 INFO  [LINK] fast_reply=1 tx=0x0B50284A00
1408201 INFO  [LINK] RX type=32 src=0x0101 win=0
1408395 INFO  [PHY] TX_STARTED fast_reply IMM
1408398 INFO  [LINK] fast_reply=1 tx=0x0E4A188200
1408401 INFO  [LINK] RX type=32 src=0x0101 win=0
1408595 INFO  [PHY] TX_STARTED fast_reply IMM
1408598 INFO  [LINK] fast_reply=1 tx=0x11440A0600
1408601 INFO  [LINK] RX type=32 src=0x0101 win=0
1408794 INFO  [PHY] TX_STARTED fast_reply IMM
1408797 INFO  [LINK] fast_reply=1 tx=0x143DE5A800
1408801 INFO  [LINK] RX type=32 src=0x0101 win=0
1408994 INFO  [PHY] TX_STARTED fast_reply IMM
1408997 INFO  [LINK] fast_reply=1 tx=0x1737CBA400
1409001 INFO  [LINK] RX type=32 src=0x0101 win=0
1409043 WARN  [PHY] RX_ERR st=0x04800103 cnt=1
1409193 INFO  [PHY] TX_STARTED fast_reply IMM
1409196 INFO  [LINK] fast_reply=1 tx=0x1A319FBC00
1409201 INFO  [LINK] RX type=32 src=0x0101 win=0
1409393 INFO  [PHY] TX_STARTED fast_reply IMM
1409396 INFO  [LINK] fast_reply=1 tx=0x1D2B846000
1409401 INFO  [LINK] RX type=32 src=0x0101 win=0
1409592 INFO  [PHY] TX_STARTED fast_reply IMM
1409595 INFO  [LINK] fast_reply=1 tx=0x20255AC800
1409601 INFO  [LINK] RX type=32 src=0x0101 win=0
1409792 INFO  [PHY] TX_STARTED fast_reply IMM
1409795 INFO  [LINK] fast_reply=1 tx=0x231F4C4E00
1409801 INFO  [LINK] RX type=32 src=0x0101 win=0
1409992 INFO  [PHY] TX_STARTED fast_reply IMM
1409994 INFO  [LINK] fast_reply=1 tx=0x26192BCE00
1410001 INFO  [LINK] RX type=32 src=0x0101 win=0
1410191 INFO  [PHY] TX_STARTED fast_reply IMM
1410194 INFO  [LINK] fast_reply=1 tx=0x291309AE00
1410201 INFO  [LINK] RX type=32 src=0x0101 win=0
1410391 INFO  [PHY] TX_STARTED fast_reply IMM
1410394 INFO  [LINK] fast_reply=1 tx=0x2C0D069E00
1410401 INFO  [LINK] RX type=32 src=0x0101 win=0
1410590 INFO  [PHY] TX_STARTED fast_reply IMM
1410593 INFO  [LINK] fast_reply=1 tx=0x2F06E99600
1410601 INFO  [LINK] RX type=32 src=0x0101 win=0
1410790 INFO  [PHY] TX_STARTED fast_reply IMM
1410793 INFO  [LINK] fast_reply=1 tx=0x3200D75200
1410801 INFO  [LINK] RX type=32 src=0x0101 win=0
1410989 INFO  [PHY] TX_STARTED fast_reply IMM
1410992 INFO  [LINK] fast_reply=1 tx=0x34FAA60E00
1411001 INFO  [LINK] RX type=32 src=0x0101 win=0
1411189 INFO  [PHY] TX_STARTED fast_reply IMM
1411192 INFO  [LINK] fast_reply=1 tx=0x37F481B200
1411201 INFO  [LINK] RX type=32 src=0x0101 win=0
1411388 INFO  [PHY] TX_STARTED fast_reply IMM
1411391 INFO  [LINK] fast_reply=1 tx=0x3AEE455200
1411401 INFO  [LINK] RX type=32 src=0x0101 win=0
1411588 INFO  [PHY] TX_STARTED fast_reply IMM
1411591 INFO  [LINK] fast_reply=1 tx=0x3DE82D0000
1411601 INFO  [LINK] RX type=32 src=0x0101 win=0
1411787 INFO  [PHY] TX_STARTED fast_reply IMM
1411790 INFO  [LINK] fast_reply=1 tx=0x40E2169E00
1411801 INFO  [LINK] RX type=32 src=0x0101 win=0
1411987 INFO  [PHY] TX_STARTED fast_reply IMM
1411990 INFO  [LINK] fast_reply=1 tx=0x43DBFBC000
1412001 INFO  [LINK] RX type=32 src=0x0101 win=0
1412186 INFO  [PHY] TX_STARTED fast_reply IMM
1412189 INFO  [LINK] fast_reply=1 tx=0x46D5EB2800
1412201 INFO  [LINK] RX type=32 src=0x0101 win=0
1412386 INFO  [PHY] TX_STARTED fast_reply IMM
1412389 INFO  [LINK] fast_reply=1 tx=0x49CFF5B400
1412401 INFO  [LINK] RX type=32 src=0x0101 win=0
1412586 INFO  [PHY] TX_STARTED fast_reply IMM
1412589 INFO  [LINK] fast_reply=1 tx=0x4CCB73BC00
1412601 INFO  [LINK] RX type=32 src=0x0101 win=0
1412785 INFO  [PHY] TX_STARTED fast_reply IMM
1412788 INFO  [LINK] fast_reply=1 tx=0x4FC40A8A00
1412801 INFO  [LINK] RX type=32 src=0x0101 win=0
1412982 WARN  [PHY] RX_ERR st=0x04800103 cnt=1
1413184 INFO  [PHY] TX_STARTED fast_reply IMM
1413187 INFO  [LINK] fast_reply=1 tx=0x55B7E60000
1413201 INFO  [LINK] RX type=32 src=0x0101 win=0
1413384 INFO  [PHY] TX_STARTED fast_reply IMM
1413387 INFO  [LINK] fast_reply=1 tx=0x58B1DFFA00
1413401 INFO  [LINK] RX type=32 src=0x0101 win=0
1413583 INFO  [PHY] TX_STARTED fast_reply IMM
1413586 INFO  [LINK] fast_reply=1 tx=0x5BABBF9600
1413601 INFO  [LINK] RX type=32 src=0x0101 win=0
1413783 INFO  [PHY] TX_STARTED fast_reply IMM
1413786 INFO  [LINK] fast_reply=1 tx=0x5EA5A15C00
1413801 INFO  [LINK] RX type=32 src=0x0101 win=0
1413983 INFO  [PHY] TX_STARTED fast_reply IMM
1413985 INFO  [LINK] fast_reply=1 tx=0x619F7F6200
1414001 INFO  [LINK] RX type=32 src=0x0101 win=0
1414182 INFO  [PHY] TX_STARTED fast_reply IMM
1414185 INFO  [LINK] fast_reply=1 tx=0x6499614200
1414201 INFO  [LINK] RX type=32 src=0x0101 win=0
1414382 INFO  [PHY] TX_STARTED fast_reply IMM
1414384 INFO  [LINK] fast_reply=1 tx=0x67935F5800
1414401 INFO  [LINK] RX type=32 src=0x0101 win=0
1414581 INFO  [PHY] TX_STARTED fast_reply IMM
1414584 INFO  [LINK] fast_reply=1 tx=0x6A8D65DE00
1414601 INFO  [LINK] RX type=32 src=0x0101 win=0
1414781 INFO  [PHY] TX_STARTED fast_reply IMM
1414784 INFO  [LINK] fast_reply=1 tx=0x6D877A5A00
1414801 INFO  [LINK] RX type=32 src=0x0101 win=0
1414980 INFO  [PHY] TX_STARTED fast_reply IMM
1414983 INFO  [LINK] fast_reply=1 tx=0x7081752400
1415001 INFO  [LINK] RX type=32 src=0x0101 win=0
1415073 WARN  [PHY] RX_ERR st=0x04800103 cnt=1
1415180 INFO  [PHY] TX_STARTED fast_reply IMM
1415183 INFO  [LINK] fast_reply=1 tx=0x737B875800
1415201 INFO  [LINK] RX type=32 src=0x0101 win=0
1415379 INFO  [PHY] TX_STARTED fast_reply IMM
1415382 INFO  [LINK] fast_reply=1 tx=0x76758D9E00
1415401 INFO  [LINK] RX type=32 src=0x0101 win=0
1415579 INFO  [PHY] TX_STARTED fast_reply IMM
1415582 INFO  [LINK] fast_reply=1 tx=0x796F8A2A00
1415601 INFO  [LINK] RX type=32 src=0x0101 win=0
1415778 INFO  [PHY] TX_STARTED fast_reply IMM
1415781 INFO  [LINK] fast_reply=1 tx=0x7C698BBC00
1415801 INFO  [LINK] RX type=32 src=0x0101 win=0
1415978 INFO  [PHY] TX_STARTED fast_reply IMM
1415981 INFO  [LINK] fast_reply=1 tx=0x7F63948A00
1416001 INFO  [LINK] RX type=32 src=0x0101 win=0
1416178 INFO  [PHY] TX_STARTED fast_reply IMM
1416180 INFO  [LINK] fast_reply=1 tx=0x825D9C1200
1416201 INFO  [LINK] RX type=32 src=0x0101 win=0
1416377 INFO  [PHY] TX_STARTED fast_reply IMM
1416380 INFO  [LINK] fast_reply=1 tx=0x85577CF600
1416401 INFO  [LINK] RX type=32 src=0x0101 win=0
1416577 INFO  [PHY] TX_STARTED fast_reply IMM
1416580 INFO  [LINK] fast_reply=1 tx=0x88515E2C00
1416601 INFO  [LINK] RX type=32 src=0x0101 win=0
1416776 INFO  [PHY] TX_STARTED fast_reply IMM
1416779 INFO  [LINK] fast_reply=1 tx=0x8B4B4FB800
1416801 INFO  [LINK] RX type=32 src=0x0101 win=0
1416976 INFO  [PHY] TX_STARTED fast_reply IMM
1416979 INFO  [LINK] fast_reply=1 tx=0x8E455A8C00
1417001 INFO  [LINK] RX type=32 src=0x0101 win=0
1417175 INFO  [PHY] TX_STARTED fast_reply IMM
1417178 INFO  [LINK] fast_reply=1 tx=0x913F4E0400
1417201 INFO  [LINK] RX type=32 src=0x0101 win=0
1417375 INFO  [PHY] TX_STARTED fast_reply IMM
1417378 INFO  [LINK] fast_reply=1 tx=0x943944B600
1417401 INFO  [LINK] RX type=32 src=0x0101 win=0
1417574 INFO  [PHY] TX_STARTED fast_reply IMM
1417577 INFO  [LINK] fast_reply=1 tx=0x973323FC00
1417601 INFO  [LINK] RX type=32 src=0x0101 win=0
1417774 INFO  [PHY] TX_STARTED fast_reply IMM
1417777 INFO  [LINK] fast_reply=1 tx=0x9A2D18D800
1417801 INFO  [LINK] RX type=32 src=0x0101 win=0
1417974 INFO  [PHY] TX_STARTED fast_reply IMM
1417976 INFO  [LINK] fast_reply=1 tx=0x9D26FEEE00
1418001 INFO  [LINK] RX type=32 src=0x0101 win=0
1418173 INFO  [PHY] TX_STARTED fast_reply IMM
1418176 INFO  [LINK] fast_reply=1 tx=0xA020DE0000
1418201 INFO  [LINK] RX type=32 src=0x0101 win=0
1418373 INFO  [PHY] TX_STARTED fast_reply IMM
1418376 INFO  [LINK] fast_reply=1 tx=0xA31B6B8C00
1418401 INFO  [LINK] RX type=32 src=0x0101 win=0
1418572 INFO  [PHY] TX_STARTED fast_reply IMM
1418575 INFO  [LINK] fast_reply=1 tx=0xA614B89200
1418601 INFO  [LINK] RX type=32 src=0x0101 win=0
1418772 INFO  [PHY] TX_STARTED fast_reply IMM
1418775 INFO  [LINK] fast_reply=1 tx=0xA90EBD4200
1418801 INFO  [LINK] RX type=32 src=0x0101 win=0
1418971 INFO  [PHY] TX_STARTED fast_reply IMM
1418974 INFO  [LINK] fast_reply=1 tx=0xAC08A8C400
1419001 INFO  [LINK] RX type=32 src=0x0101 win=0
1419171 INFO  [PHY] TX_STARTED fast_reply IMM
1419174 INFO  [LINK] fast_reply=1 tx=0xAF028F2C00
1419201 INFO  [LINK] RX type=32 src=0x0101 win=0
1419370 INFO  [PHY] TX_STARTED fast_reply IMM
1419373 INFO  [LINK] fast_reply=1 tx=0xB1FC729800
1419401 INFO  [LINK] RX type=32 src=0x0101 win=0
1419570 INFO  [PHY] TX_STARTED fast_reply IMM
1419573 INFO  [LINK] fast_reply=1 tx=0xB4F6645E00
1419601 INFO  [LINK] RX type=32 src=0x0101 win=0
1419770 INFO  [PHY] TX_STARTED fast_reply IMM
1419772 INFO  [LINK] fast_reply=1 tx=0xB7F05CF800
1419801 INFO  [LINK] RX type=32 src=0x0101 win=0
1419969 INFO  [PHY] TX_STARTED fast_reply IMM
1419972 INFO  [LINK] fast_reply=1 tx=0xBAEA6E4600
1420001 INFO  [LINK] RX type=32 src=0x0101 win=0
1420169 INFO  [PHY] TX_STARTED fast_reply IMM
1420172 INFO  [LINK] fast_reply=1 tx=0xBDE4798600
1420201 INFO  [LINK] RX type=32 src=0x0101 win=0
1420368 INFO  [PHY] TX_STARTED fast_reply IMM
1420371 INFO  [LINK] fast_reply=1 tx=0xC0DE757200
1420401 INFO  [LINK] RX type=32 src=0x0101 win=0
1420568 INFO  [PHY] TX_STARTED fast_reply IMM
1420571 INFO  [LINK] fast_reply=1 tx=0xC3D876B000
1420601 INFO  [LINK] RX type=32 src=0x0101 win=0
1420767 INFO  [PHY] TX_STARTED fast_reply IMM
1420770 INFO  [LINK] fast_reply=1 tx=0xC6D2657C00
1420801 INFO  [LINK] RX type=32 src=0x0101 win=0
1420967 INFO  [PHY] TX_STARTED fast_reply IMM
1420970 INFO  [LINK] fast_reply=1 tx=0xC9CC675E00
1421001 INFO  [LINK] RX type=32 src=0x0101 win=0
1421166 INFO  [PHY] TX_STARTED fast_reply IMM
1421169 INFO  [LINK] fast_reply=1 tx=0xCCC64AE400
1421201 INFO  [LINK] RX type=32 src=0x0101 win=0
1421366 INFO  [PHY] TX_STARTED fast_reply IMM
1421369 INFO  [LINK] fast_reply=1 tx=0xCFC0388C00
1421401 INFO  [LINK] RX type=32 src=0x0101 win=0
1421565 INFO  [PHY] TX_STARTED fast_reply IMM
1421568 INFO  [LINK] fast_reply=1 tx=0xD2BA2CEA00
1421601 INFO  [LINK] RX type=32 src=0x0101 win=0
1421765 INFO  [PHY] TX_STARTED fast_reply IMM
1421768 INFO  [LINK] fast_reply=1 tx=0xD5B4360000
1421801 INFO  [LINK] RX type=32 src=0x0101 win=0
1421965 INFO  [PHY] TX_STARTED fast_reply IMM
1421967 INFO  [LINK] fast_reply=1 tx=0xD8AE392800
1422001 INFO  [LINK] RX type=32 src=0x0101 win=0
1422164 INFO  [PHY] TX_STARTED fast_reply IMM
1422167 INFO  [LINK] fast_reply=1 tx=0xDBA8272400
1422201 INFO  [LINK] RX type=32 src=0x0101 win=0
1422364 INFO  [PHY] TX_STARTED fast_reply IMM
1422367 INFO  [LINK] fast_reply=1 tx=0xDEA226C400
1422401 INFO  [LINK] RX type=32 src=0x0101 win=0
1422563 INFO  [PHY] TX_STARTED fast_reply IMM
1422566 INFO  [LINK] fast_reply=1 tx=0xE19C184200
1422601 INFO  [LINK] RX type=32 src=0x0101 win=0
1422763 INFO  [PHY] TX_STARTED fast_reply IMM
1422766 INFO  [LINK] fast_reply=1 tx=0xE4960EAE00
1422801 INFO  [LINK] RX type=32 src=0x0101 win=0
1422962 INFO  [PHY] TX_STARTED fast_reply IMM
1422965 INFO  [LINK] fast_reply=1 tx=0xE78FF88C00
1423001 INFO  [LINK] RX type=32 src=0x0101 win=0
1423162 INFO  [PHY] TX_STARTED fast_reply IMM
1423165 INFO  [LINK] fast_reply=1 tx=0xEA8A157200
1423201 INFO  [LINK] RX type=32 src=0x0101 win=0
1423361 INFO  [PHY] TX_STARTED fast_reply IMM
1423364 INFO  [LINK] fast_reply=1 tx=0xED84117200
1423401 INFO  [LINK] RX type=32 src=0x0101 win=0
1423561 INFO  [PHY] TX_STARTED fast_reply IMM
1423564 INFO  [LINK] fast_reply=1 tx=0xF07E145C00
1423601 INFO  [LINK] RX type=32 src=0x0101 win=0
1423760 INFO  [PHY] TX_STARTED fast_reply IMM
1423763 INFO  [LINK] fast_reply=1 tx=0xF3780E9000
1423801 INFO  [LINK] RX type=32 src=0x0101 win=0
1423960 INFO  [PHY] TX_STARTED fast_reply IMM
1423963 INFO  [LINK] fast_reply=1 tx=0xF672868800
1424001 INFO  [LINK] RX type=32 src=0x0101 win=0
1424160 INFO  [PHY] TX_STARTED fast_reply IMM
1424163 INFO  [LINK] fast_reply=1 tx=0xF96CCF6000
1424201 INFO  [LINK] RX type=32 src=0x0101 win=0
1424228 WARN  [PHY] RX_ERR st=0x04800103 cnt=1
1424359 INFO  [PHY] TX_STARTED fast_reply IMM
1424362 INFO  [LINK] fast_reply=1 tx=0xFC65CE0200
1424379 WARN  [PHY] RX_ERR st=0x04800103 cnt=1
1424401 INFO  [LINK] RX type=32 src=0x0101 win=0
1424559 INFO  [PHY] TX_STARTED fast_reply IMM
1424561 INFO  [LINK] fast_reply=1 tx=0xFF5FC7AA00
1424601 INFO  [LINK] RX type=32 src=0x0101 win=0
1424758 INFO  [PHY] TX_STARTED fast_reply IMM
1424761 INFO  [LINK] fast_reply=1 tx=0x0259B07400
1424801 INFO  [LINK] RX type=32 src=0x0101 win=0
1424958 INFO  [PHY] TX_STARTED fast_reply IMM
1424960 INFO  [LINK] fast_reply=1 tx=0x0553A92000
1425001 INFO  [LINK] RX type=32 src=0x0101 win=0
1425157 INFO  [PHY] TX_STARTED fast_reply IMM
1425160 INFO  [LINK] fast_reply=1 tx=0x084DAB3800
1425201 INFO  [LINK] RX type=32 src=0x0101 win=0
1425357 INFO  [PHY] TX_STARTED fast_reply IMM
1425360 INFO  [LINK] fast_reply=1 tx=0x0B47BE4800
1425401 INFO  [LINK] RX type=32 src=0x0101 win=0
1425556 INFO  [PHY] TX_STARTED fast_reply IMM
1425559 INFO  [LINK] fast_reply=1 tx=0x0E41C55200
1425601 INFO  [LINK] RX type=32 src=0x0101 win=0
1425756 INFO  [PHY] TX_STARTED fast_reply IMM
1425759 INFO  [LINK] fast_reply=1 tx=0x113BCF6600
1425801 INFO  [LINK] RX type=32 src=0x0101 win=0
1425955 INFO  [PHY] TX_STARTED fast_reply IMM
1425958 INFO  [LINK] fast_reply=1 tx=0x1435BFBA00
1426001 INFO  [LINK] RX type=32 src=0x0101 win=0
1426155 INFO  [PHY] TX_STARTED fast_reply IMM
1426158 INFO  [LINK] fast_reply=1 tx=0x172FBF7000
1426201 INFO  [LINK] RX type=32 src=0x0101 win=0
1426355 INFO  [PHY] TX_STARTED fast_reply IMM
1426357 INFO  [LINK] fast_reply=1 tx=0x1A29C4F200
1426401 INFO  [LINK] RX type=32 src=0x0101 win=0
1426554 INFO  [PHY] TX_STARTED fast_reply IMM
1426557 INFO  [LINK] fast_reply=1 tx=0x1D23C1FC00
1426601 INFO  [LINK] RX type=32 src=0x0101 win=0
1426754 INFO  [PHY] TX_STARTED fast_reply IMM
1426757 INFO  [LINK] fast_reply=1 tx=0x201DCF5000
1426801 INFO  [LINK] RX type=32 src=0x0101 win=0
1426953 INFO  [PHY] TX_STARTED fast_reply IMM
1426956 INFO  [LINK] fast_reply=1 tx=0x2317CBF200
1427001 INFO  [LINK] RX type=32 src=0x0101 win=0
1427153 INFO  [PHY] TX_STARTED fast_reply IMM
1427156 INFO  [LINK] fast_reply=1 tx=0x2611D7C200
1427201 INFO  [LINK] RX type=32 src=0x0101 win=0
1427352 INFO  [PHY] TX_STARTED fast_reply IMM
1427355 INFO  [LINK] fast_reply=1 tx=0x290BCBF800
1427401 INFO  [LINK] RX type=32 src=0x0101 win=0
1427552 INFO  [PHY] TX_STARTED fast_reply IMM
1427555 INFO  [LINK] fast_reply=1 tx=0x2C05C03000
1427601 INFO  [LINK] RX type=32 src=0x0101 win=0
1427752 INFO  [PHY] TX_STARTED fast_reply IMM
1427754 INFO  [LINK] fast_reply=1 tx=0x2EFFC31000
1427801 INFO  [LINK] RX type=32 src=0x0101 win=0
1427951 INFO  [PHY] TX_STARTED fast_reply IMM
1427954 INFO  [LINK] fast_reply=1 tx=0x31F9ADEC00
1428001 INFO  [LINK] RX type=32 src=0x0101 win=0
1428151 INFO  [PHY] TX_STARTED fast_reply IMM
1428151 INFO  [LINK] RX type=32 src=0x0101 win=0
1428154 INFO  [LINK] fast_reply=1 tx=0x34F3A5D600
1428350 INFO  [PHY] TX_STARTED fast_reply IMM
1428351 INFO  [LINK] RX type=32 src=0x0101 win=0
1428353 INFO  [LINK] fast_reply=1 tx=0x37ED81E800
1428550 INFO  [PHY] TX_STARTED fast_reply IMM
1428551 INFO  [LINK] RX type=32 src=0x0101 win=0
1428553 INFO  [LINK] fast_reply=1 tx=0x3AE774B800
1428749 INFO  [PHY] TX_STARTED fast_reply IMM
1428751 INFO  [LINK] RX type=32 src=0x0101 win=0
1428752 INFO  [LINK] fast_reply=1 tx=0x3DE14BD200
1428949 INFO  [PHY] TX_STARTED fast_reply IMM
1428951 INFO  [LINK] RX type=32 src=0x0101 win=0
1428952 INFO  [LINK] fast_reply=1 tx=0x40DB305400
1429148 INFO  [PHY] TX_STARTED fast_reply IMM
1429151 INFO  [LINK] RX type=32 src=0x0101 win=0
1429151 INFO  [LINK] fast_reply=1 tx=0x43D5152800
1429348 INFO  [PHY] TX_STARTED fast_reply IMM
1429351 INFO  [LINK] RX type=32 src=0x0101 win=0
1429351 INFO  [LINK] fast_reply=1 tx=0x46CF0B3600
1429548 INFO  [PHY] TX_STARTED fast_reply IMM
1429551 INFO  [LINK] fast_reply=1 tx=0x49C9B95200
1429551 INFO  [LINK] RX type=32 src=0x0101 win=0
1429747 INFO  [PHY] TX_STARTED fast_reply IMM
1429750 INFO  [LINK] fast_reply=1 tx=0x4CC2FEA400
1429751 INFO  [LINK] RX type=32 src=0x0101 win=0
1429882 WARN  [PHY] RX_ERR st=0x04800103 cnt=1
1429947 INFO  [PHY] TX_STARTED fast_reply IMM
1429950 INFO  [LINK] fast_reply=1 tx=0x4FBCC43600
1429951 INFO  [LINK] RX type=32 src=0x0101 win=0
1430146 INFO  [PHY] TX_STARTED fast_reply IMM
1430149 INFO  [LINK] fast_reply=1 tx=0x52B69FC400
1430151 INFO  [LINK] RX type=32 src=0x0101 win=0
1430295 WARN  [PHY] RX_ERR st=0x04800103 cnt=1
1430346 INFO  [PHY] TX_STARTED fast_reply IMM
1430349 INFO  [LINK] fast_reply=1 tx=0x55B0927800
1430351 INFO  [LINK] RX type=32 src=0x0101 win=0
1430545 INFO  [PHY] TX_STARTED fast_reply IMM
1430548 INFO  [LINK] fast_reply=1 tx=0x58AA71EE00
1430551 INFO  [LINK] RX type=32 src=0x0101 win=0
1430745 INFO  [PHY] TX_STARTED fast_reply IMM
1430748 INFO  [LINK] fast_reply=1 tx=0x5BA46F0E00
1430751 INFO  [LINK] RX type=32 src=0x0101 win=0
1430944 INFO  [PHY] TX_STARTED fast_reply IMM
1430947 INFO  [LINK] fast_reply=1 tx=0x5E9E4A7600
1430951 INFO  [LINK] RX type=32 src=0x0101 win=0
1431144 INFO  [PHY] TX_STARTED fast_reply IMM
1431147 INFO  [LINK] fast_reply=1 tx=0x61983A1600
1431151 INFO  [LINK] RX type=32 src=0x0101 win=0
1431343 INFO  [PHY] TX_STARTED fast_reply IMM
1431346 INFO  [LINK] fast_reply=1 tx=0x6492228E00
1431351 INFO  [LINK] RX type=32 src=0x0101 win=0
1431543 WARN  [PHY] RX_ERR st=0x00810F03 cnt=1
1431743 INFO  [PHY] TX_STARTED fast_reply IMM
1431745 INFO  [LINK] fast_reply=1 tx=0x6A860A7200
1431751 INFO  [LINK] RX type=32 src=0x0101 win=0
1431942 INFO  [PHY] TX_STARTED fast_reply IMM
1431945 INFO  [LINK] fast_reply=1 tx=0x6D7FFC6400
1431951 INFO  [LINK] RX type=32 src=0x0101 win=0
1432142 INFO  [PHY] TX_STARTED fast_reply IMM
1432145 INFO  [LINK] fast_reply=1 tx=0x7079F77200
1432151 INFO  [LINK] RX type=32 src=0x0101 win=0
1432341 INFO  [PHY] TX_STARTED fast_reply IMM
1432344 INFO  [LINK] fast_reply=1 tx=0x7373C39000
1432351 INFO  [LINK] RX type=32 src=0x0101 win=0
1432541 INFO  [PHY] TX_STARTED fast_reply IMM
1432544 INFO  [LINK] fast_reply=1 tx=0x766DAE5200
1432551 INFO  [LINK] RX type=32 src=0x0101 win=0
1432740 INFO  [PHY] TX_STARTED fast_reply IMM
1432743 INFO  [LINK] fast_reply=1 tx=0x79678CEA00
1432751 INFO  [LINK] RX type=32 src=0x0101 win=0
1432940 INFO  [PHY] TX_STARTED fast_reply IMM
1432943 INFO  [LINK] fast_reply=1 tx=0x7C61796400
1432951 INFO  [LINK] RX type=32 src=0x0101 win=0
1433139 INFO  [PHY] TX_STARTED fast_reply IMM
1433142 INFO  [LINK] fast_reply=1 tx=0x7F5B686E00
1433151 INFO  [LINK] RX type=32 src=0x0101 win=0
1433339 INFO  [PHY] TX_STARTED fast_reply IMM
1433342 INFO  [LINK] fast_reply=1 tx=0x8255663600
1433351 INFO  [LINK] RX type=32 src=0x0101 win=0
1433539 INFO  [PHY] TX_STARTED fast_reply IMM
1433541 INFO  [LINK] fast_reply=1 tx=0x854F6D9000
1433551 INFO  [LINK] RX type=32 src=0x0101 win=0
1433738 INFO  [PHY] TX_STARTED fast_reply IMM
1433741 INFO  [LINK] fast_reply=1 tx=0x88496CF400
1433751 INFO  [LINK] RX type=32 src=0x0101 win=0
1433938 INFO  [PHY] TX_STARTED fast_reply IMM
1433941 INFO  [LINK] fast_reply=1 tx=0x8B436A2800
1433951 INFO  [LINK] RX type=32 src=0x0101 win=0
1434137 INFO  [PHY] TX_STARTED fast_reply IMM
1434140 INFO  [LINK] fast_reply=1 tx=0x8E3D458000
1434151 INFO  [LINK] RX type=32 src=0x0101 win=0
1434337 INFO  [PHY] TX_STARTED fast_reply IMM
1434340 INFO  [LINK] fast_reply=1 tx=0x9137314A00
1434351 INFO  [LINK] RX type=32 src=0x0101 win=0
1434536 INFO  [PHY] TX_STARTED fast_reply IMM
1434539 INFO  [LINK] fast_reply=1 tx=0x9430F7C000
1434551 INFO  [LINK] RX type=32 src=0x0101 win=0
1434736 INFO  [PHY] TX_STARTED fast_reply IMM
1434739 INFO  [LINK] fast_reply=1 tx=0x972ADC1200
1434751 INFO  [LINK] RX type=32 src=0x0101 win=0
1434935 INFO  [PHY] TX_STARTED fast_reply IMM
1434938 INFO  [LINK] fast_reply=1 tx=0x9A24BF1600
1434951 INFO  [LINK] RX type=32 src=0x0101 win=0
1435135 INFO  [PHY] TX_STARTED fast_reply IMM
1435138 INFO  [LINK] fast_reply=1 tx=0x9D1E9C8E00
1435151 INFO  [LINK] RX type=32 src=0x0101 win=0
1435335 INFO  [PHY] TX_STARTED fast_reply IMM
1435337 INFO  [LINK] fast_reply=1 tx=0xA018932A00
1435351 INFO  [LINK] RX type=32 src=0x0101 win=0
1435534 INFO  [PHY] TX_STARTED fast_reply IMM
1435537 INFO  [LINK] fast_reply=1 tx=0xA314134C00
1435551 INFO  [LINK] RX type=32 src=0x0101 win=0
1435734 INFO  [PHY] TX_STARTED fast_reply IMM
1435737 INFO  [LINK] fast_reply=1 tx=0xA60CF74600
1435751 INFO  [LINK] RX type=32 src=0x0101 win=0
1435933 INFO  [PHY] TX_STARTED fast_reply IMM
1435936 INFO  [LINK] fast_reply=1 tx=0xA906951400
1435951 INFO  [LINK] RX type=32 src=0x0101 win=0
1436133 INFO  [PHY] TX_STARTED fast_reply IMM
1436136 INFO  [LINK] fast_reply=1 tx=0xAC008C4400
1436151 INFO  [LINK] RX type=32 src=0x0101 win=0
1436332 INFO  [PHY] TX_STARTED fast_reply IMM
1436335 INFO  [LINK] fast_reply=1 tx=0xAEFA6B3C00
1436351 INFO  [LINK] RX type=32 src=0x0101 win=0
1436532 INFO  [PHY] TX_STARTED fast_reply IMM
1436535 INFO  [LINK] fast_reply=1 tx=0xB1F4631A00
1436551 INFO  [LINK] RX type=32 src=0x0101 win=0
1436731 INFO  [PHY] TX_STARTED fast_reply IMM
1436734 INFO  [LINK] fast_reply=1 tx=0xB4EE40FC00
1436751 INFO  [LINK] RX type=32 src=0x0101 win=0
1436931 INFO  [PHY] TX_STARTED fast_reply IMM
1436934 INFO  [LINK] fast_reply=1 tx=0xB7E82D0800
1436951 INFO  [LINK] RX type=32 src=0x0101 win=0
1437130 INFO  [PHY] TX_STARTED fast_reply IMM
1437133 INFO  [LINK] fast_reply=1 tx=0xBAE1E08000
1437151 INFO  [LINK] RX type=32 src=0x0101 win=0
1437330 INFO  [PHY] TX_STARTED fast_reply IMM
1437333 INFO  [LINK] fast_reply=1 tx=0xBDDBB30200
1437351 INFO  [LINK] RX type=32 src=0x0101 win=0
1437529 INFO  [PHY] TX_STARTED fast_reply IMM
1437532 INFO  [LINK] fast_reply=1 tx=0xC0D57FF000
1437551 INFO  [LINK] RX type=32 src=0x0101 win=0
1437729 INFO  [PHY] TX_STARTED fast_reply IMM
1437732 INFO  [LINK] fast_reply=1 tx=0xC3CF507A00
1437751 INFO  [LINK] RX type=32 src=0x0101 win=0
1437928 INFO  [PHY] TX_STARTED fast_reply IMM
1437931 INFO  [LINK] fast_reply=1 tx=0xC6C91AFA00
1437951 INFO  [LINK] RX type=32 src=0x0101 win=0
1438128 INFO  [PHY] TX_STARTED fast_reply IMM
1438131 INFO  [LINK] fast_reply=1 tx=0xC9C30D1E00
1438151 INFO  [LINK] RX type=32 src=0x0101 win=0
1438327 INFO  [PHY] TX_STARTED fast_reply IMM
1438330 INFO  [LINK] fast_reply=1 tx=0xCCBCF27000
1438351 INFO  [LINK] RX type=32 src=0x0101 win=0
1438527 INFO  [PHY] TX_STARTED fast_reply IMM
1438530 INFO  [LINK] fast_reply=1 tx=0xCFB6F5A000
1438551 INFO  [LINK] RX type=32 src=0x0101 win=0
1438726 INFO  [PHY] TX_STARTED fast_reply IMM
1438729 INFO  [LINK] fast_reply=1 tx=0xD2B0D89800
1438751 INFO  [LINK] RX type=32 src=0x0101 win=0
1438926 INFO  [PHY] TX_STARTED fast_reply IMM
1438929 INFO  [LINK] fast_reply=1 tx=0xD5AACE4C00
1438951 INFO  [LINK] RX type=32 src=0x0101 win=0
1439046 WARN  [PHY] RX_ERR st=0x04800103 cnt=1
1439125 INFO  [PHY] TX_STARTED fast_reply IMM
1439128 INFO  [LINK] fast_reply=1 tx=0xD8A4AAAE00
1439151 INFO  [LINK] RX type=32 src=0x0101 win=0
1439325 INFO  [PHY] TX_STARTED fast_reply IMM
1439328 INFO  [LINK] fast_reply=1 tx=0xDB9E9F0C00
1439351 INFO  [LINK] RX type=32 src=0x0101 win=0
1439524 INFO  [PHY] TX_STARTED fast_reply IMM
1439527 INFO  [LINK] fast_reply=1 tx=0xDE98895800
1439551 INFO  [LINK] RX type=32 src=0x0101 win=0
1439710 WARN  [PHY] RX_ERR st=0x04800103 cnt=1
1439724 INFO  [PHY] TX_STARTED fast_reply IMM
1439727 INFO  [LINK] fast_reply=1 tx=0xE1925D4C00
1439751 INFO  [LINK] RX type=32 src=0x0101 win=0
1439923 INFO  [PHY] TX_STARTED fast_reply IMM
1439926 INFO  [LINK] fast_reply=1 tx=0xE48C3A8000
1439951 INFO  [LINK] RX type=32 src=0x0101 win=0
1440123 INFO  [PHY] TX_STARTED fast_reply IMM
1440126 INFO  [LINK] fast_reply=1 tx=0xE786148200
1440151 INFO  [LINK] RX type=32 src=0x0101 win=0
1440322 INFO  [PHY] TX_STARTED fast_reply IMM
1440325 INFO  [LINK] fast_reply=1 tx=0xEA7FEAE400
1440351 INFO  [LINK] RX type=32 src=0x0101 win=0
1440522 INFO  [PHY] TX_STARTED fast_reply IMM
1440525 INFO  [LINK] fast_reply=1 tx=0xED79D7FC00
1440551 INFO  [LINK] RX type=32 src=0x0101 win=0
1440721 INFO  [PHY] TX_STARTED fast_reply IMM
1440724 INFO  [LINK] fast_reply=1 tx=0xF073C7AA00
1440751 INFO  [LINK] RX type=32 src=0x0101 win=0
1440921 INFO  [PHY] TX_STARTED fast_reply IMM
1440924 INFO  [LINK] fast_reply=1 tx=0xF36DC4CA00
1440951 INFO  [LINK] RX type=32 src=0x0101 win=0
1441121 INFO  [PHY] TX_STARTED fast_reply IMM
1441123 INFO  [LINK] fast_reply=1 tx=0xF667C33C00
1441151 INFO  [LINK] RX type=32 src=0x0101 win=0
1441320 INFO  [PHY] TX_STARTED fast_reply IMM
1441323 INFO  [LINK] fast_reply=1 tx=0xF961D59800
1441351 INFO  [LINK] RX type=32 src=0x0101 win=0
1441520 INFO  [PHY] TX_STARTED fast_reply IMM
1441523 INFO  [LINK] fast_reply=1 tx=0xFC5BE35E00
1441551 INFO  [LINK] RX type=32 src=0x0101 win=0
1441720 INFO  [PHY] TX_STARTED fast_reply IMM
1441722 INFO  [LINK] fast_reply=1 tx=0xFF576EB600
1441751 INFO  [LINK] RX type=32 src=0x0101 win=0
1441919 INFO  [PHY] TX_STARTED fast_reply IMM
1441922 INFO  [LINK] fast_reply=1 tx=0x0250282200
1441951 INFO  [LINK] RX type=32 src=0x0101 win=0
1442118 INFO  [PHY] TX_STARTED fast_reply IMM
1442121 INFO  [LINK] fast_reply=1 tx=0x0549EC5C00
1442151 INFO  [LINK] RX type=32 src=0x0101 win=0
1442318 INFO  [PHY] TX_STARTED fast_reply IMM
1442321 INFO  [LINK] fast_reply=1 tx=0x0843FA3600
1442351 INFO  [LINK] RX type=32 src=0x0101 win=0
1442496 WARN  [PHY] RX_ERR st=0x04800103 cnt=1
1442517 INFO  [PHY] TX_STARTED fast_reply IMM
1442520 INFO  [LINK] fast_reply=1 tx=0x0B3DD75A00
1442551 INFO  [LINK] RX type=32 src=0x0101 win=0
1442717 INFO  [PHY] TX_STARTED fast_reply IMM
1442720 INFO  [LINK] fast_reply=1 tx=0x0E37E17000
1442751 INFO  [LINK] RX type=32 src=0x0101 win=0
1442916 INFO  [PHY] TX_STARTED fast_reply IMM
1442919 INFO  [LINK] fast_reply=1 tx=0x1131D7D800
1442951 INFO  [LINK] RX type=32 src=0x0101 win=0
1443116 INFO  [PHY] TX_STARTED fast_reply IMM
1443119 INFO  [LINK] fast_reply=1 tx=0x142BC88200
1443151 INFO  [LINK] RX type=32 src=0x0101 win=0
1443315 INFO  [PHY] TX_STARTED fast_reply IMM
1443318 INFO  [LINK] fast_reply=1 tx=0x1725D4F400
1443351 INFO  [LINK] RX type=32 src=0x0101 win=0
1443515 INFO  [PHY] TX_STARTED fast_reply IMM
1443518 INFO  [LINK] fast_reply=1 tx=0x1A1FC7B800
1443551 INFO  [LINK] RX type=32 src=0x0101 win=0
1443668 WARN  [PHY] RX_ERR st=0x04800103 cnt=1
1443715 INFO  [PHY] TX_STARTED fast_reply IMM
1443717 INFO  [LINK] fast_reply=1 tx=0x1D19B88A00
1443751 INFO  [LINK] RX type=32 src=0x0101 win=0
1443914 INFO  [PHY] TX_STARTED fast_reply IMM
1443917 INFO  [LINK] fast_reply=1 tx=0x2013A75A00
1443951 INFO  [LINK] RX type=32 src=0x0101 win=0
1444114 INFO  [PHY] TX_STARTED fast_reply IMM
1444117 INFO  [LINK] fast_reply=1 tx=0x230DA23200
1444151 INFO  [LINK] RX type=32 src=0x0101 win=0
1444313 INFO  [PHY] TX_STARTED fast_reply IMM
1444316 INFO  [LINK] fast_reply=1 tx=0x2607A2F400
1444351 INFO  [LINK] RX type=32 src=0x0101 win=0
1444513 INFO  [PHY] TX_STARTED fast_reply IMM
1444516 INFO  [LINK] fast_reply=1 tx=0x2901A42E00
1444551 INFO  [LINK] RX type=32 src=0x0101 win=0
1444712 INFO  [PHY] TX_STARTED fast_reply IMM
1444715 INFO  [LINK] fast_reply=1 tx=0x2BFB9CFA00
1444751 INFO  [LINK] RX type=32 src=0x0101 win=0
1444912 INFO  [PHY] TX_STARTED fast_reply IMM
1444915 INFO  [LINK] fast_reply=1 tx=0x2EF5924400
1444951 INFO  [LINK] RX type=32 src=0x0101 win=0
1445112 INFO  [PHY] TX_STARTED fast_reply IMM
1445114 INFO  [LINK] fast_reply=1 tx=0x31EF8D2800
1445151 INFO  [LINK] RX type=32 src=0x0101 win=0
1445311 INFO  [PHY] TX_STARTED fast_reply IMM
1445314 INFO  [LINK] fast_reply=1 tx=0x34E98BC600
1445351 INFO  [LINK] RX type=32 src=0x0101 win=0
1445511 INFO  [PHY] TX_STARTED fast_reply IMM
1445514 INFO  [LINK] fast_reply=1 tx=0x37E39CA800
1445551 INFO  [LINK] RX type=32 src=0x0101 win=0
1445710 INFO  [PHY] TX_STARTED fast_reply IMM
1445713 INFO  [LINK] fast_reply=1 tx=0x3ADDA0CA00
1445751 INFO  [LINK] RX type=32 src=0x0101 win=0
1445910 INFO  [PHY] TX_STARTED fast_reply IMM
1445913 INFO  [LINK] fast_reply=1 tx=0x3DD7A01A00
1445951 INFO  [LINK] RX type=32 src=0x0101 win=0
1446110 INFO  [PHY] TX_STARTED fast_reply IMM
1446112 INFO  [LINK] fast_reply=1 tx=0x40D1A0F000
1446151 INFO  [LINK] RX type=32 src=0x0101 win=0
1446309 INFO  [PHY] TX_STARTED fast_reply IMM
1446312 INFO  [LINK] fast_reply=1 tx=0x43CB8BE200
1446351 INFO  [LINK] RX type=32 src=0x0101 win=0
1446509 INFO  [PHY] TX_STARTED fast_reply IMM
1446511 INFO  [LINK] fast_reply=1 tx=0x46C5614A00
1446551 INFO  [LINK] RX type=32 src=0x0101 win=0
1446708 INFO  [PHY] TX_STARTED fast_reply IMM
1446711 INFO  [LINK] fast_reply=1 tx=0x49BF55EA00
1446751 INFO  [LINK] RX type=32 src=0x0101 win=0
1446908 INFO  [PHY] TX_STARTED fast_reply IMM
1446911 INFO  [LINK] fast_reply=1 tx=0x4CB94B4A00
1446951 INFO  [LINK] RX type=32 src=0x0101 win=0
1447107 INFO  [PHY] TX_STARTED fast_reply IMM
1447110 INFO  [LINK] fast_reply=1 tx=0x4FB3158400
1447151 INFO  [LINK] RX type=32 src=0x0101 win=0
1447296 WARN  [PHY] RX_ERR st=0x04800103 cnt=1
1447307 INFO  [PHY] TX_STARTED fast_reply IMM
1447310 INFO  [LINK] fast_reply=1 tx=0x52ACDD9C00
1447351 INFO  [LINK] RX type=32 src=0x0101 win=0
1447506 INFO  [PHY] TX_STARTED fast_reply IMM
1447509 INFO  [LINK] fast_reply=1 tx=0x55A75F0800
1447551 INFO  [LINK] RX type=32 src=0x0101 win=0
1447706 INFO  [PHY] TX_STARTED fast_reply IMM
1447709 INFO  [LINK] fast_reply=1 tx=0x58A0BCA400
1447751 INFO  [LINK] RX type=32 src=0x0101 win=0
1447905 INFO  [PHY] TX_STARTED fast_reply IMM
1447908 INFO  [LINK] fast_reply=1 tx=0x5B9A7D2000
1447951 INFO  [LINK] RX type=32 src=0x0101 win=0
1448105 INFO  [PHY] TX_STARTED fast_reply IMM
1448108 INFO  [LINK] fast_reply=1 tx=0x5E9457E000
1448151 INFO  [LINK] RX type=32 src=0x0101 win=0
1448304 INFO  [PHY] TX_STARTED fast_reply IMM
1448307 INFO  [LINK] fast_reply=1 tx=0x618E3B0600
1448351 INFO  [LINK] RX type=32 src=0x0101 win=0
1448368 WARN  [PHY] RX_ERR st=0x04800103 cnt=1
1448504 INFO  [PHY] TX_STARTED fast_reply IMM
1448507 INFO  [LINK] fast_reply=1 tx=0x64881FF200
1448551 INFO  [LINK] RX type=32 src=0x0101 win=0
1448704 INFO  [PHY] TX_STARTED fast_reply IMM
1448706 INFO  [LINK] fast_reply=1 tx=0x6781FDEC00
1448751 INFO  [LINK] RX type=32 src=0x0101 win=0
1448903 INFO  [PHY] TX_STARTED fast_reply IMM
1448906 INFO  [LINK] fast_reply=1 tx=0x6A7BE5A400
1448951 INFO  [LINK] RX type=32 src=0x0101 win=0
1449103 INFO  [PHY] TX_STARTED fast_reply IMM
1449105 INFO  [LINK] fast_reply=1 tx=0x6D75C67C00
1449151 INFO  [LINK] RX type=32 src=0x0101 win=0
1449302 INFO  [PHY] TX_STARTED fast_reply IMM
1449305 INFO  [LINK] fast_reply=1 tx=0x706F987E00
1449351 INFO  [LINK] RX type=32 src=0x0101 win=0
1449502 INFO  [PHY] TX_STARTED fast_reply IMM
1449504 INFO  [LINK] fast_reply=1 tx=0x7369834800
1449551 INFO  [LINK] RX type=32 src=0x0101 win=0
1449701 INFO  [PHY] TX_STARTED fast_reply IMM
1449704 INFO  [LINK] fast_reply=1 tx=0x7663687C00
1449751 INFO  [LINK] RX type=32 src=0x0101 win=0
1449901 INFO  [PHY] TX_STARTED fast_reply IMM
1449901 INFO  [LINK] RX type=32 src=0x0101 win=0
1449904 INFO  [LINK] fast_reply=1 tx=0x795D64AA00
1450100 INFO  [PHY] TX_STARTED fast_reply IMM
1450101 INFO  [LINK] RX type=32 src=0x0101 win=0
1450103 INFO  [LINK] fast_reply=1 tx=0x7C57457800
1450300 INFO  [PHY] TX_STARTED fast_reply IMM
1450301 INFO  [LINK] RX type=32 src=0x0101 win=0
1450303 INFO  [LINK] fast_reply=1 tx=0x7F51395A00
1450499 INFO  [PHY] TX_STARTED fast_reply IMM
1450501 INFO  [LINK] RX type=32 src=0x0101 win=0
1450502 INFO  [LINK] fast_reply=1 tx=0x824B065A00
1450699 INFO  [PHY] TX_STARTED fast_reply IMM
1450701 INFO  [LINK] RX type=32 src=0x0101 win=0
1450702 INFO  [LINK] fast_reply=1 tx=0x8544F72800
1450898 INFO  [PHY] TX_STARTED fast_reply IMM
1450901 INFO  [LINK] RX type=32 src=0x0101 win=0
1450901 INFO  [LINK] fast_reply=1 tx=0x883EF67400
1451098 INFO  [PHY] TX_STARTED fast_reply IMM
1451101 INFO  [LINK] RX type=32 src=0x0101 win=0
1451101 INFO  [LINK] fast_reply=1 tx=0x8B38F06E00
1451298 INFO  [PHY] TX_STARTED fast_reply IMM
1451300 INFO  [LINK] fast_reply=1 tx=0x8E32DC9E00
1451301 INFO  [LINK] RX type=32 src=0x0101 win=0
1451497 INFO  [PHY] TX_STARTED fast_reply IMM
1451500 INFO  [LINK] fast_reply=1 tx=0x912CC57200
1451501 INFO  [LINK] RX type=32 src=0x0101 win=0
1451697 INFO  [PHY] TX_STARTED fast_reply IMM
1451700 INFO  [LINK] fast_reply=1 tx=0x9426A99E00
1451701 INFO  [LINK] RX type=32 src=0x0101 win=0
1451896 INFO  [PHY] TX_STARTED fast_reply IMM
1451899 INFO  [LINK] fast_reply=1 tx=0x9720914000
1451901 INFO  [LINK] RX type=32 src=0x0101 win=0
1452093 WARN  [PHY] RX_ERR st=0x04800103 cnt=1
1452295 INFO  [PHY] TX_STARTED fast_reply IMM
1452298 INFO  [LINK] fast_reply=1 tx=0x9D1461AE00
1452301 INFO  [LINK] RX type=32 src=0x0101 win=0
1452495 INFO  [PHY] TX_STARTED fast_reply IMM
1452498 INFO  [LINK] fast_reply=1 tx=0xA00E53A000
1452501 INFO  [LINK] RX type=32 src=0x0101 win=0
1452694 INFO  [PHY] TX_STARTED fast_reply IMM
1452697 INFO  [LINK] fast_reply=1 tx=0xA30848D800
1452701 INFO  [LINK] RX type=32 src=0x0101 win=0
1452894 INFO  [PHY] TX_STARTED fast_reply IMM
1452897 INFO  [LINK] fast_reply=1 tx=0xA60248E200
1452901 INFO  [LINK] RX type=32 src=0x0101 win=0
1453093 INFO  [PHY] TX_STARTED fast_reply IMM
1453096 INFO  [LINK] fast_reply=1 tx=0xA8FC2E0200
1453101 INFO  [LINK] RX type=32 src=0x0101 win=0
1453293 INFO  [PHY] TX_STARTED fast_reply IMM
1453296 INFO  [LINK] fast_reply=1 tx=0xABF60C3C00
1453301 INFO  [LINK] RX type=32 src=0x0101 win=0
1453492 INFO  [PHY] TX_STARTED fast_reply IMM
1453495 INFO  [LINK] fast_reply=1 tx=0xAEEFE40600
1453501 INFO  [LINK] RX type=32 src=0x0101 win=0
1453692 INFO  [PHY] TX_STARTED fast_reply IMM
1453695 INFO  [LINK] fast_reply=1 tx=0xB1EB332200
1453701 INFO  [LINK] RX type=32 src=0x0101 win=0
1453892 INFO  [PHY] TX_STARTED fast_reply IMM
1453894 INFO  [LINK] fast_reply=1 tx=0xB4E3EBFA00
1453901 INFO  [LINK] RX type=32 src=0x0101 win=0
1454091 INFO  [PHY] TX_STARTED fast_reply IMM
1454094 INFO  [LINK] fast_reply=1 tx=0xB7DE282A00
1454101 INFO  [LINK] RX type=32 src=0x0101 win=0
1454290 INFO  [PHY] TX_STARTED fast_reply IMM
1454293 INFO  [LINK] fast_reply=1 tx=0xBAD7237600
1454301 INFO  [LINK] RX type=32 src=0x0101 win=0
1454490 INFO  [PHY] TX_STARTED fast_reply IMM
1454493 INFO  [LINK] fast_reply=1 tx=0xBDD0F4BC00
1454501 INFO  [LINK] RX type=32 src=0x0101 win=0
1454689 INFO  [PHY] TX_STARTED fast_reply IMM
1454692 INFO  [LINK] fast_reply=1 tx=0xC0CADD5600
1454701 INFO  [LINK] RX type=32 src=0x0101 win=0
1454889 INFO  [PHY] TX_STARTED fast_reply IMM
1454892 INFO  [LINK] fast_reply=1 tx=0xC3C4B1EA00
1454901 INFO  [LINK] RX type=32 src=0x0101 win=0
1455089 INFO  [PHY] TX_STARTED fast_reply IMM
1455091 INFO  [LINK] fast_reply=1 tx=0xC6BE87A600
1455101 INFO  [LINK] RX type=32 src=0x0101 win=0
1455288 INFO  [PHY] TX_STARTED fast_reply IMM
1455291 INFO  [LINK] fast_reply=1 tx=0xC9B8600200
1455301 INFO  [LINK] RX type=32 src=0x0101 win=0
1455409 WARN  [PHY] RX_ERR st=0x04800103 cnt=1
1455488 INFO  [PHY] TX_STARTED fast_reply IMM
1455490 INFO  [LINK] fast_reply=1 tx=0xCCB2479C00
1455501 INFO  [LINK] RX type=32 src=0x0101 win=0
1455687 INFO  [PHY] TX_STARTED fast_reply IMM
1455690 INFO  [LINK] fast_reply=1 tx=0xCFAC366400
1455701 INFO  [LINK] RX type=32 src=0x0101 win=0
1455887 INFO  [PHY] TX_STARTED fast_reply IMM
1455890 INFO  [LINK] fast_reply=1 tx=0xD2A6222C00
1455901 INFO  [LINK] RX type=32 src=0x0101 win=0
1456084 WARN  [PHY] RX_ERR st=0x04800103 cnt=1
1456286 INFO  [PHY] TX_STARTED fast_reply IMM
1456289 INFO  [LINK] fast_reply=1 tx=0xD899B4D000
1456301 INFO  [LINK] RX type=32 src=0x0101 win=0
1456485 INFO  [PHY] TX_STARTED fast_reply IMM
1456488 INFO  [LINK] fast_reply=1 tx=0xDB936D8400
1456501 INFO  [LINK] RX type=32 src=0x0101 win=0
1456685 INFO  [PHY] TX_STARTED fast_reply IMM
1456688 INFO  [LINK] fast_reply=1 tx=0xDE8D41EA00
1456701 INFO  [LINK] RX type=32 src=0x0101 win=0
1456884 INFO  [PHY] TX_STARTED fast_reply IMM
1456887 INFO  [LINK] fast_reply=1 tx=0xE186EBAE00
1456901 INFO  [LINK] RX type=32 src=0x0101 win=0
1457084 INFO  [PHY] TX_STARTED fast_reply IMM
1457087 INFO  [LINK] fast_reply=1 tx=0xE480B8BA00
1457101 INFO  [LINK] RX type=32 src=0x0101 win=0
1457283 INFO  [PHY] TX_STARTED fast_reply IMM
1457286 INFO  [LINK] fast_reply=1 tx=0xE77A707A00
1457301 INFO  [LINK] RX type=32 src=0x0101 win=0
1457483 INFO  [PHY] TX_STARTED fast_reply IMM
1457486 INFO  [LINK] fast_reply=1 tx=0xEA744C9600
1457501 INFO  [LINK] RX type=32 src=0x0101 win=0
1457682 INFO  [PHY] TX_STARTED fast_reply IMM
1457685 INFO  [LINK] fast_reply=1 tx=0xED6E127A00
1457701 INFO  [LINK] RX type=32 src=0x0101 win=0
1457882 INFO  [PHY] TX_STARTED fast_reply IMM
1457885 INFO  [LINK] fast_reply=1 tx=0xF067FBEC00
1457901 INFO  [LINK] RX type=32 src=0x0101 win=0
1458081 INFO  [PHY] TX_STARTED fast_reply IMM
1458084 INFO  [LINK] fast_reply=1 tx=0xF361CCD400
1458101 INFO  [LINK] RX type=32 src=0x0101 win=0
1458148 WARN  [PHY] RX_ERR st=0x04800103 cnt=1
1458281 INFO  [PHY] TX_STARTED fast_reply IMM
1458284 INFO  [LINK] fast_reply=1 tx=0xF65BB27800
1458301 INFO  [LINK] RX type=32 src=0x0101 win=0
1458480 INFO  [PHY] TX_STARTED fast_reply IMM
1458483 INFO  [LINK] fast_reply=1 tx=0xF9557D3400
1458501 INFO  [LINK] RX type=32 src=0x0101 win=0
1458680 INFO  [PHY] TX_STARTED fast_reply IMM
1458683 INFO  [LINK] fast_reply=1 tx=0xFC4F66C800
1458701 INFO  [LINK] RX type=32 src=0x0101 win=0
1458879 INFO  [PHY] TX_STARTED fast_reply IMM
1458882 INFO  [LINK] fast_reply=1 tx=0xFF49466C00
1458901 INFO  [LINK] RX type=32 src=0x0101 win=0
1458967 WARN  [PHY] RX_ERR st=0x04800103 cnt=1
1459079 INFO  [PHY] TX_STARTED fast_reply IMM
1459082 INFO  [LINK] fast_reply=1 tx=0x02431F5400
1459101 INFO  [LINK] RX type=32 src=0x0101 win=0
1459279 INFO  [PHY] TX_STARTED fast_reply IMM
1459281 INFO  [LINK] fast_reply=1 tx=0x053CF39400
1459301 INFO  [LINK] RX type=32 src=0x0101 win=0
1459478 INFO  [PHY] TX_STARTED fast_reply IMM
1459481 INFO  [LINK] fast_reply=1 tx=0x0836CE4000
1459501 INFO  [LINK] RX type=32 src=0x0101 win=0
1459678 INFO  [PHY] TX_STARTED fast_reply IMM
1459680 INFO  [LINK] fast_reply=1 tx=0x0B30AA7A00
1459701 INFO  [LINK] RX type=32 src=0x0101 win=0
1459877 INFO  [PHY] TX_STARTED fast_reply IMM
1459880 INFO  [LINK] fast_reply=1 tx=0x0E2A9C3000
1459901 INFO  [LINK] RX type=32 src=0x0101 win=0
1460077 INFO  [PHY] TX_STARTED fast_reply IMM
1460080 INFO  [LINK] fast_reply=1 tx=0x1124A22E00
1460101 INFO  [LINK] RX type=32 src=0x0101 win=0
1460276 INFO  [PHY] TX_STARTED fast_reply IMM
1460279 INFO  [LINK] fast_reply=1 tx=0x141E991800
1460301 INFO  [LINK] RX type=32 src=0x0101 win=0
1460476 INFO  [PHY] TX_STARTED fast_reply IMM
1460479 INFO  [LINK] fast_reply=1 tx=0x171890FE00
1460501 INFO  [LINK] RX type=32 src=0x0101 win=0
1460676 INFO  [PHY] TX_STARTED fast_reply IMM
1460679 INFO  [LINK] fast_reply=1 tx=0x1A14201E00
1460701 INFO  [LINK] RX type=32 src=0x0101 win=0
1460875 INFO  [PHY] TX_STARTED fast_reply IMM
1460878 INFO  [LINK] fast_reply=1 tx=0x1D0CA95C00
1460901 INFO  [LINK] RX type=32 src=0x0101 win=0
1461075 INFO  [PHY] TX_STARTED fast_reply IMM
1461078 INFO  [LINK] fast_reply=1 tx=0x20069A2C00
1461101 INFO  [LINK] RX type=32 src=0x0101 win=0
1461274 INFO  [PHY] TX_STARTED fast_reply IMM
1461277 INFO  [LINK] fast_reply=1 tx=0x2300740E00
1461301 INFO  [LINK] RX type=32 src=0x0101 win=0
1461474 INFO  [PHY] TX_STARTED fast_reply IMM
1461477 INFO  [LINK] fast_reply=1 tx=0x25FA613A00
1461501 INFO  [LINK] RX type=32 src=0x0101 win=0
1461673 INFO  [PHY] TX_STARTED fast_reply IMM
1461676 INFO  [LINK] fast_reply=1 tx=0x28F4322600
1461701 INFO  [LINK] RX type=32 src=0x0101 win=0
1461873 INFO  [PHY] TX_STARTED fast_reply IMM
1461876 INFO  [LINK] fast_reply=1 tx=0x2BEE199600
1461901 INFO  [LINK] RX type=32 src=0x0101 win=0
1462072 INFO  [PHY] TX_STARTED fast_reply IMM
1462075 INFO  [LINK] fast_reply=1 tx=0x2EE7D46600
1462101 INFO  [LINK] RX type=32 src=0x0101 win=0
1462272 INFO  [PHY] TX_STARTED fast_reply IMM
1462275 INFO  [LINK] fast_reply=1 tx=0x31E1B9A200
1462301 INFO  [LINK] RX type=32 src=0x0101 win=0
1462471 INFO  [PHY] TX_STARTED fast_reply IMM
1462474 INFO  [LINK] fast_reply=1 tx=0x34DB934A00
1462501 INFO  [LINK] RX type=32 src=0x0101 win=0
1462671 INFO  [PHY] TX_STARTED fast_reply IMM
1462674 INFO  [LINK] fast_reply=1 tx=0x37D5851400
1462701 INFO  [LINK] RX type=32 src=0x0101 win=0
1462870 INFO  [PHY] TX_STARTED fast_reply IMM
1462873 INFO  [LINK] fast_reply=1 tx=0x3ACF54AC00
1462901 INFO  [LINK] RX type=32 src=0x0101 win=0
1463070 INFO  [PHY] TX_STARTED fast_reply IMM
1463073 INFO  [LINK] fast_reply=1 tx=0x3DC946F200
1463101 INFO  [LINK] RX type=32 src=0x0101 win=0
1463270 INFO  [PHY] TX_STARTED fast_reply IMM
1463272 INFO  [LINK] fast_reply=1 tx=0x40C3380E00
1463301 INFO  [LINK] RX type=32 src=0x0101 win=0
1463469 INFO  [PHY] TX_STARTED fast_reply IMM
1463472 INFO  [LINK] fast_reply=1 tx=0x43BD1A7200
1463501 INFO  [LINK] RX type=32 src=0x0101 win=0
1463669 INFO  [PHY] TX_STARTED fast_reply IMM
1463671 INFO  [LINK] fast_reply=1 tx=0x46B6ED5E00
1463701 INFO  [LINK] RX type=32 src=0x0101 win=0
1463868 INFO  [PHY] TX_STARTED fast_reply IMM
1463871 INFO  [LINK] fast_reply=1 tx=0x49B0B68200
1463901 INFO  [LINK] RX type=32 src=0x0101 win=0
1464068 INFO  [PHY] TX_STARTED fast_reply IMM
1464071 INFO  [LINK] fast_reply=1 tx=0x4CAAA2D000
1464101 INFO  [LINK] RX type=32 src=0x0101 win=0
1464267 INFO  [PHY] TX_STARTED fast_reply IMM
1464270 INFO  [LINK] fast_reply=1 tx=0x4FA46C5A00
1464301 INFO  [LINK] RX type=32 src=0x0101 win=0
1464467 INFO  [PHY] TX_STARTED fast_reply IMM
1464470 INFO  [LINK] fast_reply=1 tx=0x529E5A6200
1464501 INFO  [LINK] RX type=32 src=0x0101 win=0
1464641 WARN  [PHY] RX_ERR st=0x04800103 cnt=1
1464666 INFO  [PHY] TX_STARTED fast_reply IMM
1464669 INFO  [LINK] fast_reply=1 tx=0x5598309000
1464701 INFO  [LINK] RX type=32 src=0x0101 win=0
1464866 INFO  [PHY] TX_STARTED fast_reply IMM
1464869 INFO  [LINK] fast_reply=1 tx=0x5892273600
1464901 INFO  [LINK] RX type=32 src=0x0101 win=0
1465065 INFO  [PHY] TX_STARTED fast_reply IMM
1465068 INFO  [LINK] fast_reply=1 tx=0x5B8BFB7C00
1465101 INFO  [LINK] RX type=32 src=0x0101 win=0
1465265 INFO  [PHY] TX_STARTED fast_reply IMM
1465268 INFO  [LINK] fast_reply=1 tx=0x5E85D10A00
1465301 INFO  [LINK] RX type=32 src=0x0101 win=0
1465464 INFO  [PHY] TX_STARTED fast_reply IMM
1465467 INFO  [LINK] fast_reply=1 tx=0x617FAB7800
1465501 INFO  [LINK] RX type=32 src=0x0101 win=0
1465664 INFO  [PHY] TX_STARTED fast_reply IMM
1465667 INFO  [LINK] fast_reply=1 tx=0x647971C600
1465701 INFO  [LINK] RX type=32 src=0x0101 win=0
1465863 INFO  [PHY] TX_STARTED fast_reply IMM
1465866 INFO  [LINK] fast_reply=1 tx=0x67733ECC00
1465901 INFO  [LINK] RX type=32 src=0x0101 win=0
1466063 INFO  [PHY] TX_STARTED fast_reply IMM
1466066 INFO  [LINK] fast_reply=1 tx=0x6A6D156800
1466101 INFO  [LINK] RX type=32 src=0x0101 win=0
1466263 INFO  [PHY] TX_STARTED fast_reply IMM
1466265 INFO  [LINK] fast_reply=1 tx=0x6D66F50000
1466301 INFO  [LINK] RX type=32 src=0x0101 win=0
1466462 INFO  [PHY] TX_STARTED fast_reply IMM
1466465 INFO  [LINK] fast_reply=1 tx=0x7060D08C00
1466501 INFO  [LINK] RX type=32 src=0x0101 win=0
1466662 INFO  [PHY] TX_STARTED fast_reply IMM
1466664 INFO  [LINK] fast_reply=1 tx=0x735AAAB000
1466701 INFO  [LINK] RX type=32 src=0x0101 win=0
1466861 INFO  [PHY] TX_STARTED fast_reply IMM
1466864 INFO  [LINK] fast_reply=1 tx=0x7654867800
1466901 INFO  [LINK] RX type=32 src=0x0101 win=0
1467061 INFO  [PHY] TX_STARTED fast_reply IMM
1467063 INFO  [LINK] fast_reply=1 tx=0x794E63F400
1467101 INFO  [LINK] RX type=32 src=0x0101 win=0
1467260 INFO  [PHY] TX_STARTED fast_reply IMM
1467263 INFO  [LINK] fast_reply=1 tx=0x7C48441200
1467301 INFO  [LINK] RX type=32 src=0x0101 win=0
1467407 WARN  [PHY] RX_ERR st=0x04800103 cnt=1
1467460 INFO  [PHY] TX_STARTED fast_reply IMM
1467463 INFO  [LINK] fast_reply=1 tx=0x7F42B89E00
1467501 INFO  [LINK] RX type=32 src=0x0101 win=0
1467659 INFO  [PHY] TX_STARTED fast_reply IMM
1467662 INFO  [LINK] fast_reply=1 tx=0x823C21FA00
1467701 INFO  [LINK] RX type=32 src=0x0101 win=0
1467859 INFO  [PHY] TX_STARTED fast_reply IMM
1467862 INFO  [LINK] fast_reply=1 tx=0x853617B000
1467901 INFO  [LINK] RX type=32 src=0x0101 win=0
1468058 INFO  [PHY] TX_STARTED fast_reply IMM
1468061 INFO  [LINK] fast_reply=1 tx=0x883004C600
1468101 INFO  [LINK] RX type=32 src=0x0101 win=0
1468258 INFO  [PHY] TX_STARTED fast_reply IMM
1468261 INFO  [LINK] fast_reply=1 tx=0x8B29F15400
1468301 INFO  [LINK] RX type=32 src=0x0101 win=0
1468458 INFO  [PHY] TX_STARTED fast_reply IMM
1468460 INFO  [LINK] fast_reply=1 tx=0x8E23DDD400
1468501 INFO  [LINK] RX type=32 src=0x0101 win=0
1468657 INFO  [PHY] TX_STARTED fast_reply IMM
1468660 INFO  [LINK] fast_reply=1 tx=0x911DA50000
1468701 INFO  [LINK] RX type=32 src=0x0101 win=0
1468857 INFO  [PHY] TX_STARTED fast_reply IMM
1468859 INFO  [LINK] fast_reply=1 tx=0x94177CDA00
1468901 INFO  [LINK] RX type=32 src=0x0101 win=0
