1419508 INFO  [LINK] preparing DISC_REQ tick=1419508
1419508 INFO  [PHY] CMD_TX slot=0 win=0
1419508 INFO  [PHY] TX_STARTED imm=1
1419508 INFO  [LINK] DISC_REQ win=7097 seq=184
1419558 INFO  [LINK] TX_DONE win=7097 tx=0x84A584FC00
1419558 INFO  [LINK] RX type=33 src=0x0030 win=0
1419708 INFO  [LINK] preparing DISC_REQ tick=1419708
1419708 INFO  [PHY] CMD_TX slot=0 win=0
1419708 INFO  [PHY] TX_STARTED imm=1
1419708 INFO  [LINK] DISC_REQ win=7098 seq=185
1419758 INFO  [LINK] TX_DONE win=7098 tx=0x879F764200
1419758 INFO  [LINK] RX type=33 src=0x0030 win=0
1419908 INFO  [LINK] preparing DISC_REQ tick=1419908
1419908 INFO  [PHY] CMD_TX slot=0 win=0
1419908 INFO  [PHY] TX_STARTED imm=1
1419908 INFO  [LINK] DISC_REQ win=7099 seq=186
1419958 INFO  [LINK] TX_DONE win=7099 tx=0x8A995A3400
1419958 INFO  [LINK] RX type=33 src=0x0030 win=0
1420108 INFO  [LINK] preparing DISC_REQ tick=1420108
1420108 INFO  [PHY] CMD_TX slot=0 win=0
1420108 INFO  [PHY] TX_STARTED imm=1
1420108 INFO  [LINK] DISC_REQ win=7100 seq=187
1420158 INFO  [LINK] TX_DONE win=7100 tx=0x8D93422000
1420158 INFO  [LINK] RX type=33 src=0x0030 win=0
1420308 INFO  [LINK] preparing DISC_REQ tick=1420308
1420308 INFO  [PHY] CMD_TX slot=0 win=0
1420308 INFO  [PHY] TX_STARTED imm=1
1420308 INFO  [LINK] DISC_REQ win=7101 seq=188
1420358 INFO  [LINK] TX_DONE win=7101 tx=0x908D1A8200
1420358 INFO  [LINK] RX type=33 src=0x0030 win=0
1420508 INFO  [LINK] preparing DISC_REQ tick=1420508
1420508 INFO  [PHY] CMD_TX slot=0 win=0
1420508 INFO  [PHY] TX_STARTED imm=1
1420508 INFO  [LINK] DISC_REQ win=7102 seq=189
1420558 INFO  [LINK] TX_DONE win=7102 tx=0x9386FAF400
1420558 INFO  [LINK] RX type=33 src=0x0030 win=0
1420708 INFO  [LINK] preparing DISC_REQ tick=1420708
1420708 INFO  [PHY] CMD_TX slot=0 win=0
1420708 INFO  [PHY] TX_STARTED imm=1
1420708 INFO  [LINK] DISC_REQ win=7103 seq=190
1420758 INFO  [LINK] TX_DONE win=7103 tx=0x9680DF0400
1420758 INFO  [LINK] RX type=33 src=0x0030 win=0
1420908 INFO  [LINK] preparing DISC_REQ tick=1420908
1420908 INFO  [PHY] CMD_TX slot=0 win=0
1420908 INFO  [PHY] TX_STARTED imm=1
1420908 INFO  [LINK] DISC_REQ win=7104 seq=191
1420958 INFO  [LINK] TX_DONE win=7104 tx=0x997AB4E600
1420958 INFO  [LINK] RX type=33 src=0x0030 win=0
1421108 INFO  [LINK] preparing DISC_REQ tick=1421108
1421108 INFO  [PHY] CMD_TX slot=0 win=0
1421108 INFO  [PHY] TX_STARTED imm=1
1421108 INFO  [LINK] DISC_REQ win=7105 seq=192
1421158 INFO  [LINK] TX_DONE win=7105 tx=0x9C74A5DE00
1421158 INFO  [LINK] RX type=33 src=0x0030 win=0
1421308 INFO  [LINK] preparing DISC_REQ tick=1421308
1421308 INFO  [PHY] CMD_TX slot=0 win=0
1421308 INFO  [PHY] TX_STARTED imm=1
1421308 INFO  [LINK] DISC_REQ win=7106 seq=193
1421358 INFO  [LINK] TX_DONE win=7106 tx=0x9F6E830200
1421358 INFO  [LINK] RX type=33 src=0x0030 win=0
1421508 INFO  [LINK] preparing DISC_REQ tick=1421508
1421508 INFO  [PHY] CMD_TX slot=0 win=0
1421508 INFO  [PHY] TX_STARTED imm=1
1421508 INFO  [LINK] DISC_REQ win=7107 seq=194
1421558 INFO  [LINK] TX_DONE win=7107 tx=0xA26861E000
1421558 INFO  [LINK] RX type=33 src=0x0030 win=0
1421708 INFO  [LINK] preparing DISC_REQ tick=1421708
1421708 INFO  [PHY] CMD_TX slot=0 win=0
1421708 INFO  [PHY] TX_STARTED imm=1
1421708 INFO  [LINK] DISC_REQ win=7108 seq=195
1421758 INFO  [LINK] TX_DONE win=7108 tx=0xA5625C6A00
1421758 INFO  [LINK] RX type=33 src=0x0030 win=0
1421908 INFO  [LINK] preparing DISC_REQ tick=1421908
1421908 INFO  [PHY] CMD_TX slot=0 win=0
1421908 INFO  [PHY] TX_STARTED imm=1
1421908 INFO  [LINK] DISC_REQ win=7109 seq=196
1421958 INFO  [LINK] TX_DONE win=7109 tx=0xA85C408E00
1421958 INFO  [LINK] RX type=33 src=0x0030 win=0
1422108 INFO  [LINK] preparing DISC_REQ tick=1422108
1422108 INFO  [PHY] CMD_TX slot=0 win=0
1422108 INFO  [PHY] TX_STARTED imm=1
1422108 INFO  [LINK] DISC_REQ win=7110 seq=197
1422158 INFO  [LINK] TX_DONE win=7110 tx=0xAB5620B600
1422158 INFO  [LINK] RX type=33 src=0x0030 win=0
1422308 INFO  [LINK] preparing DISC_REQ tick=1422308
1422308 INFO  [PHY] CMD_TX slot=0 win=0
1422308 INFO  [PHY] TX_STARTED imm=1
1422308 INFO  [LINK] DISC_REQ win=7111 seq=198
1422358 INFO  [LINK] TX_DONE win=7111 tx=0xAE4FFBD600
1422358 INFO  [LINK] RX type=33 src=0x0030 win=0
1422508 INFO  [LINK] preparing DISC_REQ tick=1422508
1422508 INFO  [PHY] CMD_TX slot=0 win=0
1422508 INFO  [PHY] TX_STARTED imm=1
1422508 INFO  [LINK] DISC_REQ win=7112 seq=199
1422558 INFO  [LINK] TX_DONE win=7112 tx=0xB149CA1000
1422558 INFO  [LINK] RX type=33 src=0x0030 win=0
1422708 INFO  [LINK] preparing DISC_REQ tick=1422708
1422708 INFO  [PHY] CMD_TX slot=0 win=0
1422708 INFO  [PHY] TX_STARTED imm=1
1422708 INFO  [LINK] DISC_REQ win=7113 seq=200
1422758 INFO  [LINK] TX_DONE win=7113 tx=0xB44399CE00
1422758 INFO  [LINK] RX type=33 src=0x0030 win=0
1422908 INFO  [LINK] preparing DISC_REQ tick=1422908
1422908 INFO  [PHY] CMD_TX slot=0 win=0
1422908 INFO  [PHY] TX_STARTED imm=1
1422908 INFO  [LINK] DISC_REQ win=7114 seq=201
1422958 INFO  [LINK] TX_DONE win=7114 tx=0xB73D80D600
1422958 INFO  [LINK] RX type=33 src=0x0030 win=0
1423108 INFO  [LINK] preparing DISC_REQ tick=1423108
1423108 INFO  [PHY] CMD_TX slot=0 win=0
1423108 INFO  [PHY] TX_STARTED imm=1
1423108 INFO  [LINK] DISC_REQ win=7115 seq=202
1423158 INFO  [LINK] TX_DONE win=7115 tx=0xBA3769E600
1423158 INFO  [LINK] RX type=33 src=0x0030 win=0
1423308 INFO  [LINK] preparing DISC_REQ tick=1423308
1423308 INFO  [PHY] CMD_TX slot=0 win=0
1423308 INFO  [PHY] TX_STARTED imm=1
1423308 INFO  [LINK] DISC_REQ win=7116 seq=203
1423358 INFO  [LINK] TX_DONE win=7116 tx=0xBD314E5E00
1423358 INFO  [LINK] RX type=33 src=0x0030 win=0
1423508 INFO  [LINK] preparing DISC_REQ tick=1423508
1423508 INFO  [PHY] CMD_TX slot=0 win=0
1423508 INFO  [PHY] TX_STARTED imm=1
1423508 INFO  [LINK] DISC_REQ win=7117 seq=204
1423558 INFO  [LINK] TX_DONE win=7117 tx=0xC02B3D3200
1423558 INFO  [LINK] RX type=33 src=0x0030 win=0
1423708 INFO  [LINK] preparing DISC_REQ tick=1423708
1423708 INFO  [PHY] CMD_TX slot=0 win=0
1423708 INFO  [PHY] TX_STARTED imm=1
1423709 INFO  [LINK] DISC_REQ win=7118 seq=205
1423758 INFO  [LINK] TX_DONE win=7118 tx=0xC325472200
1423758 INFO  [LINK] RX type=33 src=0x0030 win=0
1423908 INFO  [LINK] preparing DISC_REQ tick=1423908
1423908 INFO  [PHY] CMD_TX slot=0 win=0
1423909 INFO  [PHY] TX_STARTED imm=1
1423909 INFO  [LINK] DISC_REQ win=7119 seq=206
1423958 INFO  [LINK] TX_DONE win=7119 tx=0xC620C48800
1423958 INFO  [LINK] RX type=33 src=0x0030 win=0
1424108 INFO  [LINK] preparing DISC_REQ tick=1424108
1424108 INFO  [PHY] CMD_TX slot=0 win=0
1424108 INFO  [PHY] TX_STARTED imm=1
1424109 INFO  [LINK] DISC_REQ win=7120 seq=207
1424158 INFO  [LINK] TX_DONE win=7120 tx=0xC9195AC000
1424158 INFO  [LINK] RX type=33 src=0x0030 win=0
1424308 INFO  [LINK] preparing DISC_REQ tick=1424308
1424308 INFO  [PHY] CMD_TX slot=0 win=0
1424308 INFO  [PHY] TX_STARTED imm=1
1424308 INFO  [LINK] DISC_REQ win=7121 seq=208
1424358 INFO  [LINK] TX_DONE win=7121 tx=0xCC1339DA00
1424408 INFO  [LINK] RX_TIMEOUT
1424508 INFO  [LINK] preparing DISC_REQ tick=1424508
1424508 INFO  [PHY] CMD_TX slot=0 win=0
1424508 INFO  [PHY] TX_STARTED imm=1
1424508 INFO  [LINK] DISC_REQ win=7122 seq=209
1424558 INFO  [LINK] TX_DONE win=7122 tx=0xCF0D34F800
1424558 INFO  [LINK] RX type=33 src=0x0030 win=0
1424708 INFO  [LINK] preparing DISC_REQ tick=1424708
1424708 INFO  [PHY] CMD_TX slot=0 win=0
1424708 INFO  [PHY] TX_STARTED imm=1
1424708 INFO  [LINK] DISC_REQ win=7123 seq=210
1424758 INFO  [LINK] TX_DONE win=7123 tx=0xD2072E5C00
1424758 INFO  [LINK] RX type=33 src=0x0030 win=0
1424908 INFO  [LINK] preparing DISC_REQ tick=1424908
1424908 INFO  [PHY] CMD_TX slot=0 win=0
1424908 INFO  [PHY] TX_STARTED imm=1
1424908 INFO  [LINK] DISC_REQ win=7124 seq=211
1424958 INFO  [LINK] TX_DONE win=7124 tx=0xD5010D4A00
1424958 INFO  [LINK] RX type=33 src=0x0030 win=0
1425108 INFO  [LINK] preparing DISC_REQ tick=1425108
1425108 INFO  [PHY] CMD_TX slot=0 win=0
1425108 INFO  [PHY] TX_STARTED imm=1
1425108 INFO  [LINK] DISC_REQ win=7125 seq=212
1425158 INFO  [LINK] TX_DONE win=7125 tx=0xD7FAEE7A00
1425158 INFO  [LINK] RX type=33 src=0x0030 win=0
1425308 INFO  [LINK] preparing DISC_REQ tick=1425308
1425308 INFO  [PHY] CMD_TX slot=0 win=0
1425308 INFO  [PHY] TX_STARTED imm=1
1425308 INFO  [LINK] DISC_REQ win=7126 seq=213
1425358 INFO  [LINK] TX_DONE win=7126 tx=0xDAF4CA2000
1425358 INFO  [LINK] RX type=33 src=0x0030 win=0
1425508 INFO  [LINK] preparing DISC_REQ tick=1425508
1425508 INFO  [PHY] CMD_TX slot=0 win=0
1425508 INFO  [PHY] TX_STARTED imm=1
1425508 INFO  [LINK] DISC_REQ win=7127 seq=214
1425558 INFO  [LINK] TX_DONE win=7127 tx=0xDDEEAD2200
1425558 INFO  [LINK] RX type=33 src=0x0030 win=0
1425708 INFO  [LINK] preparing DISC_REQ tick=1425708
1425708 INFO  [PHY] CMD_TX slot=0 win=0
1425708 INFO  [PHY] TX_STARTED imm=1
1425708 INFO  [LINK] DISC_REQ win=7128 seq=215
1425758 INFO  [LINK] TX_DONE win=7128 tx=0xE0E8A91800
1425758 INFO  [LINK] RX type=33 src=0x0030 win=0
1425908 INFO  [LINK] preparing DISC_REQ tick=1425908
1425908 INFO  [PHY] CMD_TX slot=0 win=0
1425908 INFO  [PHY] TX_STARTED imm=1
1425908 INFO  [LINK] DISC_REQ win=7129 seq=216
1425958 INFO  [LINK] TX_DONE win=7129 tx=0xE3E2B08000
1425958 INFO  [LINK] RX type=33 src=0x0030 win=0
1426108 INFO  [LINK] preparing DISC_REQ tick=1426108
1426108 INFO  [PHY] CMD_TX slot=0 win=0
1426108 INFO  [PHY] TX_STARTED imm=1
1426108 INFO  [LINK] DISC_REQ win=7130 seq=217
1426158 INFO  [LINK] TX_DONE win=7130 tx=0xE6DCB75A00
1426158 INFO  [LINK] RX type=33 src=0x0030 win=0
1426308 INFO  [LINK] preparing DISC_REQ tick=1426308
1426308 INFO  [PHY] CMD_TX slot=0 win=0
1426308 INFO  [PHY] TX_STARTED imm=1
1426308 INFO  [LINK] DISC_REQ win=7131 seq=218
1426358 INFO  [LINK] TX_DONE win=7131 tx=0xE9D6BE9400
1426358 INFO  [LINK] RX type=33 src=0x0030 win=0
1426508 INFO  [LINK] preparing DISC_REQ tick=1426508
1426508 INFO  [PHY] CMD_TX slot=0 win=0
1426508 INFO  [PHY] TX_STARTED imm=1
1426508 INFO  [LINK] DISC_REQ win=7132 seq=219
1426558 INFO  [LINK] TX_DONE win=7132 tx=0xECD0CE7800
1426558 INFO  [LINK] RX type=33 src=0x0030 win=0
1426708 INFO  [LINK] preparing DISC_REQ tick=1426708
1426708 INFO  [PHY] CMD_TX slot=0 win=0
1426708 INFO  [PHY] TX_STARTED imm=1
1426708 INFO  [LINK] DISC_REQ win=7133 seq=220
1426758 INFO  [LINK] TX_DONE win=7133 tx=0xEFCAD5DC00
1426758 INFO  [LINK] RX type=33 src=0x0030 win=0
1426908 INFO  [LINK] preparing DISC_REQ tick=1426908
1426908 INFO  [PHY] CMD_TX slot=0 win=0
1426908 INFO  [PHY] TX_STARTED imm=1
1426908 INFO  [LINK] DISC_REQ win=7134 seq=221
1426958 INFO  [LINK] TX_DONE win=7134 tx=0xF2C4D1CC00
1426958 INFO  [LINK] RX type=33 src=0x0030 win=0
1427108 INFO  [LINK] preparing DISC_REQ tick=1427108
1427108 INFO  [PHY] CMD_TX slot=0 win=0
1427108 INFO  [PHY] TX_STARTED imm=1
1427108 INFO  [LINK] DISC_REQ win=7135 seq=222
1427158 INFO  [LINK] TX_DONE win=7135 tx=0xF5BED2B200
1427158 INFO  [LINK] RX type=33 src=0x0030 win=0
1427308 INFO  [LINK] preparing DISC_REQ tick=1427308
1427308 INFO  [PHY] CMD_TX slot=0 win=0
1427308 INFO  [PHY] TX_STARTED imm=1
1427308 INFO  [LINK] DISC_REQ win=7136 seq=223
1427358 INFO  [LINK] TX_DONE win=7136 tx=0xF8B8DAE800
1427358 INFO  [LINK] RX type=33 src=0x0030 win=0
1427508 INFO  [LINK] preparing DISC_REQ tick=1427508
1427508 INFO  [PHY] CMD_TX slot=0 win=0
1427508 INFO  [PHY] TX_STARTED imm=1
1427508 INFO  [LINK] DISC_REQ win=7137 seq=224
1427558 INFO  [LINK] TX_DONE win=7137 tx=0xFBB2E03200
1427558 INFO  [LINK] RX type=33 src=0x0030 win=0
1427708 INFO  [LINK] preparing DISC_REQ tick=1427708
1427708 INFO  [PHY] CMD_TX slot=0 win=0
1427708 INFO  [PHY] TX_STARTED imm=1
1427708 INFO  [LINK] DISC_REQ win=7138 seq=225
1427758 INFO  [LINK] TX_DONE win=7138 tx=0xFEACC21600
1427758 INFO  [LINK] RX type=33 src=0x0030 win=0
1427908 INFO  [LINK] preparing DISC_REQ tick=1427908
1427908 INFO  [PHY] CMD_TX slot=0 win=0
1427908 INFO  [PHY] TX_STARTED imm=1
1427908 INFO  [LINK] DISC_REQ win=7139 seq=226
1427958 INFO  [LINK] TX_DONE win=7139 tx=0x01A6A14200
1427958 INFO  [LINK] RX type=33 src=0x0030 win=0
1428108 INFO  [LINK] preparing DISC_REQ tick=1428108
1428108 INFO  [PHY] CMD_TX slot=0 win=0
1428108 INFO  [PHY] TX_STARTED imm=1
1428108 INFO  [LINK] DISC_REQ win=7140 seq=227
1428158 INFO  [LINK] TX_DONE win=7140 tx=0x04A093B600
1428158 INFO  [LINK] RX type=33 src=0x0030 win=0
1428308 INFO  [LINK] preparing DISC_REQ tick=1428308
1428308 INFO  [PHY] CMD_TX slot=0 win=0
1428308 INFO  [PHY] TX_STARTED imm=1
1428308 INFO  [LINK] DISC_REQ win=7141 seq=228
1428358 INFO  [LINK] TX_DONE win=7141 tx=0x079A8F4400
1428358 INFO  [LINK] RX type=33 src=0x0030 win=0
1428508 INFO  [LINK] preparing DISC_REQ tick=1428508
1428508 INFO  [PHY] CMD_TX slot=0 win=0
1428508 INFO  [PHY] TX_STARTED imm=1
1428508 INFO  [LINK] DISC_REQ win=7142 seq=229
1428558 INFO  [LINK] TX_DONE win=7142 tx=0x0A9490AA00
1428558 INFO  [LINK] RX type=33 src=0x0030 win=0
1428708 INFO  [LINK] preparing DISC_REQ tick=1428708
1428708 INFO  [PHY] CMD_TX slot=0 win=0
1428708 INFO  [PHY] TX_STARTED imm=1
1428708 INFO  [LINK] DISC_REQ win=7143 seq=230
1428758 INFO  [LINK] TX_DONE win=7143 tx=0x0D8E86D000
1428758 INFO  [LINK] RX type=33 src=0x0030 win=0
1428908 INFO  [LINK] preparing DISC_REQ tick=1428908
1428908 INFO  [PHY] CMD_TX slot=0 win=0
1428908 INFO  [PHY] TX_STARTED imm=1
1428908 INFO  [LINK] DISC_REQ win=7144 seq=231
1428958 INFO  [LINK] TX_DONE win=7144 tx=0x1088656A00
1428958 INFO  [LINK] RX type=33 src=0x0030 win=0
1429108 INFO  [LINK] preparing DISC_REQ tick=1429108
1429108 INFO  [PHY] CMD_TX slot=0 win=0
1429108 INFO  [PHY] TX_STARTED imm=1
1429108 INFO  [LINK] DISC_REQ win=7145 seq=232
1429158 INFO  [LINK] TX_DONE win=7145 tx=0x138259B400
1429158 INFO  [LINK] RX type=33 src=0x0030 win=0
1429308 INFO  [LINK] preparing DISC_REQ tick=1429308
1429308 INFO  [PHY] CMD_TX slot=0 win=0
1429308 INFO  [PHY] TX_STARTED imm=1
1429309 INFO  [LINK] DISC_REQ win=7146 seq=233
1429358 INFO  [LINK] TX_DONE win=7146 tx=0x167C3DA200
1429358 INFO  [LINK] RX type=33 src=0x0030 win=0
1429508 INFO  [LINK] preparing DISC_REQ tick=1429508
1429508 INFO  [PHY] CMD_TX slot=0 win=0
1429508 INFO  [PHY] TX_STARTED imm=1
1429509 INFO  [LINK] DISC_REQ win=7147 seq=234
1429558 INFO  [LINK] TX_DONE win=7147 tx=0x19761D8600
1429558 INFO  [LINK] RX type=33 src=0x0030 win=0
1429708 INFO  [LINK] preparing DISC_REQ tick=1429708
1429708 INFO  [PHY] CMD_TX slot=0 win=0
1429708 INFO  [PHY] TX_STARTED imm=1
1429709 INFO  [LINK] DISC_REQ win=7148 seq=235
1429758 INFO  [LINK] TX_DONE win=7148 tx=0x1C709D9C00
1429758 INFO  [LINK] RX type=33 src=0x0030 win=0
1429908 INFO  [LINK] preparing DISC_REQ tick=1429908
1429908 INFO  [PHY] CMD_TX slot=0 win=0
1429908 INFO  [PHY] TX_STARTED imm=1
1429909 INFO  [LINK] DISC_REQ win=7149 seq=236
1429958 INFO  [LINK] TX_DONE win=7149 tx=0x1F69F6FA00
1429958 INFO  [LINK] RX type=33 src=0x0030 win=0
1430108 INFO  [LINK] preparing DISC_REQ tick=1430108
1430108 INFO  [PHY] CMD_TX slot=0 win=0
1430108 INFO  [PHY] TX_STARTED imm=1
1430108 INFO  [LINK] DISC_REQ win=7150 seq=237
1430158 INFO  [LINK] TX_DONE win=7150 tx=0x2263EE2E00
1430158 INFO  [LINK] RX type=33 src=0x0030 win=0
1430308 INFO  [LINK] preparing DISC_REQ tick=1430308
1430308 INFO  [PHY] CMD_TX slot=0 win=0
1430308 INFO  [PHY] TX_STARTED imm=1
1430308 INFO  [LINK] DISC_REQ win=7151 seq=238
1430358 INFO  [LINK] TX_DONE win=7151 tx=0x255DE5F200
1430358 INFO  [LINK] RX type=33 src=0x0030 win=0
1430508 INFO  [LINK] preparing DISC_REQ tick=1430508
1430508 INFO  [PHY] CMD_TX slot=0 win=0
1430508 INFO  [PHY] TX_STARTED imm=1
1430508 INFO  [LINK] DISC_REQ win=7152 seq=239
1430558 INFO  [LINK] TX_DONE win=7152 tx=0x2857CBAE00
1430558 INFO  [LINK] RX type=33 src=0x0030 win=0
1430708 INFO  [LINK] preparing DISC_REQ tick=1430708
1430708 INFO  [PHY] CMD_TX slot=0 win=0
1430708 INFO  [PHY] TX_STARTED imm=1
1430708 INFO  [LINK] DISC_REQ win=7153 seq=240
1430758 INFO  [LINK] TX_DONE win=7153 tx=0x2B51AE8A00
1430758 INFO  [LINK] RX type=33 src=0x0030 win=0
1430908 INFO  [LINK] preparing DISC_REQ tick=1430908
1430908 INFO  [PHY] CMD_TX slot=0 win=0
1430908 INFO  [PHY] TX_STARTED imm=1
1430908 INFO  [LINK] DISC_REQ win=7154 seq=241
1430958 INFO  [LINK] TX_DONE win=7154 tx=0x2E4B9FA000
1430958 INFO  [LINK] RX type=33 src=0x0030 win=0
1431108 INFO  [LINK] preparing DISC_REQ tick=1431108
1431108 INFO  [PHY] CMD_TX slot=0 win=0
1431108 INFO  [PHY] TX_STARTED imm=1
1431108 INFO  [LINK] DISC_REQ win=7155 seq=242
1431158 INFO  [LINK] TX_DONE win=7155 tx=0x3145960E00
1431158 INFO  [LINK] RX type=33 src=0x0030 win=0
1431308 INFO  [LINK] preparing DISC_REQ tick=1431308
1431308 INFO  [PHY] CMD_TX slot=0 win=0
1431308 INFO  [PHY] TX_STARTED imm=1
1431308 INFO  [LINK] DISC_REQ win=7156 seq=243
1431358 INFO  [LINK] TX_DONE win=7156 tx=0x343FA85C00
1431358 INFO  [LINK] RX type=33 src=0x0030 win=0
1431508 INFO  [LINK] preparing DISC_REQ tick=1431508
1431508 INFO  [PHY] CMD_TX slot=0 win=0
1431508 INFO  [PHY] TX_STARTED imm=1
1431508 INFO  [LINK] DISC_REQ win=7157 seq=244
1431558 INFO  [LINK] TX_DONE win=7157 tx=0x3739B16800
1431558 INFO  [LINK] RX type=33 src=0x0030 win=0
1431708 INFO  [LINK] preparing DISC_REQ tick=1431708
1431708 INFO  [PHY] CMD_TX slot=0 win=0
1431708 INFO  [PHY] TX_STARTED imm=1
1431708 INFO  [LINK] DISC_REQ win=7158 seq=245
1431758 INFO  [LINK] TX_DONE win=7158 tx=0x3A33AE4400
1431758 INFO  [LINK] RX type=33 src=0x0030 win=0
1431908 INFO  [LINK] preparing DISC_REQ tick=1431908
1431908 INFO  [PHY] CMD_TX slot=0 win=0
1431908 INFO  [PHY] TX_STARTED imm=1
1431908 INFO  [LINK] DISC_REQ win=7159 seq=246
1431958 INFO  [LINK] TX_DONE win=7159 tx=0x3D2DA1F800
1431958 INFO  [LINK] RX type=33 src=0x0030 win=0
1432108 INFO  [LINK] preparing DISC_REQ tick=1432108
1432108 INFO  [PHY] CMD_TX slot=0 win=0
1432108 INFO  [PHY] TX_STARTED imm=1
1432108 INFO  [LINK] DISC_REQ win=7160 seq=247
1432158 INFO  [LINK] TX_DONE win=7160 tx=0x40279D1A00
1432158 INFO  [LINK] RX type=33 src=0x0030 win=0
1432308 INFO  [LINK] preparing DISC_REQ tick=1432308
1432308 INFO  [PHY] CMD_TX slot=0 win=0
1432308 INFO  [PHY] TX_STARTED imm=1
1432308 INFO  [LINK] DISC_REQ win=7161 seq=248
1432358 INFO  [LINK] TX_DONE win=7161 tx=0x432197F600
1432358 INFO  [LINK] RX type=33 src=0x0030 win=0
1432508 INFO  [LINK] preparing DISC_REQ tick=1432508
1432508 INFO  [PHY] CMD_TX slot=0 win=0
1432508 INFO  [PHY] TX_STARTED imm=1
1432508 INFO  [LINK] DISC_REQ win=7162 seq=249
1432558 INFO  [LINK] TX_DONE win=7162 tx=0x461B814400
1432558 INFO  [LINK] RX type=33 src=0x0030 win=0
1432708 INFO  [LINK] preparing DISC_REQ tick=1432708
1432708 INFO  [PHY] CMD_TX slot=0 win=0
1432708 INFO  [PHY] TX_STARTED imm=1
1432708 INFO  [LINK] DISC_REQ win=7163 seq=250
1432758 INFO  [LINK] TX_DONE win=7163 tx=0x49156E4E00
1432758 INFO  [LINK] RX type=33 src=0x0030 win=0
1432908 INFO  [LINK] preparing DISC_REQ tick=1432908
1432908 INFO  [PHY] CMD_TX slot=0 win=0
1432908 INFO  [PHY] TX_STARTED imm=1
1432908 INFO  [LINK] DISC_REQ win=7164 seq=251
1432958 INFO  [LINK] TX_DONE win=7164 tx=0x4C0F620400
1432958 INFO  [LINK] RX type=33 src=0x0030 win=0
1433108 INFO  [LINK] preparing DISC_REQ tick=1433108
1433108 INFO  [PHY] CMD_TX slot=0 win=0
1433108 INFO  [PHY] TX_STARTED imm=1
1433108 INFO  [LINK] DISC_REQ win=7165 seq=252
1433158 INFO  [LINK] TX_DONE win=7165 tx=0x4F096A8A00
1433158 INFO  [LINK] RX type=33 src=0x0030 win=0
1433308 INFO  [LINK] preparing DISC_REQ tick=1433308
1433308 INFO  [PHY] CMD_TX slot=0 win=0
1433308 INFO  [PHY] TX_STARTED imm=1
1433308 INFO  [LINK] DISC_REQ win=7166 seq=253
1433358 INFO  [LINK] TX_DONE win=7166 tx=0x52036B6400
1433358 INFO  [LINK] RX type=33 src=0x0030 win=0
1433508 INFO  [LINK] preparing DISC_REQ tick=1433508
1433508 INFO  [PHY] CMD_TX slot=0 win=0
1433508 INFO  [PHY] TX_STARTED imm=1
1433508 INFO  [LINK] DISC_REQ win=7167 seq=254
1433558 INFO  [LINK] TX_DONE win=7167 tx=0x54FD5A7200
1433558 INFO  [LINK] RX type=33 src=0x0030 win=0
1433708 INFO  [LINK] preparing DISC_REQ tick=1433708
1433708 INFO  [PHY] CMD_TX slot=0 win=0
1433708 INFO  [PHY] TX_STARTED imm=1
1433708 INFO  [LINK] DISC_REQ win=7168 seq=4294967295
1433758 INFO  [LINK] TX_DONE win=7168 tx=0x57F757C200
1433758 INFO  [LINK] RX type=33 src=0x0030 win=0
1433908 INFO  [LINK] preparing DISC_REQ tick=1433908
1433908 INFO  [PHY] CMD_TX slot=0 win=0
1433908 INFO  [PHY] TX_STARTED imm=1
1433908 INFO  [LINK] DISC_REQ win=7169 seq=0
1433958 INFO  [LINK] TX_DONE win=7169 tx=0x5AF14A4400
1433958 INFO  [LINK] RX type=33 src=0x0030 win=0
1434108 INFO  [LINK] preparing DISC_REQ tick=1434108
1434108 INFO  [PHY] CMD_TX slot=0 win=0
1434108 INFO  [PHY] TX_STARTED imm=1
1434108 INFO  [LINK] DISC_REQ win=7170 seq=1
1434158 INFO  [LINK] TX_DONE win=7170 tx=0x5DEB335000
1434158 INFO  [LINK] RX type=33 src=0x0030 win=0
1434308 INFO  [LINK] preparing DISC_REQ tick=1434308
1434308 INFO  [PHY] CMD_TX slot=0 win=0
1434308 INFO  [PHY] TX_STARTED imm=1
1434308 INFO  [LINK] DISC_REQ win=7171 seq=2
1434358 INFO  [LINK] TX_DONE win=7171 tx=0x60E5295A00
1434358 INFO  [LINK] RX type=33 src=0x0030 win=0
1434508 INFO  [LINK] preparing DISC_REQ tick=1434508
1434508 INFO  [PHY] CMD_TX slot=0 win=0
1434508 INFO  [PHY] TX_STARTED imm=1
1434508 INFO  [LINK] DISC_REQ win=7172 seq=3
1434558 INFO  [LINK] TX_DONE win=7172 tx=0x63DF373A00
1434558 INFO  [LINK] RX type=33 src=0x0030 win=0
1434708 INFO  [LINK] preparing DISC_REQ tick=1434708
1434708 INFO  [PHY] CMD_TX slot=0 win=0
1434708 INFO  [PHY] TX_STARTED imm=1
1434708 INFO  [LINK] DISC_REQ win=7173 seq=4
1434758 INFO  [LINK] TX_DONE win=7173 tx=0x66D9410600
1434758 INFO  [LINK] RX type=33 src=0x0030 win=0
1434908 INFO  [LINK] preparing DISC_REQ tick=1434908
1434908 INFO  [PHY] CMD_TX slot=0 win=0
1434908 INFO  [PHY] TX_STARTED imm=1
1434909 INFO  [LINK] DISC_REQ win=7174 seq=5
1434958 INFO  [LINK] TX_DONE win=7174 tx=0x69D3435600
1434958 INFO  [LINK] RX type=33 src=0x0030 win=0
1435108 INFO  [LINK] preparing DISC_REQ tick=1435108
1435108 INFO  [PHY] CMD_TX slot=0 win=0
1435108 INFO  [PHY] TX_STARTED imm=1
1435109 INFO  [LINK] DISC_REQ win=7175 seq=6
1435158 INFO  [LINK] TX_DONE win=7175 tx=0x6CCD3CF800
1435158 INFO  [LINK] RX type=33 src=0x0030 win=0
1435308 INFO  [LINK] preparing DISC_REQ tick=1435308
1435308 INFO  [PHY] CMD_TX slot=0 win=0
1435308 INFO  [PHY] TX_STARTED imm=1
1435309 INFO  [LINK] DISC_REQ win=7176 seq=7
1435358 INFO  [LINK] TX_DONE win=7176 tx=0x6FC7B44E00
1435358 INFO  [LINK] RX type=33 src=0x0030 win=0
1435508 INFO  [LINK] preparing DISC_REQ tick=1435508
1435508 INFO  [PHY] CMD_TX slot=0 win=0
1435508 INFO  [PHY] TX_STARTED imm=1
1435509 INFO  [LINK] DISC_REQ win=7177 seq=8
1435558 INFO  [LINK] TX_DONE win=7177 tx=0x72C1EFCE00
1435558 INFO  [LINK] RX type=33 src=0x0030 win=0
1435708 INFO  [LINK] preparing DISC_REQ tick=1435708
1435708 INFO  [PHY] CMD_TX slot=0 win=0
1435708 INFO  [PHY] TX_STARTED imm=1
1435708 INFO  [LINK] DISC_REQ win=7178 seq=9
1435758 INFO  [LINK] TX_DONE win=7178 tx=0x75BAFA8600
1435758 INFO  [LINK] RX type=33 src=0x0030 win=0
1435908 INFO  [LINK] preparing DISC_REQ tick=1435908
1435908 INFO  [PHY] CMD_TX slot=0 win=0
1435908 INFO  [PHY] TX_STARTED imm=1
1435908 INFO  [LINK] DISC_REQ win=7179 seq=10
1435958 INFO  [LINK] TX_DONE win=7179 tx=0x78B4F20C00
1435958 INFO  [LINK] RX type=33 src=0x0030 win=0
1436108 INFO  [LINK] preparing DISC_REQ tick=1436108
1436108 INFO  [PHY] CMD_TX slot=0 win=0
1436108 INFO  [PHY] TX_STARTED imm=1
1436108 INFO  [LINK] DISC_REQ win=7180 seq=11
1436158 INFO  [LINK] TX_DONE win=7180 tx=0x7BAEDBB800
1436158 INFO  [LINK] RX type=33 src=0x0030 win=0
1436308 INFO  [LINK] preparing DISC_REQ tick=1436308
1436308 INFO  [PHY] CMD_TX slot=0 win=0
1436308 INFO  [PHY] TX_STARTED imm=1
1436308 INFO  [LINK] DISC_REQ win=7181 seq=12
1436358 INFO  [LINK] TX_DONE win=7181 tx=0x7EA8D21A00
1436358 INFO  [LINK] RX type=33 src=0x0030 win=0
1436508 INFO  [LINK] preparing DISC_REQ tick=1436508
1436508 INFO  [PHY] CMD_TX slot=0 win=0
1436508 INFO  [PHY] TX_STARTED imm=1
1436508 INFO  [LINK] DISC_REQ win=7182 seq=13
1436558 INFO  [LINK] TX_DONE win=7182 tx=0x81A2D53400
1436558 INFO  [LINK] RX type=33 src=0x0030 win=0
1436708 INFO  [LINK] preparing DISC_REQ tick=1436708
1436708 INFO  [PHY] CMD_TX slot=0 win=0
1436708 INFO  [PHY] TX_STARTED imm=1
1436708 INFO  [LINK] DISC_REQ win=7183 seq=14
1436758 INFO  [LINK] TX_DONE win=7183 tx=0x849CDAEE00
1436758 INFO  [LINK] RX type=33 src=0x0030 win=0
1436908 INFO  [LINK] preparing DISC_REQ tick=1436908
1436908 INFO  [PHY] CMD_TX slot=0 win=0
1436908 INFO  [PHY] TX_STARTED imm=1
1436908 INFO  [LINK] DISC_REQ win=7184 seq=15
1436958 INFO  [LINK] TX_DONE win=7184 tx=0x8796EE2200
1436958 INFO  [LINK] RX type=33 src=0x0030 win=0
1437108 INFO  [LINK] preparing DISC_REQ tick=1437108
1437108 INFO  [PHY] CMD_TX slot=0 win=0
1437108 INFO  [PHY] TX_STARTED imm=1
1437108 INFO  [LINK] DISC_REQ win=7185 seq=16
1437158 INFO  [LINK] TX_DONE win=7185 tx=0x8A90EAD200
1437158 INFO  [LINK] RX type=33 src=0x0030 win=0
1437308 INFO  [LINK] preparing DISC_REQ tick=1437308
1437308 INFO  [PHY] CMD_TX slot=0 win=0
1437308 INFO  [PHY] TX_STARTED imm=1
1437308 INFO  [LINK] DISC_REQ win=7186 seq=17
1437358 INFO  [LINK] TX_DONE win=7186 tx=0x8D8AE75800
1437358 INFO  [LINK] RX type=33 src=0x0030 win=0
1437508 INFO  [LINK] preparing DISC_REQ tick=1437508
1437508 INFO  [PHY] CMD_TX slot=0 win=0
1437508 INFO  [PHY] TX_STARTED imm=1
1437508 INFO  [LINK] DISC_REQ win=7187 seq=18
1437558 INFO  [LINK] TX_DONE win=7187 tx=0x9084E66400
1437558 INFO  [LINK] RX type=33 src=0x0030 win=0
1437708 INFO  [LINK] preparing DISC_REQ tick=1437708
1437708 INFO  [PHY] CMD_TX slot=0 win=0
1437708 INFO  [PHY] TX_STARTED imm=1
1437708 INFO  [LINK] DISC_REQ win=7188 seq=19
1437758 INFO  [LINK] TX_DONE win=7188 tx=0x937EEB4400
1437758 INFO  [LINK] RX type=33 src=0x0030 win=0
1437908 INFO  [LINK] preparing DISC_REQ tick=1437908
1437908 INFO  [PHY] CMD_TX slot=0 win=0
1437908 INFO  [PHY] TX_STARTED imm=1
1437908 INFO  [LINK] DISC_REQ win=7189 seq=20
1437958 INFO  [LINK] TX_DONE win=7189 tx=0x9678E7D000
1437958 INFO  [LINK] RX type=33 src=0x0030 win=0
1438108 INFO  [LINK] preparing DISC_REQ tick=1438108
1438108 INFO  [PHY] CMD_TX slot=0 win=0
1438108 INFO  [PHY] TX_STARTED imm=1
1438108 INFO  [LINK] DISC_REQ win=7190 seq=21
1438158 INFO  [LINK] TX_DONE win=7190 tx=0x9972F2B200
1438158 INFO  [LINK] RX type=33 src=0x0030 win=0
1438308 INFO  [LINK] preparing DISC_REQ tick=1438308
1438308 INFO  [PHY] CMD_TX slot=0 win=0
1438308 INFO  [PHY] TX_STARTED imm=1
1438308 INFO  [LINK] DISC_REQ win=7191 seq=22
1438358 INFO  [LINK] TX_DONE win=7191 tx=0x9C6CF08800
1438358 INFO  [LINK] RX type=33 src=0x0030 win=0
1438508 INFO  [LINK] preparing DISC_REQ tick=1438508
1438508 INFO  [PHY] CMD_TX slot=0 win=0
1438508 INFO  [PHY] TX_STARTED imm=1
1438508 INFO  [LINK] DISC_REQ win=7192 seq=23
1438558 INFO  [LINK] TX_DONE win=7192 tx=0x9F66EEAC00
1438558 INFO  [LINK] RX type=33 src=0x0030 win=0
1438708 INFO  [LINK] preparing DISC_REQ tick=1438708
1438708 INFO  [PHY] CMD_TX slot=0 win=0
1438708 INFO  [PHY] TX_STARTED imm=1
1438708 INFO  [LINK] DISC_REQ win=7193 seq=24
1438758 INFO  [LINK] TX_DONE win=7193 tx=0xA260EF5400
1438758 INFO  [LINK] RX type=33 src=0x0030 win=0
1438908 INFO  [LINK] preparing DISC_REQ tick=1438908
1438908 INFO  [PHY] CMD_TX slot=0 win=0
1438908 INFO  [PHY] TX_STARTED imm=1
1438908 INFO  [LINK] DISC_REQ win=7194 seq=25
1438958 INFO  [LINK] TX_DONE win=7194 tx=0xA55AE2DE00
1438958 INFO  [LINK] RX type=33 src=0x0030 win=0
1439108 INFO  [LINK] preparing DISC_REQ tick=1439108
1439108 INFO  [PHY] CMD_TX slot=0 win=0
1439108 INFO  [PHY] TX_STARTED imm=1
1439108 INFO  [LINK] DISC_REQ win=7195 seq=26
1439158 INFO  [LINK] TX_DONE win=7195 tx=0xA854E39A00
1439158 INFO  [LINK] RX type=33 src=0x0030 win=0
1439308 INFO  [LINK] preparing DISC_REQ tick=1439308
1439308 INFO  [PHY] CMD_TX slot=0 win=0
1439308 INFO  [PHY] TX_STARTED imm=1
1439308 INFO  [LINK] DISC_REQ win=7196 seq=27
1439358 INFO  [LINK] TX_DONE win=7196 tx=0xAB4ECF6E00
1439358 INFO  [LINK] RX type=33 src=0x0030 win=0
1439508 INFO  [LINK] preparing DISC_REQ tick=1439508
1439508 INFO  [PHY] CMD_TX slot=0 win=0
1439508 INFO  [PHY] TX_STARTED imm=1
1439508 INFO  [LINK] DISC_REQ win=7197 seq=28
1439558 INFO  [LINK] TX_DONE win=7197 tx=0xAE48C50800
1439558 INFO  [LINK] RX type=33 src=0x0030 win=0
1439708 INFO  [LINK] preparing DISC_REQ tick=1439708
1439708 INFO  [PHY] CMD_TX slot=0 win=0
1439708 INFO  [PHY] TX_STARTED imm=1
1439708 INFO  [LINK] DISC_REQ win=7198 seq=29
1439758 INFO  [LINK] TX_DONE win=7198 tx=0xB142A22A00
1439758 INFO  [LINK] RX type=33 src=0x0030 win=0
1439908 INFO  [LINK] preparing DISC_REQ tick=1439908
1439908 INFO  [PHY] CMD_TX slot=0 win=0
1439908 INFO  [PHY] TX_STARTED imm=1
1439908 INFO  [LINK] DISC_REQ win=7199 seq=30
1439958 INFO  [LINK] TX_DONE win=7199 tx=0xB43C875A00
1439958 INFO  [LINK] RX type=33 src=0x0030 win=0
1440108 INFO  [LINK] preparing DISC_REQ tick=1440108
1440108 INFO  [PHY] CMD_TX slot=0 win=0
1440108 INFO  [PHY] TX_STARTED imm=1
1440108 INFO  [LINK] DISC_REQ win=7200 seq=31
1440158 INFO  [LINK] TX_DONE win=7200 tx=0xB7366AD800
1440158 INFO  [LINK] RX type=33 src=0x0030 win=0
1440308 INFO  [LINK] preparing DISC_REQ tick=1440308
1440308 INFO  [PHY] CMD_TX slot=0 win=0
1440308 INFO  [PHY] TX_STARTED imm=1
1440308 INFO  [LINK] DISC_REQ win=7201 seq=32
1440358 INFO  [LINK] TX_DONE win=7201 tx=0xBA304E4600
1440358 INFO  [LINK] RX type=33 src=0x0030 win=0
1440508 INFO  [LINK] preparing DISC_REQ tick=1440508
1440508 INFO  [PHY] CMD_TX slot=0 win=0
1440508 INFO  [PHY] TX_STARTED imm=1
1440509 INFO  [LINK] DISC_REQ win=7202 seq=33
1440558 INFO  [LINK] TX_DONE win=7202 tx=0xBD2A330400
1440558 INFO  [LINK] RX type=33 src=0x0030 win=0
1440708 INFO  [LINK] preparing DISC_REQ tick=1440708
1440708 INFO  [PHY] CMD_TX slot=0 win=0
1440708 INFO  [PHY] TX_STARTED imm=1
1440709 INFO  [LINK] DISC_REQ win=7203 seq=34
1440758 INFO  [LINK] TX_DONE win=7203 tx=0xC024287A00
1440758 INFO  [LINK] RX type=33 src=0x0030 win=0
1440908 INFO  [LINK] preparing DISC_REQ tick=1440908
1440908 INFO  [PHY] CMD_TX slot=0 win=0
1440908 INFO  [PHY] TX_STARTED imm=1
1440909 INFO  [LINK] DISC_REQ win=7204 seq=35
1440958 INFO  [LINK] TX_DONE win=7204 tx=0xC31EC77A00
1440958 INFO  [LINK] RX type=33 src=0x0030 win=0
1441108 INFO  [LINK] preparing DISC_REQ tick=1441108
1441108 INFO  [PHY] CMD_TX slot=0 win=0
1441108 INFO  [PHY] TX_STARTED imm=1
1441109 INFO  [LINK] DISC_REQ win=7205 seq=36
1441158 INFO  [LINK] TX_DONE win=7205 tx=0xC6181A9600
1441158 INFO  [LINK] RX type=33 src=0x0030 win=0
1441308 INFO  [LINK] preparing DISC_REQ tick=1441308
1441308 INFO  [PHY] CMD_TX slot=0 win=0
1441308 INFO  [PHY] TX_STARTED imm=1
1441308 INFO  [LINK] DISC_REQ win=7206 seq=37
1441358 INFO  [LINK] TX_DONE win=7206 tx=0xC911DE0600
1441358 INFO  [LINK] RX type=33 src=0x0030 win=0
1441508 INFO  [LINK] preparing DISC_REQ tick=1441508
1441508 INFO  [PHY] CMD_TX slot=0 win=0
1441508 INFO  [PHY] TX_STARTED imm=1
1441508 INFO  [LINK] DISC_REQ win=7207 seq=38
1441558 INFO  [LINK] TX_DONE win=7207 tx=0xCC0BBA8200
1441558 INFO  [LINK] RX type=33 src=0x0030 win=0
1441708 INFO  [LINK] preparing DISC_REQ tick=1441708
1441708 INFO  [PHY] CMD_TX slot=0 win=0
1441708 INFO  [PHY] TX_STARTED imm=1
1441708 INFO  [LINK] DISC_REQ win=7208 seq=39
1441758 INFO  [LINK] TX_DONE win=7208 tx=0xCF05A02C00
1441758 INFO  [LINK] RX type=33 src=0x0030 win=0
1441908 INFO  [LINK] preparing DISC_REQ tick=1441908
1441908 INFO  [PHY] CMD_TX slot=0 win=0
1441908 INFO  [PHY] TX_STARTED imm=1
1441908 INFO  [LINK] DISC_REQ win=7209 seq=40
1441958 INFO  [LINK] TX_DONE win=7209 tx=0xD1FF8B6600
1441958 INFO  [LINK] RX type=33 src=0x0030 win=0
1442108 INFO  [LINK] preparing DISC_REQ tick=1442108
1442108 INFO  [PHY] CMD_TX slot=0 win=0
1442108 INFO  [PHY] TX_STARTED imm=1
1442108 INFO  [LINK] DISC_REQ win=7210 seq=41
1442158 INFO  [LINK] TX_DONE win=7210 tx=0xD4F97AE000
1442158 INFO  [LINK] RX type=33 src=0x0030 win=0
1442308 INFO  [LINK] preparing DISC_REQ tick=1442308
1442308 INFO  [PHY] CMD_TX slot=0 win=0
1442308 INFO  [PHY] TX_STARTED imm=1
1442308 INFO  [LINK] DISC_REQ win=7211 seq=42
1442358 INFO  [LINK] TX_DONE win=7211 tx=0xD7F362C200
1442358 INFO  [LINK] RX type=33 src=0x0030 win=0
1442508 INFO  [LINK] preparing DISC_REQ tick=1442508
1442508 INFO  [PHY] CMD_TX slot=0 win=0
1442508 INFO  [PHY] TX_STARTED imm=1
1442508 INFO  [LINK] DISC_REQ win=7212 seq=43
1442558 INFO  [LINK] TX_DONE win=7212 tx=0xDAED51BC00
1442558 INFO  [LINK] RX type=33 src=0x0030 win=0
1442708 INFO  [LINK] preparing DISC_REQ tick=1442708
1442708 INFO  [PHY] CMD_TX slot=0 win=0
1442708 INFO  [PHY] TX_STARTED imm=1
1442708 INFO  [LINK] DISC_REQ win=7213 seq=44
1442758 INFO  [LINK] TX_DONE win=7213 tx=0xDDE7399A00
1442758 INFO  [LINK] RX type=33 src=0x0030 win=0
1442908 INFO  [LINK] preparing DISC_REQ tick=1442908
1442908 INFO  [PHY] CMD_TX slot=0 win=0
1442908 INFO  [PHY] TX_STARTED imm=1
1442908 INFO  [LINK] DISC_REQ win=7214 seq=45
1442958 INFO  [LINK] TX_DONE win=7214 tx=0xE0E12FBE00
1443008 INFO  [LINK] RX_TIMEOUT
1443108 INFO  [LINK] preparing DISC_REQ tick=1443108
1443108 INFO  [PHY] CMD_TX slot=0 win=0
1443108 INFO  [PHY] TX_STARTED imm=1
1443108 INFO  [LINK] DISC_REQ win=7215 seq=46
1443158 INFO  [LINK] TX_DONE win=7215 tx=0xE3DB1EA400
1443158 INFO  [LINK] RX type=33 src=0x0030 win=0
1443308 INFO  [LINK] preparing DISC_REQ tick=1443308
1443308 INFO  [PHY] CMD_TX slot=0 win=0
1443308 INFO  [PHY] TX_STARTED imm=1
1443308 INFO  [LINK] DISC_REQ win=7216 seq=47
1443358 INFO  [LINK] TX_DONE win=7216 tx=0xE6D511A200
1443358 INFO  [LINK] RX type=33 src=0x0030 win=0
1443508 INFO  [LINK] preparing DISC_REQ tick=1443508
1443508 INFO  [PHY] CMD_TX slot=0 win=0
1443508 INFO  [PHY] TX_STARTED imm=1
1443508 INFO  [LINK] DISC_REQ win=7217 seq=48
1443558 INFO  [LINK] TX_DONE win=7217 tx=0xE9CEFF3400
1443558 INFO  [LINK] RX type=33 src=0x0030 win=0
1443708 INFO  [LINK] preparing DISC_REQ tick=1443708
1443708 INFO  [PHY] CMD_TX slot=0 win=0
1443708 INFO  [PHY] TX_STARTED imm=1
1443708 INFO  [LINK] DISC_REQ win=7218 seq=49
1443758 INFO  [LINK] TX_DONE win=7218 tx=0xECC8D77A00
1443758 INFO  [LINK] RX type=33 src=0x0030 win=0
1443908 INFO  [LINK] preparing DISC_REQ tick=1443908
1443908 INFO  [PHY] CMD_TX slot=0 win=0
1443908 INFO  [PHY] TX_STARTED imm=1
1443908 INFO  [LINK] DISC_REQ win=7219 seq=50
1443958 INFO  [LINK] TX_DONE win=7219 tx=0xEFC2B4B400
1443958 INFO  [LINK] RX type=33 src=0x0030 win=0
1444108 INFO  [LINK] preparing DISC_REQ tick=1444108
1444108 INFO  [PHY] CMD_TX slot=0 win=0
1444108 INFO  [PHY] TX_STARTED imm=1
1444108 INFO  [LINK] DISC_REQ win=7220 seq=51
1444158 INFO  [LINK] TX_DONE win=7220 tx=0xF2BC9FA400
1444158 INFO  [LINK] RX type=33 src=0x0030 win=0
1444308 INFO  [LINK] preparing DISC_REQ tick=1444308
1444308 INFO  [PHY] CMD_TX slot=0 win=0
1444308 INFO  [PHY] TX_STARTED imm=1
1444308 INFO  [LINK] DISC_REQ win=7221 seq=52
1444358 INFO  [LINK] TX_DONE win=7221 tx=0xF5B6888400
1444358 INFO  [LINK] RX type=33 src=0x0030 win=0
1444508 INFO  [LINK] preparing DISC_REQ tick=1444508
1444508 INFO  [PHY] CMD_TX slot=0 win=0
1444508 INFO  [PHY] TX_STARTED imm=1
1444508 INFO  [LINK] DISC_REQ win=7222 seq=53
1444558 INFO  [LINK] TX_DONE win=7222 tx=0xF8B079FC00
1444558 INFO  [LINK] RX type=33 src=0x0030 win=0
1444708 INFO  [LINK] preparing DISC_REQ tick=1444708
1444708 INFO  [PHY] CMD_TX slot=0 win=0
1444708 INFO  [PHY] TX_STARTED imm=1
1444708 INFO  [LINK] DISC_REQ win=7223 seq=54
1444758 INFO  [LINK] TX_DONE win=7223 tx=0xFBAA772600
1444758 INFO  [LINK] RX type=33 src=0x0030 win=0
1444908 INFO  [LINK] preparing DISC_REQ tick=1444908
1444908 INFO  [PHY] CMD_TX slot=0 win=0
1444908 INFO  [PHY] TX_STARTED imm=1
1444908 INFO  [LINK] DISC_REQ win=7224 seq=55
1444958 INFO  [LINK] TX_DONE win=7224 tx=0xFEA47C5A00
1444958 INFO  [LINK] RX type=33 src=0x0030 win=0
1445108 INFO  [LINK] preparing DISC_REQ tick=1445108
1445108 INFO  [PHY] CMD_TX slot=0 win=0
1445108 INFO  [PHY] TX_STARTED imm=1
1445108 INFO  [LINK] DISC_REQ win=7225 seq=56
1445158 INFO  [LINK] TX_DONE win=7225 tx=0x019E7CA400
1445158 INFO  [LINK] RX type=33 src=0x0030 win=0
1445308 INFO  [LINK] preparing DISC_REQ tick=1445308
1445308 INFO  [PHY] CMD_TX slot=0 win=0
1445308 INFO  [PHY] TX_STARTED imm=1
1445308 INFO  [LINK] DISC_REQ win=7226 seq=57
1445358 INFO  [LINK] TX_DONE win=7226 tx=0x04986AC000
1445358 INFO  [LINK] RX type=33 src=0x0030 win=0
1445508 INFO  [LINK] preparing DISC_REQ tick=1445508
1445508 INFO  [PHY] CMD_TX slot=0 win=0
1445508 INFO  [PHY] TX_STARTED imm=1
1445508 INFO  [LINK] DISC_REQ win=7227 seq=58
1445558 INFO  [LINK] TX_DONE win=7227 tx=0x0792540200
1445558 INFO  [LINK] RX type=33 src=0x0030 win=0
1445708 INFO  [LINK] preparing DISC_REQ tick=1445708
1445708 INFO  [PHY] CMD_TX slot=0 win=0
1445708 INFO  [PHY] TX_STARTED imm=1
1445708 INFO  [LINK] DISC_REQ win=7228 seq=59
1445758 INFO  [LINK] TX_DONE win=7228 tx=0x0A8C324E00
1445758 INFO  [LINK] RX type=33 src=0x0030 win=0
1445908 INFO  [LINK] preparing DISC_REQ tick=1445908
1445908 INFO  [PHY] CMD_TX slot=0 win=0
1445908 INFO  [PHY] TX_STARTED imm=1
1445908 INFO  [LINK] DISC_REQ win=7229 seq=60
1445958 INFO  [LINK] TX_DONE win=7229 tx=0x0D86050400
1445958 INFO  [LINK] RX type=33 src=0x0030 win=0
1446108 INFO  [LINK] preparing DISC_REQ tick=1446108
1446108 INFO  [PHY] CMD_TX slot=0 win=0
1446108 INFO  [PHY] TX_STARTED imm=1
1446108 INFO  [LINK] DISC_REQ win=7230 seq=61
1446158 INFO  [LINK] TX_DONE win=7230 tx=0x107FE89E00
1446158 INFO  [LINK] RX type=33 src=0x0030 win=0
1446308 INFO  [LINK] preparing DISC_REQ tick=1446308
1446308 INFO  [PHY] CMD_TX slot=0 win=0
1446308 INFO  [PHY] TX_STARTED imm=1
1446308 INFO  [LINK] DISC_REQ win=7231 seq=62
1446358 INFO  [LINK] TX_DONE win=7231 tx=0x1379CB1800
1446358 INFO  [LINK] RX type=33 src=0x0030 win=0
1446508 INFO  [LINK] preparing DISC_REQ tick=1446508
1446508 INFO  [PHY] CMD_TX slot=0 win=0
1446508 INFO  [PHY] TX_STARTED imm=1
1446508 INFO  [LINK] DISC_REQ win=7232 seq=63
1446558 INFO  [LINK] TX_DONE win=7232 tx=0x1673A7F800
1446558 INFO  [LINK] RX type=33 src=0x0030 win=0
1446708 INFO  [LINK] preparing DISC_REQ tick=1446708
1446708 INFO  [PHY] CMD_TX slot=0 win=0
1446708 INFO  [PHY] TX_STARTED imm=1
1446709 INFO  [LINK] DISC_REQ win=7233 seq=64
1446758 INFO  [LINK] TX_DONE win=7233 tx=0x196D9C4A00
1446758 INFO  [LINK] RX type=33 src=0x0030 win=0
1446908 INFO  [LINK] preparing DISC_REQ tick=1446908
1446908 INFO  [PHY] CMD_TX slot=0 win=0
1446909 INFO  [PHY] TX_STARTED imm=1
1446909 INFO  [LINK] DISC_REQ win=7234 seq=65
1446958 INFO  [LINK] TX_DONE win=7234 tx=0x1C691D7A00
1446958 INFO  [LINK] RX type=33 src=0x0030 win=0
1447108 INFO  [LINK] preparing DISC_REQ tick=1447108
1447108 INFO  [PHY] CMD_TX slot=0 win=0
1447108 INFO  [PHY] TX_STARTED imm=1
1447109 INFO  [LINK] DISC_REQ win=7235 seq=66
1447158 INFO  [LINK] TX_DONE win=7235 tx=0x1F61F46A00
1447158 INFO  [LINK] RX type=33 src=0x0030 win=0
1447308 INFO  [LINK] preparing DISC_REQ tick=1447308
1447308 INFO  [PHY] CMD_TX slot=0 win=0
1447308 INFO  [PHY] TX_STARTED imm=1
1447308 INFO  [LINK] DISC_REQ win=7236 seq=67
1447358 INFO  [LINK] TX_DONE win=7236 tx=0x225B9E0800
1447358 INFO  [LINK] RX type=33 src=0x0030 win=0
1447508 INFO  [LINK] preparing DISC_REQ tick=1447508
1447508 INFO  [PHY] CMD_TX slot=0 win=0
1447508 INFO  [PHY] TX_STARTED imm=1
1447508 INFO  [LINK] DISC_REQ win=7237 seq=68
1447558 INFO  [LINK] TX_DONE win=7237 tx=0x2555878E00
1447558 INFO  [LINK] RX type=33 src=0x0030 win=0
1447708 INFO  [LINK] preparing DISC_REQ tick=1447708
1447708 INFO  [PHY] CMD_TX slot=0 win=0
1447708 INFO  [PHY] TX_STARTED imm=1
1447708 INFO  [LINK] DISC_REQ win=7238 seq=69
1447758 INFO  [LINK] TX_DONE win=7238 tx=0x284F72E600
1447758 INFO  [LINK] RX type=33 src=0x0030 win=0
1447908 INFO  [LINK] preparing DISC_REQ tick=1447908
1447908 INFO  [PHY] CMD_TX slot=0 win=0
1447908 INFO  [PHY] TX_STARTED imm=1
1447908 INFO  [LINK] DISC_REQ win=7239 seq=70
1447958 INFO  [LINK] TX_DONE win=7239 tx=0x2B495BAE00
1447958 INFO  [LINK] RX type=33 src=0x0030 win=0
1448108 INFO  [LINK] preparing DISC_REQ tick=1448108
1448108 INFO  [PHY] CMD_TX slot=0 win=0
1448108 INFO  [PHY] TX_STARTED imm=1
1448108 INFO  [LINK] DISC_REQ win=7240 seq=71
1448158 INFO  [LINK] TX_DONE win=7240 tx=0x2E43478000
1448158 INFO  [LINK] RX type=33 src=0x0030 win=0
1448308 INFO  [LINK] preparing DISC_REQ tick=1448308
1448308 INFO  [PHY] CMD_TX slot=0 win=0
1448308 INFO  [PHY] TX_STARTED imm=1
1448308 INFO  [LINK] DISC_REQ win=7241 seq=72
1448358 INFO  [LINK] TX_DONE win=7241 tx=0x313D261C00
1448358 INFO  [LINK] RX type=33 src=0x0030 win=0
1448508 INFO  [LINK] preparing DISC_REQ tick=1448508
1448508 INFO  [PHY] CMD_TX slot=0 win=0
1448508 INFO  [PHY] TX_STARTED imm=1
1448508 INFO  [LINK] DISC_REQ win=7242 seq=73
1448558 INFO  [LINK] TX_DONE win=7242 tx=0x3436E5C600
1448558 INFO  [LINK] RX type=33 src=0x0030 win=0
1448708 INFO  [LINK] preparing DISC_REQ tick=1448708
1448708 INFO  [PHY] CMD_TX slot=0 win=0
1448708 INFO  [PHY] TX_STARTED imm=1
1448708 INFO  [LINK] DISC_REQ win=7243 seq=74
1448758 INFO  [LINK] TX_DONE win=7243 tx=0x3730AAB000
1448758 INFO  [LINK] RX type=33 src=0x0030 win=0
1448908 INFO  [LINK] preparing DISC_REQ tick=1448908
1448908 INFO  [PHY] CMD_TX slot=0 win=0
1448908 INFO  [PHY] TX_STARTED imm=1
1448908 INFO  [LINK] DISC_REQ win=7244 seq=75
1448958 INFO  [LINK] TX_DONE win=7244 tx=0x3A2A83FC00
1448958 INFO  [LINK] RX type=33 src=0x0030 win=0
1449108 INFO  [LINK] preparing DISC_REQ tick=1449108
1449108 INFO  [PHY] CMD_TX slot=0 win=0
1449108 INFO  [PHY] TX_STARTED imm=1
1449108 INFO  [LINK] DISC_REQ win=7245 seq=76
1449158 INFO  [LINK] TX_DONE win=7245 tx=0x3D24476E00
1449158 INFO  [LINK] RX type=33 src=0x0030 win=0
1449308 INFO  [LINK] preparing DISC_REQ tick=1449308
1449308 INFO  [PHY] CMD_TX slot=0 win=0
1449308 INFO  [PHY] TX_STARTED imm=1
1449308 INFO  [LINK] DISC_REQ win=7246 seq=77
1449358 INFO  [LINK] TX_DONE win=7246 tx=0x401E1DC200
1449358 INFO  [LINK] RX type=33 src=0x0030 win=0
1449508 INFO  [LINK] preparing DISC_REQ tick=1449508
1449508 INFO  [PHY] CMD_TX slot=0 win=0
1449508 INFO  [PHY] TX_STARTED imm=1
1449508 INFO  [LINK] DISC_REQ win=7247 seq=78
1449558 INFO  [LINK] TX_DONE win=7247 tx=0x4318016400
1449558 INFO  [LINK] RX type=33 src=0x0030 win=0
1449708 INFO  [LINK] preparing DISC_REQ tick=1449708
1449708 INFO  [PHY] CMD_TX slot=0 win=0
1449708 INFO  [PHY] TX_STARTED imm=1
1449708 INFO  [LINK] DISC_REQ win=7248 seq=79
1449758 INFO  [LINK] TX_DONE win=7248 tx=0x4611F3F000
1449758 INFO  [LINK] RX type=33 src=0x0030 win=0
1449908 INFO  [LINK] preparing DISC_REQ tick=1449908
1449908 INFO  [PHY] CMD_TX slot=0 win=0
1449908 INFO  [PHY] TX_STARTED imm=1
1449908 INFO  [LINK] DISC_REQ win=7249 seq=80
1449958 INFO  [LINK] TX_DONE win=7249 tx=0x490BE99800
1449958 INFO  [LINK] RX type=33 src=0x0030 win=0
1450108 INFO  [LINK] preparing DISC_REQ tick=1450108
1450108 INFO  [PHY] CMD_TX slot=0 win=0
1450108 INFO  [PHY] TX_STARTED imm=1
1450108 INFO  [LINK] DISC_REQ win=7250 seq=81
1450158 INFO  [LINK] TX_DONE win=7250 tx=0x4C05D8EC00
1450158 INFO  [LINK] RX type=33 src=0x0030 win=0
1450308 INFO  [LINK] preparing DISC_REQ tick=1450308
1450308 INFO  [PHY] CMD_TX slot=0 win=0
1450308 INFO  [PHY] TX_STARTED imm=1
1450308 INFO  [LINK] DISC_REQ win=7251 seq=82
1450358 INFO  [LINK] TX_DONE win=7251 tx=0x4EFFC12A00
1450358 INFO  [LINK] RX type=33 src=0x0030 win=0
1450508 INFO  [LINK] preparing DISC_REQ tick=1450508
1450508 INFO  [PHY] CMD_TX slot=0 win=0
1450508 INFO  [PHY] TX_STARTED imm=1
1450508 INFO  [LINK] DISC_REQ win=7252 seq=83
1450558 INFO  [LINK] TX_DONE win=7252 tx=0x51F9A9CA00
1450558 INFO  [LINK] RX type=33 src=0x0030 win=0
1450708 INFO  [LINK] preparing DISC_REQ tick=1450708
1450708 INFO  [PHY] CMD_TX slot=0 win=0
1450708 INFO  [PHY] TX_STARTED imm=1
1450708 INFO  [LINK] DISC_REQ win=7253 seq=84
1450758 INFO  [LINK] TX_DONE win=7253 tx=0x54F39D8E00
1450758 INFO  [LINK] RX type=33 src=0x0030 win=0
1450908 INFO  [LINK] preparing DISC_REQ tick=1450908
1450908 INFO  [PHY] CMD_TX slot=0 win=0
1450908 INFO  [PHY] TX_STARTED imm=1
1450908 INFO  [LINK] DISC_REQ win=7254 seq=85
1450958 INFO  [LINK] TX_DONE win=7254 tx=0x57ED874800
1450958 INFO  [LINK] RX type=33 src=0x0030 win=0
1451108 INFO  [LINK] preparing DISC_REQ tick=1451108
1451108 INFO  [PHY] CMD_TX slot=0 win=0
1451108 INFO  [PHY] TX_STARTED imm=1
1451108 INFO  [LINK] DISC_REQ win=7255 seq=86
1451158 INFO  [LINK] TX_DONE win=7255 tx=0x5AE75AA000
1451158 INFO  [LINK] RX type=33 src=0x0030 win=0
1451308 INFO  [LINK] preparing DISC_REQ tick=1451308
1451308 INFO  [PHY] CMD_TX slot=0 win=0
1451308 INFO  [PHY] TX_STARTED imm=1
1451308 INFO  [LINK] DISC_REQ win=7256 seq=87
1451358 INFO  [LINK] TX_DONE win=7256 tx=0x5DE1373C00
1451358 INFO  [LINK] RX type=33 src=0x0030 win=0
1451508 INFO  [LINK] preparing DISC_REQ tick=1451508
1451508 INFO  [PHY] CMD_TX slot=0 win=0
1451508 INFO  [PHY] TX_STARTED imm=1
1451508 INFO  [LINK] DISC_REQ win=7257 seq=88
1451558 INFO  [LINK] TX_DONE win=7257 tx=0x60DB108E00
1451558 INFO  [LINK] RX type=33 src=0x0030 win=0
1451708 INFO  [LINK] preparing DISC_REQ tick=1451708
1451708 INFO  [PHY] CMD_TX slot=0 win=0
1451708 INFO  [PHY] TX_STARTED imm=1
1451708 INFO  [LINK] DISC_REQ win=7258 seq=89
1451758 INFO  [LINK] TX_DONE win=7258 tx=0x63D4E65A00
1451758 INFO  [LINK] RX type=33 src=0x0030 win=0
1451908 INFO  [LINK] preparing DISC_REQ tick=1451908
1451908 INFO  [PHY] CMD_TX slot=0 win=0
1451908 INFO  [PHY] TX_STARTED imm=1
1451908 INFO  [LINK] DISC_REQ win=7259 seq=90
1451958 INFO  [LINK] TX_DONE win=7259 tx=0x66CED2D200
1451958 INFO  [LINK] RX type=33 src=0x0030 win=0
1452108 INFO  [LINK] preparing DISC_REQ tick=1452108
1452108 INFO  [PHY] CMD_TX slot=0 win=0
1452108 INFO  [PHY] TX_STARTED imm=1
1452108 INFO  [LINK] DISC_REQ win=7260 seq=91
1452158 INFO  [LINK] TX_DONE win=7260 tx=0x69C8C1EC00
1452158 INFO  [LINK] RX type=33 src=0x0030 win=0
1452308 INFO  [LINK] preparing DISC_REQ tick=1452308
1452308 INFO  [PHY] CMD_TX slot=0 win=0
1452308 INFO  [PHY] TX_STARTED imm=1
1452308 INFO  [LINK] DISC_REQ win=7261 seq=92
1452358 INFO  [LINK] TX_DONE win=7261 tx=0x6CC2BE7E00
1452358 INFO  [LINK] RX type=33 src=0x0030 win=0
1452508 INFO  [LINK] preparing DISC_REQ tick=1452508
1452508 INFO  [PHY] CMD_TX slot=0 win=0
1452508 INFO  [PHY] TX_STARTED imm=1
1452508 INFO  [LINK] DISC_REQ win=7262 seq=93
1452558 INFO  [LINK] TX_DONE win=7262 tx=0x6FBCBAB600
1452558 INFO  [LINK] RX type=33 src=0x0030 win=0
1452708 INFO  [LINK] preparing DISC_REQ tick=1452708
1452708 INFO  [PHY] CMD_TX slot=0 win=0
1452708 INFO  [PHY] TX_STARTED imm=1
1452708 INFO  [LINK] DISC_REQ win=7263 seq=94
1452758 INFO  [LINK] TX_DONE win=7263 tx=0x72B6CE1000
1452758 INFO  [LINK] RX type=33 src=0x0030 win=0
1452908 INFO  [LINK] preparing DISC_REQ tick=1452908
1452908 INFO  [PHY] CMD_TX slot=0 win=0
1452908 INFO  [PHY] TX_STARTED imm=1
1452909 INFO  [LINK] DISC_REQ win=7264 seq=95
1452958 INFO  [LINK] TX_DONE win=7264 tx=0x75B0D96600
1452958 INFO  [LINK] RX type=33 src=0x0030 win=0
1453108 INFO  [LINK] preparing DISC_REQ tick=1453108
1453108 INFO  [PHY] CMD_TX slot=0 win=0
1453109 INFO  [PHY] TX_STARTED imm=1
1453109 INFO  [LINK] DISC_REQ win=7265 seq=96
1453158 INFO  [LINK] TX_DONE win=7265 tx=0x78AC644A00
1453158 INFO  [LINK] RX type=33 src=0x0030 win=0
1453308 INFO  [LINK] preparing DISC_REQ tick=1453308
1453308 INFO  [PHY] CMD_TX slot=0 win=0
1453308 INFO  [PHY] TX_STARTED imm=1
1453309 INFO  [LINK] DISC_REQ win=7266 seq=97
1453358 INFO  [LINK] TX_DONE win=7266 tx=0x7BA511C800
1453358 INFO  [LINK] RX type=33 src=0x0030 win=0
1453508 INFO  [LINK] preparing DISC_REQ tick=1453508
1453508 INFO  [PHY] CMD_TX slot=0 win=0
1453508 INFO  [PHY] TX_STARTED imm=1
1453508 INFO  [LINK] DISC_REQ win=7267 seq=98
1453558 INFO  [LINK] TX_DONE win=7267 tx=0x7E9EE25600
1453558 INFO  [LINK] RX type=33 src=0x0030 win=0
1453708 INFO  [LINK] preparing DISC_REQ tick=1453708
1453708 INFO  [PHY] CMD_TX slot=0 win=0
1453708 INFO  [PHY] TX_STARTED imm=1
1453708 INFO  [LINK] DISC_REQ win=7268 seq=99
1453758 INFO  [LINK] TX_DONE win=7268 tx=0x8198E11200
1453758 INFO  [LINK] RX type=33 src=0x0030 win=0
1453908 INFO  [LINK] preparing DISC_REQ tick=1453908
1453908 INFO  [PHY] CMD_TX slot=0 win=0
1453908 INFO  [PHY] TX_STARTED imm=1
1453908 INFO  [LINK] DISC_REQ win=7269 seq=100
1453958 INFO  [LINK] TX_DONE win=7269 tx=0x8492CC1400
1453958 INFO  [LINK] RX type=33 src=0x0030 win=0
1454108 INFO  [LINK] preparing DISC_REQ tick=1454108
1454108 INFO  [PHY] CMD_TX slot=0 win=0
1454108 INFO  [PHY] TX_STARTED imm=1
1454108 INFO  [LINK] DISC_REQ win=7270 seq=101
1454158 INFO  [LINK] TX_DONE win=7270 tx=0x878CC89200
1454158 INFO  [LINK] RX type=33 src=0x0030 win=0
1454308 INFO  [LINK] preparing DISC_REQ tick=1454308
1454308 INFO  [PHY] CMD_TX slot=0 win=0
1454308 INFO  [PHY] TX_STARTED imm=1
1454308 INFO  [LINK] DISC_REQ win=7271 seq=102
1454358 INFO  [LINK] TX_DONE win=7271 tx=0x8A86CB5000
1454358 INFO  [LINK] RX type=33 src=0x0030 win=0
1454508 INFO  [LINK] preparing DISC_REQ tick=1454508
1454508 INFO  [PHY] CMD_TX slot=0 win=0
1454508 INFO  [PHY] TX_STARTED imm=1
1454508 INFO  [LINK] DISC_REQ win=7272 seq=103
1454558 INFO  [LINK] TX_DONE win=7272 tx=0x8D80BB6800
1454558 INFO  [LINK] RX type=33 src=0x0030 win=0
1454708 INFO  [LINK] preparing DISC_REQ tick=1454708
1454708 INFO  [PHY] CMD_TX slot=0 win=0
1454708 INFO  [PHY] TX_STARTED imm=1
1454708 INFO  [LINK] DISC_REQ win=7273 seq=104
1454758 INFO  [LINK] TX_DONE win=7273 tx=0x907AC74E00
1454758 INFO  [LINK] RX type=33 src=0x0030 win=0
1454908 INFO  [LINK] preparing DISC_REQ tick=1454908
1454908 INFO  [PHY] CMD_TX slot=0 win=0
1454908 INFO  [PHY] TX_STARTED imm=1
1454908 INFO  [LINK] DISC_REQ win=7274 seq=105
1454958 INFO  [LINK] TX_DONE win=7274 tx=0x9374B96000
1454958 INFO  [LINK] RX type=33 src=0x0030 win=0
1455108 INFO  [LINK] preparing DISC_REQ tick=1455108
1455108 INFO  [PHY] CMD_TX slot=0 win=0
1455108 INFO  [PHY] TX_STARTED imm=1
1455108 INFO  [LINK] DISC_REQ win=7275 seq=106
1455158 INFO  [LINK] TX_DONE win=7275 tx=0x966EA81C00
1455158 INFO  [LINK] RX type=33 src=0x0030 win=0
1455308 INFO  [LINK] preparing DISC_REQ tick=1455308
1455308 INFO  [PHY] CMD_TX slot=0 win=0
1455308 INFO  [PHY] TX_STARTED imm=1
1455308 INFO  [LINK] DISC_REQ win=7276 seq=107
1455358 INFO  [LINK] TX_DONE win=7276 tx=0x996897D200
1455358 INFO  [LINK] RX type=33 src=0x0030 win=0
1455508 INFO  [LINK] preparing DISC_REQ tick=1455508
1455508 INFO  [PHY] CMD_TX slot=0 win=0
1455508 INFO  [PHY] TX_STARTED imm=1
1455508 INFO  [LINK] DISC_REQ win=7277 seq=108
1455558 INFO  [LINK] TX_DONE win=7277 tx=0x9C62851800
1455558 INFO  [LINK] RX type=33 src=0x0030 win=0
1455708 INFO  [LINK] preparing DISC_REQ tick=1455708
1455708 INFO  [PHY] CMD_TX slot=0 win=0
1455708 INFO  [PHY] TX_STARTED imm=1
1455708 INFO  [LINK] DISC_REQ win=7278 seq=109
1455758 INFO  [LINK] TX_DONE win=7278 tx=0x9F5C922E00
1455758 INFO  [LINK] RX type=33 src=0x0030 win=0
1455908 INFO  [LINK] preparing DISC_REQ tick=1455908
1455908 INFO  [PHY] CMD_TX slot=0 win=0
1455908 INFO  [PHY] TX_STARTED imm=1
1455908 INFO  [LINK] DISC_REQ win=7279 seq=110
1455958 INFO  [LINK] TX_DONE win=7279 tx=0xA25692C400
1455958 INFO  [LINK] RX type=33 src=0x0030 win=0
1456108 INFO  [LINK] preparing DISC_REQ tick=1456108
1456108 INFO  [PHY] CMD_TX slot=0 win=0
1456108 INFO  [PHY] TX_STARTED imm=1
1456108 INFO  [LINK] DISC_REQ win=7280 seq=111
1456158 INFO  [LINK] TX_DONE win=7280 tx=0xA5508AF600
1456158 INFO  [LINK] RX type=33 src=0x0030 win=0
1456308 INFO  [LINK] preparing DISC_REQ tick=1456308
1456308 INFO  [PHY] CMD_TX slot=0 win=0
1456308 INFO  [PHY] TX_STARTED imm=1
1456308 INFO  [LINK] DISC_REQ win=7281 seq=112
1456358 INFO  [LINK] TX_DONE win=7281 tx=0xA84A7FB800
1456358 INFO  [LINK] RX type=33 src=0x0030 win=0
1456508 INFO  [LINK] preparing DISC_REQ tick=1456508
1456508 INFO  [PHY] CMD_TX slot=0 win=0
1456508 INFO  [PHY] TX_STARTED imm=1
1456508 INFO  [LINK] DISC_REQ win=7282 seq=113
1456558 INFO  [LINK] TX_DONE win=7282 tx=0xAB44785000
1456558 INFO  [LINK] RX type=33 src=0x0030 win=0
1456708 INFO  [LINK] preparing DISC_REQ tick=1456708
1456708 INFO  [PHY] CMD_TX slot=0 win=0
1456708 INFO  [PHY] TX_STARTED imm=1
1456708 INFO  [LINK] DISC_REQ win=7283 seq=114
1456758 INFO  [LINK] TX_DONE win=7283 tx=0xAE3E77EE00
1456758 INFO  [LINK] RX type=33 src=0x0030 win=0
1456908 INFO  [LINK] preparing DISC_REQ tick=1456908
1456908 INFO  [PHY] CMD_TX slot=0 win=0
1456908 INFO  [PHY] TX_STARTED imm=1
1456908 INFO  [LINK] DISC_REQ win=7284 seq=115
1456958 INFO  [LINK] TX_DONE win=7284 tx=0xB1387B3A00
1456958 INFO  [LINK] RX type=33 src=0x0030 win=0
1457108 INFO  [LINK] preparing DISC_REQ tick=1457108
1457108 INFO  [PHY] CMD_TX slot=0 win=0
1457108 INFO  [PHY] TX_STARTED imm=1
1457108 INFO  [LINK] DISC_REQ win=7285 seq=116
1457158 INFO  [LINK] TX_DONE win=7285 tx=0xB4328BC400
1457158 INFO  [LINK] RX type=33 src=0x0030 win=0
1457308 INFO  [LINK] preparing DISC_REQ tick=1457308
1457308 INFO  [PHY] CMD_TX slot=0 win=0
1457308 INFO  [PHY] TX_STARTED imm=1
1457308 INFO  [LINK] DISC_REQ win=7286 seq=117
1457358 INFO  [LINK] TX_DONE win=7286 tx=0xB72C8A7200
1457358 INFO  [LINK] RX type=33 src=0x0030 win=0
1457508 INFO  [LINK] preparing DISC_REQ tick=1457508
1457508 INFO  [PHY] CMD_TX slot=0 win=0
1457508 INFO  [PHY] TX_STARTED imm=1
1457508 INFO  [LINK] DISC_REQ win=7287 seq=118
1457558 INFO  [LINK] TX_DONE win=7287 tx=0xBA26892000
1457558 INFO  [LINK] RX type=33 src=0x0030 win=0
1457708 INFO  [LINK] preparing DISC_REQ tick=1457708
1457708 INFO  [PHY] CMD_TX slot=0 win=0
1457708 INFO  [PHY] TX_STARTED imm=1
1457708 INFO  [LINK] DISC_REQ win=7288 seq=119
1457758 INFO  [LINK] TX_DONE win=7288 tx=0xBD20750000
1457758 INFO  [LINK] RX type=33 src=0x0030 win=0
1457908 INFO  [LINK] preparing DISC_REQ tick=1457908
1457908 INFO  [PHY] CMD_TX slot=0 win=0
1457908 INFO  [PHY] TX_STARTED imm=1
1457908 INFO  [LINK] DISC_REQ win=7289 seq=120
1457958 INFO  [LINK] TX_DONE win=7289 tx=0xC01A482800
1457958 INFO  [LINK] RX type=33 src=0x0030 win=0
1458108 INFO  [LINK] preparing DISC_REQ tick=1458108
1458108 INFO  [PHY] CMD_TX slot=0 win=0
1458108 INFO  [PHY] TX_STARTED imm=1
1458108 INFO  [LINK] DISC_REQ win=7290 seq=121
1458158 INFO  [LINK] TX_DONE win=7290 tx=0xC3143DCE00
1458158 INFO  [LINK] RX type=33 src=0x0030 win=0
1458308 INFO  [LINK] preparing DISC_REQ tick=1458308
1458308 INFO  [PHY] CMD_TX slot=0 win=0
1458308 INFO  [PHY] TX_STARTED imm=1
1458309 INFO  [LINK] DISC_REQ win=7291 seq=122
1458358 INFO  [LINK] TX_DONE win=7291 tx=0xC60E243E00
1458358 INFO  [LINK] RX type=33 src=0x0030 win=0
1458508 INFO  [LINK] preparing DISC_REQ tick=1458508
1458508 INFO  [PHY] CMD_TX slot=0 win=0
1458508 INFO  [PHY] TX_STARTED imm=1
1458509 INFO  [LINK] DISC_REQ win=7292 seq=123
1458558 INFO  [LINK] TX_DONE win=7292 tx=0xC907FC3600
1458558 INFO  [LINK] RX type=33 src=0x0030 win=0
1458708 INFO  [LINK] preparing DISC_REQ tick=1458708
1458708 INFO  [PHY] CMD_TX slot=0 win=0
1458708 INFO  [PHY] TX_STARTED imm=1
1458709 INFO  [LINK] DISC_REQ win=7293 seq=124
1458758 INFO  [LINK] TX_DONE win=7293 tx=0xCC01B73A00
1458758 INFO  [LINK] RX type=33 src=0x0030 win=0
1458908 INFO  [LINK] preparing DISC_REQ tick=1458908
1458908 INFO  [PHY] CMD_TX slot=0 win=0
1458908 INFO  [PHY] TX_STARTED imm=1
1458909 INFO  [LINK] DISC_REQ win=7294 seq=125
1458958 INFO  [LINK] TX_DONE win=7294 tx=0xCEFC447E00
1458958 INFO  [LINK] RX type=33 src=0x0030 win=0
1459108 INFO  [LINK] preparing DISC_REQ tick=1459108
1459108 INFO  [PHY] CMD_TX slot=0 win=0
1459108 INFO  [PHY] TX_STARTED imm=1
1459109 INFO  [LINK] DISC_REQ win=7295 seq=126
1459158 INFO  [LINK] TX_DONE win=7295 tx=0xD1F594AC00
1459158 INFO  [LINK] RX type=33 src=0x0030 win=0
1459308 INFO  [LINK] preparing DISC_REQ tick=1459308
1459308 INFO  [PHY] CMD_TX slot=0 win=0
1459308 INFO  [PHY] TX_STARTED imm=1
1459308 INFO  [LINK] DISC_REQ win=7296 seq=127
1459358 INFO  [LINK] TX_DONE win=7296 tx=0xD4EF614800
1459358 INFO  [LINK] RX type=33 src=0x0030 win=0
1459508 INFO  [LINK] preparing DISC_REQ tick=1459508
1459508 INFO  [PHY] CMD_TX slot=0 win=0
1459508 INFO  [PHY] TX_STARTED imm=1
1459508 INFO  [LINK] DISC_REQ win=7297 seq=128
1459558 INFO  [LINK] TX_DONE win=7297 tx=0xD7E93B8000
1459558 INFO  [LINK] RX type=33 src=0x0030 win=0
1459708 INFO  [LINK] preparing DISC_REQ tick=1459708
1459708 INFO  [PHY] CMD_TX slot=0 win=0
1459708 INFO  [PHY] TX_STARTED imm=1
1459708 INFO  [LINK] DISC_REQ win=7298 seq=129
1459758 INFO  [LINK] TX_DONE win=7298 tx=0xDAE31E0800
1459758 INFO  [LINK] RX type=33 src=0x0030 win=0
1459908 INFO  [LINK] preparing DISC_REQ tick=1459908
1459908 INFO  [PHY] CMD_TX slot=0 win=0
1459908 INFO  [PHY] TX_STARTED imm=1
1459908 INFO  [LINK] DISC_REQ win=7299 seq=130
1459958 INFO  [LINK] TX_DONE win=7299 tx=0xDDDD025C00
1459958 INFO  [LINK] RX type=33 src=0x0030 win=0
1460108 INFO  [LINK] preparing DISC_REQ tick=1460108
1460108 INFO  [PHY] CMD_TX slot=0 win=0
1460108 INFO  [PHY] TX_STARTED imm=1
1460108 INFO  [LINK] DISC_REQ win=7300 seq=131
1460158 INFO  [LINK] TX_DONE win=7300 tx=0xE0D6DFAC00
1460158 INFO  [LINK] RX type=33 src=0x0030 win=0
1460308 INFO  [LINK] preparing DISC_REQ tick=1460308
1460308 INFO  [PHY] CMD_TX slot=0 win=0
1460308 INFO  [PHY] TX_STARTED imm=1
1460308 INFO  [LINK] DISC_REQ win=7301 seq=132
1460358 INFO  [LINK] TX_DONE win=7301 tx=0xE3D0C6DE00
1460358 INFO  [LINK] RX type=33 src=0x0030 win=0
1460508 INFO  [LINK] preparing DISC_REQ tick=1460508
1460508 INFO  [PHY] CMD_TX slot=0 win=0
1460508 INFO  [PHY] TX_STARTED imm=1
1460508 INFO  [LINK] DISC_REQ win=7302 seq=133
1460558 INFO  [LINK] TX_DONE win=7302 tx=0xE6CAA57800
1460558 INFO  [LINK] RX type=33 src=0x0030 win=0
1460708 INFO  [LINK] preparing DISC_REQ tick=1460708
1460708 INFO  [PHY] CMD_TX slot=0 win=0
1460708 INFO  [PHY] TX_STARTED imm=1
1460708 INFO  [LINK] DISC_REQ win=7303 seq=134
1460758 INFO  [LINK] TX_DONE win=7303 tx=0xE9C4786A00
1460758 INFO  [LINK] RX type=33 src=0x0030 win=0
1460908 INFO  [LINK] preparing DISC_REQ tick=1460908
1460908 INFO  [PHY] CMD_TX slot=0 win=0
1460908 INFO  [PHY] TX_STARTED imm=1
1460908 INFO  [LINK] DISC_REQ win=7304 seq=135
1460958 INFO  [LINK] TX_DONE win=7304 tx=0xECBE610600
1460958 INFO  [LINK] RX type=33 src=0x0030 win=0
1461108 INFO  [LINK] preparing DISC_REQ tick=1461108
1461108 INFO  [PHY] CMD_TX slot=0 win=0
1461108 INFO  [PHY] TX_STARTED imm=1
1461108 INFO  [LINK] DISC_REQ win=7305 seq=136
1461158 INFO  [LINK] TX_DONE win=7305 tx=0xEFB8473E00
1461158 INFO  [LINK] RX type=33 src=0x0030 win=0
1461308 INFO  [LINK] preparing DISC_REQ tick=1461308
1461308 INFO  [PHY] CMD_TX slot=0 win=0
1461308 INFO  [PHY] TX_STARTED imm=1
1461308 INFO  [LINK] DISC_REQ win=7306 seq=137
1461358 INFO  [LINK] TX_DONE win=7306 tx=0xF2B2345000
1461358 INFO  [LINK] RX type=33 src=0x0030 win=0
1461508 INFO  [LINK] preparing DISC_REQ tick=1461508
1461508 INFO  [PHY] CMD_TX slot=0 win=0
1461508 INFO  [PHY] TX_STARTED imm=1
1461508 INFO  [LINK] DISC_REQ win=7307 seq=138
1461558 INFO  [LINK] TX_DONE win=7307 tx=0xF5AC22F400
1461558 INFO  [LINK] RX type=33 src=0x0030 win=0
1461708 INFO  [LINK] preparing DISC_REQ tick=1461708
1461708 INFO  [PHY] CMD_TX slot=0 win=0
1461708 INFO  [PHY] TX_STARTED imm=1
1461708 INFO  [LINK] DISC_REQ win=7308 seq=139
1461758 INFO  [LINK] TX_DONE win=7308 tx=0xF8A6096200
1461758 INFO  [LINK] RX type=33 src=0x0030 win=0
1461908 INFO  [LINK] preparing DISC_REQ tick=1461908
1461908 INFO  [PHY] CMD_TX slot=0 win=0
1461908 INFO  [PHY] TX_STARTED imm=1
1461908 INFO  [LINK] DISC_REQ win=7309 seq=140
1461958 INFO  [LINK] TX_DONE win=7309 tx=0xFB9FE2A000
1461958 INFO  [LINK] RX type=33 src=0x0030 win=0
1462108 INFO  [LINK] preparing DISC_REQ tick=1462108
1462108 INFO  [PHY] CMD_TX slot=0 win=0
1462108 INFO  [PHY] TX_STARTED imm=1
1462108 INFO  [LINK] DISC_REQ win=7310 seq=141
1462158 INFO  [LINK] TX_DONE win=7310 tx=0xFE99D2DC00
1462158 INFO  [LINK] RX type=33 src=0x0030 win=0
1462308 INFO  [LINK] preparing DISC_REQ tick=1462308
1462308 INFO  [PHY] CMD_TX slot=0 win=0
1462308 INFO  [PHY] TX_STARTED imm=1
1462308 INFO  [LINK] DISC_REQ win=7311 seq=142
1462358 INFO  [LINK] TX_DONE win=7311 tx=0x0193D17E00
1462358 INFO  [LINK] RX type=33 src=0x0030 win=0
1462508 INFO  [LINK] preparing DISC_REQ tick=1462508
1462508 INFO  [PHY] CMD_TX slot=0 win=0
1462508 INFO  [PHY] TX_STARTED imm=1
1462508 INFO  [LINK] DISC_REQ win=7312 seq=143
1462558 INFO  [LINK] TX_DONE win=7312 tx=0x048DCAD800
1462558 INFO  [LINK] RX type=33 src=0x0030 win=0
1462708 INFO  [LINK] preparing DISC_REQ tick=1462708
1462708 INFO  [PHY] CMD_TX slot=0 win=0
1462708 INFO  [PHY] TX_STARTED imm=1
1462708 INFO  [LINK] DISC_REQ win=7313 seq=144
1462758 INFO  [LINK] TX_DONE win=7313 tx=0x0787B4EA00
1462758 INFO  [LINK] RX type=33 src=0x0030 win=0
1462908 INFO  [LINK] preparing DISC_REQ tick=1462908
1462908 INFO  [PHY] CMD_TX slot=0 win=0
1462908 INFO  [PHY] TX_STARTED imm=1
1462908 INFO  [LINK] DISC_REQ win=7314 seq=145
1462958 INFO  [LINK] TX_DONE win=7314 tx=0x0A819EB000
1462958 INFO  [LINK] RX type=33 src=0x0030 win=0
1463108 INFO  [LINK] preparing DISC_REQ tick=1463108
1463108 INFO  [PHY] CMD_TX slot=0 win=0
1463108 INFO  [PHY] TX_STARTED imm=1
1463108 INFO  [LINK] DISC_REQ win=7315 seq=146
1463158 INFO  [LINK] TX_DONE win=7315 tx=0x0D7B808800
1463158 INFO  [LINK] RX type=33 src=0x0030 win=0
1463308 INFO  [LINK] preparing DISC_REQ tick=1463308
1463308 INFO  [PHY] CMD_TX slot=0 win=0
1463308 INFO  [PHY] TX_STARTED imm=1
1463308 INFO  [LINK] DISC_REQ win=7316 seq=147
1463358 INFO  [LINK] TX_DONE win=7316 tx=0x1075693C00
1463358 INFO  [LINK] RX type=33 src=0x0030 win=0
1463508 INFO  [LINK] preparing DISC_REQ tick=1463508
1463508 INFO  [PHY] CMD_TX slot=0 win=0
1463508 INFO  [PHY] TX_STARTED imm=1
1463508 INFO  [LINK] DISC_REQ win=7317 seq=148
1463558 INFO  [LINK] TX_DONE win=7317 tx=0x136F47EA00
1463608 INFO  [LINK] RX_TIMEOUT
1463708 INFO  [LINK] preparing DISC_REQ tick=1463708
1463708 INFO  [PHY] CMD_TX slot=0 win=0
1463708 INFO  [PHY] TX_STARTED imm=1
1463708 INFO  [LINK] DISC_REQ win=7318 seq=149
1463758 INFO  [LINK] TX_DONE win=7318 tx=0x1669386600
1463758 INFO  [LINK] RX type=33 src=0x0030 win=0
1463908 INFO  [LINK] preparing DISC_REQ tick=1463908
1463908 INFO  [PHY] CMD_TX slot=0 win=0
1463908 INFO  [PHY] TX_STARTED imm=1
1463908 INFO  [LINK] DISC_REQ win=7319 seq=150
1463958 INFO  [LINK] TX_DONE win=7319 tx=0x19631CDC00
1463958 INFO  [LINK] RX type=33 src=0x0030 win=0
1464108 INFO  [LINK] preparing DISC_REQ tick=1464108
1464108 INFO  [PHY] CMD_TX slot=0 win=0
1464108 INFO  [PHY] TX_STARTED imm=1
1464108 INFO  [LINK] DISC_REQ win=7320 seq=151
1464158 INFO  [LINK] TX_DONE win=7320 tx=0x1C5D1E5C00
1464158 INFO  [LINK] RX type=33 src=0x0030 win=0
1464308 INFO  [LINK] preparing DISC_REQ tick=1464308
1464308 INFO  [PHY] CMD_TX slot=0 win=0
1464308 INFO  [PHY] TX_STARTED imm=1
1464308 INFO  [LINK] DISC_REQ win=7321 seq=152
1464358 INFO  [LINK] TX_DONE win=7321 tx=0x1F5710EC00
1464358 INFO  [LINK] RX type=33 src=0x0030 win=0
1464508 INFO  [LINK] preparing DISC_REQ tick=1464508
1464508 INFO  [PHY] CMD_TX slot=0 win=0
1464508 INFO  [PHY] TX_STARTED imm=1
1464508 INFO  [LINK] DISC_REQ win=7322 seq=153
1464558 INFO  [LINK] TX_DONE win=7322 tx=0x2251025600
1464558 INFO  [LINK] RX type=33 src=0x0030 win=0
1464708 INFO  [LINK] preparing DISC_REQ tick=1464708
1464708 INFO  [PHY] CMD_TX slot=0 win=0
1464708 INFO  [PHY] TX_STARTED imm=1
1464709 INFO  [LINK] DISC_REQ win=7323 seq=154
1464758 INFO  [LINK] TX_DONE win=7323 tx=0x254ADFFC00
1464758 INFO  [LINK] RX type=33 src=0x0030 win=0
1464908 INFO  [LINK] preparing DISC_REQ tick=1464908
1464908 INFO  [PHY] CMD_TX slot=0 win=0
1464908 INFO  [PHY] TX_STARTED imm=1
1464909 INFO  [LINK] DISC_REQ win=7324 seq=155
1464958 INFO  [LINK] TX_DONE win=7324 tx=0x2844B70800
1464958 INFO  [LINK] RX type=33 src=0x0030 win=0
1465108 INFO  [LINK] preparing DISC_REQ tick=1465108
1465108 INFO  [PHY] CMD_TX slot=0 win=0
1465109 INFO  [PHY] TX_STARTED imm=1
1465109 INFO  [LINK] DISC_REQ win=7325 seq=156
1465158 INFO  [LINK] TX_DONE win=7325 tx=0x2B40059400
1465158 INFO  [LINK] RX type=33 src=0x0030 win=0
1465308 INFO  [LINK] preparing DISC_REQ tick=1465308
1465308 INFO  [PHY] CMD_TX slot=0 win=0
1465308 INFO  [PHY] TX_STARTED imm=1
1465309 INFO  [LINK] DISC_REQ win=7326 seq=157
1465358 INFO  [LINK] TX_DONE win=7326 tx=0x2E38BDDC00
1465358 INFO  [LINK] RX type=33 src=0x0030 win=0
1465508 INFO  [LINK] preparing DISC_REQ tick=1465508
1465508 INFO  [PHY] CMD_TX slot=0 win=0
1465508 INFO  [PHY] TX_STARTED imm=1
1465509 INFO  [LINK] DISC_REQ win=7327 seq=158
1465558 INFO  [LINK] TX_DONE win=7327 tx=0x3132F95E00
1465558 INFO  [LINK] RX type=33 src=0x0030 win=0
1465708 INFO  [LINK] preparing DISC_REQ tick=1465708
1465708 INFO  [PHY] CMD_TX slot=0 win=0
1465708 INFO  [PHY] TX_STARTED imm=1
1465708 INFO  [LINK] DISC_REQ win=7328 seq=159
1465758 INFO  [LINK] TX_DONE win=7328 tx=0x342BF41C00
1465758 INFO  [LINK] RX type=33 src=0x0030 win=0
1465908 INFO  [LINK] preparing DISC_REQ tick=1465908
1465908 INFO  [PHY] CMD_TX slot=0 win=0
1465908 INFO  [PHY] TX_STARTED imm=1
1465908 INFO  [LINK] DISC_REQ win=7329 seq=160
1465958 INFO  [LINK] TX_DONE win=7329 tx=0x3725C4B200
1465958 INFO  [LINK] RX type=33 src=0x0030 win=0
1466108 INFO  [LINK] preparing DISC_REQ tick=1466108
1466108 INFO  [PHY] CMD_TX slot=0 win=0
1466108 INFO  [PHY] TX_STARTED imm=1
1466108 INFO  [LINK] DISC_REQ win=7330 seq=161
1466158 INFO  [LINK] TX_DONE win=7330 tx=0x3A1FACB400
1466158 INFO  [LINK] RX type=33 src=0x0030 win=0
1466308 INFO  [LINK] preparing DISC_REQ tick=1466308
1466308 INFO  [PHY] CMD_TX slot=0 win=0
1466308 INFO  [PHY] TX_STARTED imm=1
1466308 INFO  [LINK] DISC_REQ win=7331 seq=162
1466358 INFO  [LINK] TX_DONE win=7331 tx=0x3D1980B200
1466358 INFO  [LINK] RX type=33 src=0x0030 win=0
1466508 INFO  [LINK] preparing DISC_REQ tick=1466508
1466508 INFO  [PHY] CMD_TX slot=0 win=0
1466508 INFO  [PHY] TX_STARTED imm=1
1466508 INFO  [LINK] DISC_REQ win=7332 seq=163
1466558 INFO  [LINK] TX_DONE win=7332 tx=0x4013542C00
1466558 INFO  [LINK] RX type=33 src=0x0030 win=0
1466708 INFO  [LINK] preparing DISC_REQ tick=1466708
1466708 INFO  [PHY] CMD_TX slot=0 win=0
1466708 INFO  [PHY] TX_STARTED imm=1
1466708 INFO  [LINK] DISC_REQ win=7333 seq=164
1466758 INFO  [LINK] TX_DONE win=7333 tx=0x430D2D8800
1466758 INFO  [LINK] RX type=33 src=0x0030 win=0
1466908 INFO  [LINK] preparing DISC_REQ tick=1466908
1466908 INFO  [PHY] CMD_TX slot=0 win=0
1466908 INFO  [PHY] TX_STARTED imm=1
1466908 INFO  [LINK] DISC_REQ win=7334 seq=165
1466958 INFO  [LINK] TX_DONE win=7334 tx=0x460712C800
1466958 INFO  [LINK] RX type=33 src=0x0030 win=0
1467108 INFO  [LINK] preparing DISC_REQ tick=1467108
1467108 INFO  [PHY] CMD_TX slot=0 win=0
1467108 INFO  [PHY] TX_STARTED imm=1
1467108 INFO  [LINK] DISC_REQ win=7335 seq=166
1467158 INFO  [LINK] TX_DONE win=7335 tx=0x490102C200
1467158 INFO  [LINK] RX type=33 src=0x0030 win=0
1467308 INFO  [LINK] preparing DISC_REQ tick=1467308
1467308 INFO  [PHY] CMD_TX slot=0 win=0
1467308 INFO  [PHY] TX_STARTED imm=1
1467308 INFO  [LINK] DISC_REQ win=7336 seq=167
1467358 INFO  [LINK] TX_DONE win=7336 tx=0x4BFAE18200
1467358 INFO  [LINK] RX type=33 src=0x0030 win=0
1467508 INFO  [LINK] preparing DISC_REQ tick=1467508
1467508 INFO  [PHY] CMD_TX slot=0 win=0
1467508 INFO  [PHY] TX_STARTED imm=1
1467508 INFO  [LINK] DISC_REQ win=7337 seq=168
1467558 INFO  [LINK] TX_DONE win=7337 tx=0x4EF4A65800
1467608 INFO  [LINK] RX_TIMEOUT
1467708 INFO  [LINK] preparing DISC_REQ tick=1467708
1467708 INFO  [PHY] CMD_TX slot=0 win=0
1467708 INFO  [PHY] TX_STARTED imm=1
1467708 INFO  [LINK] DISC_REQ win=7338 seq=169
1467758 INFO  [LINK] TX_DONE win=7338 tx=0x51EE724A00
1467758 INFO  [LINK] RX type=33 src=0x0030 win=0
1467908 INFO  [LINK] preparing DISC_REQ tick=1467908
1467908 INFO  [PHY] CMD_TX slot=0 win=0
1467908 INFO  [PHY] TX_STARTED imm=1
1467908 INFO  [LINK] DISC_REQ win=7339 seq=170
1467958 INFO  [LINK] TX_DONE win=7339 tx=0x54E8375A00
1467958 INFO  [LINK] RX type=33 src=0x0030 win=0
1468108 INFO  [LINK] preparing DISC_REQ tick=1468108
1468108 INFO  [PHY] CMD_TX slot=0 win=0
1468108 INFO  [PHY] TX_STARTED imm=1
1468108 INFO  [LINK] DISC_REQ win=7340 seq=171
1468158 INFO  [LINK] TX_DONE win=7340 tx=0x57E1FE5200
1468158 INFO  [LINK] RX type=33 src=0x0030 win=0
1468308 INFO  [LINK] preparing DISC_REQ tick=1468308
1468308 INFO  [PHY] CMD_TX slot=0 win=0
1468308 INFO  [PHY] TX_STARTED imm=1
1468308 INFO  [LINK] DISC_REQ win=7341 seq=172
1468358 INFO  [LINK] TX_DONE win=7341 tx=0x5ADBB44800
1468358 INFO  [LINK] RX type=33 src=0x0030 win=0
1468508 INFO  [LINK] preparing DISC_REQ tick=1468508
1468508 INFO  [PHY] CMD_TX slot=0 win=0
1468508 INFO  [PHY] TX_STARTED imm=1
1468508 INFO  [LINK] DISC_REQ win=7342 seq=173
1468558 INFO  [LINK] TX_DONE win=7342 tx=0x5DD573E600
1468558 INFO  [LINK] RX type=33 src=0x0030 win=0
1468708 INFO  [LINK] preparing DISC_REQ tick=1468708
1468708 INFO  [PHY] CMD_TX slot=0 win=0
1468708 INFO  [PHY] TX_STARTED imm=1
1468708 INFO  [LINK] DISC_REQ win=7343 seq=174
1468758 INFO  [LINK] TX_DONE win=7343 tx=0x60CF37E400
1468758 INFO  [LINK] RX type=33 src=0x0030 win=0
1468908 INFO  [LINK] preparing DISC_REQ tick=1468908
1468908 INFO  [PHY] CMD_TX slot=0 win=0
1468908 INFO  [PHY] TX_STARTED imm=1
1468908 INFO  [LINK] DISC_REQ win=7344 seq=175
1468958 INFO  [LINK] TX_DONE win=7344 tx=0x63C9069800
1468958 INFO  [LINK] RX type=33 src=0x0030 win=0
1469108 INFO  [LINK] preparing DISC_REQ tick=1469108
1469108 INFO  [PHY] CMD_TX slot=0 win=0
1469108 INFO  [PHY] TX_STARTED imm=1
1469108 INFO  [LINK] DISC_REQ win=7345 seq=176
1469158 INFO  [LINK] TX_DONE win=7345 tx=0x66C2D8B400
1469158 INFO  [LINK] RX type=33 src=0x0030 win=0
1469308 INFO  [LINK] preparing DISC_REQ tick=1469308
1469308 INFO  [PHY] CMD_TX slot=0 win=0
1469308 INFO  [PHY] TX_STARTED imm=1
1469308 INFO  [LINK] DISC_REQ win=7346 seq=177
1469358 INFO  [LINK] TX_DONE win=7346 tx=0x69BCB2FE00
1469358 INFO  [LINK] RX type=33 src=0x0030 win=0
1469508 INFO  [LINK] preparing DISC_REQ tick=1469508
1469508 INFO  [PHY] CMD_TX slot=0 win=0
1469508 INFO  [PHY] TX_STARTED imm=1
1469508 INFO  [LINK] DISC_REQ win=7347 seq=178
1469558 INFO  [LINK] TX_DONE win=7347 tx=0x6CB691C200
1469558 INFO  [LINK] RX type=33 src=0x0030 win=0
1469708 INFO  [LINK] preparing DISC_REQ tick=1469708
1469708 INFO  [PHY] CMD_TX slot=0 win=0
1469708 INFO  [PHY] TX_STARTED imm=1
1469708 INFO  [LINK] DISC_REQ win=7348 seq=179
1469758 INFO  [LINK] TX_DONE win=7348 tx=0x6FB06A3000
1469758 INFO  [LINK] RX type=33 src=0x0030 win=0
1469908 INFO  [LINK] preparing DISC_REQ tick=1469908
1469908 INFO  [PHY] CMD_TX slot=0 win=0
1469908 INFO  [PHY] TX_STARTED imm=1
1469908 INFO  [LINK] DISC_REQ win=7349 seq=180
1469958 INFO  [LINK] TX_DONE win=7349 tx=0x72AA40F800
1469958 INFO  [LINK] RX type=33 src=0x0030 win=0
1470108 INFO  [LINK] preparing DISC_REQ tick=1470108
1470108 INFO  [PHY] CMD_TX slot=0 win=0
1470108 INFO  [PHY] TX_STARTED imm=1
1470108 INFO  [LINK] DISC_REQ win=7350 seq=181
1470158 INFO  [LINK] TX_DONE win=7350 tx=0x75A429F000
1470158 INFO  [LINK] RX type=33 src=0x0030 win=0
1470308 INFO  [LINK] preparing DISC_REQ tick=1470308
1470308 INFO  [PHY] CMD_TX slot=0 win=0
1470308 INFO  [PHY] TX_STARTED imm=1
1470308 INFO  [LINK] DISC_REQ win=7351 seq=182
1470358 INFO  [LINK] TX_DONE win=7351 tx=0x789E08FE00
1470358 INFO  [LINK] RX type=33 src=0x0030 win=0
1470508 INFO  [LINK] preparing DISC_REQ tick=1470508
1470508 INFO  [PHY] CMD_TX slot=0 win=0
1470508 INFO  [PHY] TX_STARTED imm=1
1470508 INFO  [LINK] DISC_REQ win=7352 seq=183
1470558 INFO  [LINK] TX_DONE win=7352 tx=0x7B97E13000
1470558 INFO  [LINK] RX type=33 src=0x0030 win=0
1470708 INFO  [LINK] preparing DISC_REQ tick=1470708
1470708 INFO  [PHY] CMD_TX slot=0 win=0
1470708 INFO  [PHY] TX_STARTED imm=1
1470708 INFO  [LINK] DISC_REQ win=7353 seq=184
1470758 INFO  [LINK] TX_DONE win=7353 tx=0x7E91B4DA00
1470758 INFO  [LINK] RX type=33 src=0x0030 win=0
1470908 INFO  [LINK] preparing DISC_REQ tick=1470908
1470908 INFO  [PHY] CMD_TX slot=0 win=0
1470908 INFO  [PHY] TX_STARTED imm=1
1470908 INFO  [LINK] DISC_REQ win=7354 seq=185
1470958 INFO  [LINK] TX_DONE win=7354 tx=0x818B8EE800
1470958 INFO  [LINK] RX type=33 src=0x0030 win=0
1471108 INFO  [LINK] preparing DISC_REQ tick=1471108
1471108 INFO  [PHY] CMD_TX slot=0 win=0
1471108 INFO  [PHY] TX_STARTED imm=1
1471108 INFO  [LINK] DISC_REQ win=7355 seq=186
1471158 INFO  [LINK] TX_DONE win=7355 tx=0x848568D800
1471158 INFO  [LINK] RX type=33 src=0x0030 win=0
1471308 INFO  [LINK] preparing DISC_REQ tick=1471308
1471308 INFO  [PHY] CMD_TX slot=0 win=0
1471308 INFO  [PHY] TX_STARTED imm=1
1471308 INFO  [LINK] DISC_REQ win=7356 seq=187
1471358 INFO  [LINK] TX_DONE win=7356 tx=0x877F5BA600
1471358 INFO  [LINK] RX type=33 src=0x0030 win=0
1471508 INFO  [LINK] preparing DISC_REQ tick=1471508
1471508 INFO  [PHY] CMD_TX slot=0 win=0
1471508 INFO  [PHY] TX_STARTED imm=1
1471508 INFO  [LINK] DISC_REQ win=7357 seq=188
1471558 INFO  [LINK] TX_DONE win=7357 tx=0x8A79540A00
1471558 INFO  [LINK] RX type=33 src=0x0030 win=0
1471708 INFO  [LINK] preparing DISC_REQ tick=1471708
1471708 INFO  [PHY] CMD_TX slot=0 win=0
1471708 INFO  [PHY] TX_STARTED imm=1
1471709 INFO  [LINK] DISC_REQ win=7358 seq=189
1471758 INFO  [LINK] TX_DONE win=7358 tx=0x8D73575400
1471758 INFO  [LINK] RX type=33 src=0x0030 win=0
1471908 INFO  [LINK] preparing DISC_REQ tick=1471908
1471908 INFO  [PHY] CMD_TX slot=0 win=0
1471908 INFO  [PHY] TX_STARTED imm=1
1471909 INFO  [LINK] DISC_REQ win=7359 seq=190
1471958 INFO  [LINK] TX_DONE win=7359 tx=0x906D4EA800
1471958 INFO  [LINK] RX type=33 src=0x0030 win=0
1472108 INFO  [LINK] preparing DISC_REQ tick=1472108
1472108 INFO  [PHY] CMD_TX slot=0 win=0
1472109 INFO  [PHY] TX_STARTED imm=1
1472109 INFO  [LINK] DISC_REQ win=7360 seq=191
1472158 INFO  [LINK] TX_DONE win=7360 tx=0x9368DD1400
1472158 INFO  [LINK] RX type=33 src=0x0030 win=0
1472308 INFO  [LINK] preparing DISC_REQ tick=1472308
1472308 INFO  [PHY] CMD_TX slot=0 win=0
1472308 INFO  [PHY] TX_STARTED imm=1
1472309 INFO  [LINK] DISC_REQ win=7361 seq=192
1472358 INFO  [LINK] TX_DONE win=7361 tx=0x966165BA00
1472358 INFO  [LINK] RX type=33 src=0x0030 win=0
1472508 INFO  [LINK] preparing DISC_REQ tick=1472508
1472508 INFO  [PHY] CMD_TX slot=0 win=0
1472508 INFO  [PHY] TX_STARTED imm=1
1472508 INFO  [LINK] DISC_REQ win=7362 seq=193
1472558 INFO  [LINK] TX_DONE win=7362 tx=0x995B491000
1472558 INFO  [LINK] RX type=33 src=0x0030 win=0
1472708 INFO  [LINK] preparing DISC_REQ tick=1472708
1472708 INFO  [PHY] CMD_TX slot=0 win=0
1472708 INFO  [PHY] TX_STARTED imm=1
1472708 INFO  [LINK] DISC_REQ win=7363 seq=194
1472758 INFO  [LINK] TX_DONE win=7363 tx=0x9C552F2A00
1472758 INFO  [LINK] RX type=33 src=0x0030 win=0
1472908 INFO  [LINK] preparing DISC_REQ tick=1472908
1472908 INFO  [PHY] CMD_TX slot=0 win=0
1472908 INFO  [PHY] TX_STARTED imm=1
1472908 INFO  [LINK] DISC_REQ win=7364 seq=195
1472958 INFO  [LINK] TX_DONE win=7364 tx=0x9F4F0EF400
1472958 INFO  [LINK] RX type=33 src=0x0030 win=0
1473108 INFO  [LINK] preparing DISC_REQ tick=1473108
1473108 INFO  [PHY] CMD_TX slot=0 win=0
1473108 INFO  [PHY] TX_STARTED imm=1
1473108 INFO  [LINK] DISC_REQ win=7365 seq=196
1473158 INFO  [LINK] TX_DONE win=7365 tx=0xA248EC0800
1473158 INFO  [LINK] RX type=33 src=0x0030 win=0
1473308 INFO  [LINK] preparing DISC_REQ tick=1473308
1473308 INFO  [PHY] CMD_TX slot=0 win=0
1473308 INFO  [PHY] TX_STARTED imm=1
1473308 INFO  [LINK] DISC_REQ win=7366 seq=197
1473358 INFO  [LINK] TX_DONE win=7366 tx=0xA542C5EC00
1473358 INFO  [LINK] RX type=33 src=0x0030 win=0
1473508 INFO  [LINK] preparing DISC_REQ tick=1473508
1473508 INFO  [PHY] CMD_TX slot=0 win=0
1473508 INFO  [PHY] TX_STARTED imm=1
1473508 INFO  [LINK] DISC_REQ win=7367 seq=198
1473558 INFO  [LINK] TX_DONE win=7367 tx=0xA83C8D0800
1473558 INFO  [LINK] RX type=33 src=0x0030 win=0
1473708 INFO  [LINK] preparing DISC_REQ tick=1473708
1473708 INFO  [PHY] CMD_TX slot=0 win=0
1473708 INFO  [PHY] TX_STARTED imm=1
1473708 INFO  [LINK] DISC_REQ win=7368 seq=199
1473758 INFO  [LINK] TX_DONE win=7368 tx=0xAB36653600
1473758 INFO  [LINK] RX type=33 src=0x0030 win=0
1473908 INFO  [LINK] preparing DISC_REQ tick=1473908
1473908 INFO  [PHY] CMD_TX slot=0 win=0
1473908 INFO  [PHY] TX_STARTED imm=1
1473908 INFO  [LINK] DISC_REQ win=7369 seq=200
1473958 INFO  [LINK] TX_DONE win=7369 tx=0xAE304AC200
1473958 INFO  [LINK] RX type=33 src=0x0030 win=0
1474108 INFO  [LINK] preparing DISC_REQ tick=1474108
1474108 INFO  [PHY] CMD_TX slot=0 win=0
1474108 INFO  [PHY] TX_STARTED imm=1
1474108 INFO  [LINK] DISC_REQ win=7370 seq=201
1474158 INFO  [LINK] TX_DONE win=7370 tx=0xB12A2F0A00
1474158 INFO  [LINK] RX type=33 src=0x0030 win=0
1474308 INFO  [LINK] preparing DISC_REQ tick=1474308
1474308 INFO  [PHY] CMD_TX slot=0 win=0
1474308 INFO  [PHY] TX_STARTED imm=1
1474308 INFO  [LINK] DISC_REQ win=7371 seq=202
1474358 INFO  [LINK] TX_DONE win=7371 tx=0xB4240B0C00
1474358 INFO  [LINK] RX type=33 src=0x0030 win=0
1474508 INFO  [LINK] preparing DISC_REQ tick=1474508
1474508 INFO  [PHY] CMD_TX slot=0 win=0
1474508 INFO  [PHY] TX_STARTED imm=1
1474508 INFO  [LINK] DISC_REQ win=7372 seq=203
1474558 INFO  [LINK] TX_DONE win=7372 tx=0xB71DFC9600
1474558 INFO  [LINK] RX type=33 src=0x0030 win=0
1474708 INFO  [LINK] preparing DISC_REQ tick=1474708
1474708 INFO  [PHY] CMD_TX slot=0 win=0
1474708 INFO  [PHY] TX_STARTED imm=1
1474708 INFO  [LINK] DISC_REQ win=7373 seq=204
1474758 INFO  [LINK] TX_DONE win=7373 tx=0xBA17ED1200
1474758 INFO  [LINK] RX type=33 src=0x0030 win=0
1474908 INFO  [LINK] preparing DISC_REQ tick=1474908
1474908 INFO  [PHY] CMD_TX slot=0 win=0
1474908 INFO  [PHY] TX_STARTED imm=1
1474908 INFO  [LINK] DISC_REQ win=7374 seq=205
1474958 INFO  [LINK] TX_DONE win=7374 tx=0xBD11CEEC00
1474958 INFO  [LINK] RX type=33 src=0x0030 win=0
1475108 INFO  [LINK] preparing DISC_REQ tick=1475108
1475108 INFO  [PHY] CMD_TX slot=0 win=0
1475108 INFO  [PHY] TX_STARTED imm=1
1475108 INFO  [LINK] DISC_REQ win=7375 seq=206
1475158 INFO  [LINK] TX_DONE win=7375 tx=0xC00B9F9600
1475158 INFO  [LINK] RX type=33 src=0x0030 win=0
1475308 INFO  [LINK] preparing DISC_REQ tick=1475308
1475308 INFO  [PHY] CMD_TX slot=0 win=0
1475308 INFO  [PHY] TX_STARTED imm=1
1475308 INFO  [LINK] DISC_REQ win=7376 seq=207
1475358 INFO  [LINK] TX_DONE win=7376 tx=0xC30569B400
1475358 INFO  [LINK] RX type=33 src=0x0030 win=0
1475508 INFO  [LINK] preparing DISC_REQ tick=1475508
1475508 INFO  [PHY] CMD_TX slot=0 win=0
1475508 INFO  [PHY] TX_STARTED imm=1
1475508 INFO  [LINK] DISC_REQ win=7377 seq=208
1475558 INFO  [LINK] TX_DONE win=7377 tx=0xC5FF539400
1475558 INFO  [LINK] RX type=33 src=0x0030 win=0
1475708 INFO  [LINK] preparing DISC_REQ tick=1475708
1475708 INFO  [PHY] CMD_TX slot=0 win=0
1475708 INFO  [PHY] TX_STARTED imm=1
1475708 INFO  [LINK] DISC_REQ win=7378 seq=209
1475758 INFO  [LINK] TX_DONE win=7378 tx=0xC8F91E4A00
1475758 INFO  [LINK] RX type=33 src=0x0030 win=0
1475908 INFO  [LINK] preparing DISC_REQ tick=1475908
1475908 INFO  [PHY] CMD_TX slot=0 win=0
1475908 INFO  [PHY] TX_STARTED imm=1
1475908 INFO  [LINK] DISC_REQ win=7379 seq=210
1475958 INFO  [LINK] TX_DONE win=7379 tx=0xCBF2FED000
1475958 INFO  [LINK] RX type=33 src=0x0030 win=0
1476108 INFO  [LINK] preparing DISC_REQ tick=1476108
1476108 INFO  [PHY] CMD_TX slot=0 win=0
1476108 INFO  [PHY] TX_STARTED imm=1
1476108 INFO  [LINK] DISC_REQ win=7380 seq=211
1476158 INFO  [LINK] TX_DONE win=7380 tx=0xCEECE14800
1476158 INFO  [LINK] RX type=33 src=0x0030 win=0
1476308 INFO  [LINK] preparing DISC_REQ tick=1476308
1476308 INFO  [PHY] CMD_TX slot=0 win=0
1476308 INFO  [PHY] TX_STARTED imm=1
1476308 INFO  [LINK] DISC_REQ win=7381 seq=212
1476358 INFO  [LINK] TX_DONE win=7381 tx=0xD1E6CA4A00
1476358 INFO  [LINK] RX type=33 src=0x0030 win=0
1476508 INFO  [LINK] preparing DISC_REQ tick=1476508
1476508 INFO  [PHY] CMD_TX slot=0 win=0
1476508 INFO  [PHY] TX_STARTED imm=1
1476508 INFO  [LINK] DISC_REQ win=7382 seq=213
1476558 INFO  [LINK] TX_DONE win=7382 tx=0xD4E0AAFE00
1476558 INFO  [LINK] RX type=33 src=0x0030 win=0
1476708 INFO  [LINK] preparing DISC_REQ tick=1476708
1476708 INFO  [PHY] CMD_TX slot=0 win=0
1476708 INFO  [PHY] TX_STARTED imm=1
1476708 INFO  [LINK] DISC_REQ win=7383 seq=214
1476758 INFO  [LINK] TX_DONE win=7383 tx=0xD7DA7FE800
1476758 INFO  [LINK] RX type=33 src=0x0030 win=0
1476908 INFO  [LINK] preparing DISC_REQ tick=1476908
1476908 INFO  [PHY] CMD_TX slot=0 win=0
1476908 INFO  [PHY] TX_STARTED imm=1
1476908 INFO  [LINK] DISC_REQ win=7384 seq=215
1476958 INFO  [LINK] TX_DONE win=7384 tx=0xDAD459B600
1476958 INFO  [LINK] RX type=33 src=0x0030 win=0
1477108 INFO  [LINK] preparing DISC_REQ tick=1477108
1477108 INFO  [PHY] CMD_TX slot=0 win=0
1477108 INFO  [PHY] TX_STARTED imm=1
1477108 INFO  [LINK] DISC_REQ win=7385 seq=216
1477158 INFO  [LINK] TX_DONE win=7385 tx=0xDDCE1F7000
1477158 INFO  [LINK] RX type=33 src=0x0030 win=0
1477308 INFO  [LINK] preparing DISC_REQ tick=1477308
1477308 INFO  [PHY] CMD_TX slot=0 win=0
1477308 INFO  [PHY] TX_STARTED imm=1
1477308 INFO  [LINK] DISC_REQ win=7386 seq=217
1477358 INFO  [LINK] TX_DONE win=7386 tx=0xE0C7EBDE00
1477358 INFO  [LINK] RX type=33 src=0x0030 win=0
1477508 INFO  [LINK] preparing DISC_REQ tick=1477508
1477508 INFO  [PHY] CMD_TX slot=0 win=0
1477508 INFO  [PHY] TX_STARTED imm=1
1477508 INFO  [LINK] DISC_REQ win=7387 seq=218
1477558 INFO  [LINK] TX_DONE win=7387 tx=0xE3C1C1D000
1477558 INFO  [LINK] RX type=33 src=0x0030 win=0
1477708 INFO  [LINK] preparing DISC_REQ tick=1477708
1477708 INFO  [PHY] CMD_TX slot=0 win=0
1477708 INFO  [PHY] TX_STARTED imm=1
1477708 INFO  [LINK] DISC_REQ win=7388 seq=219
1477758 INFO  [LINK] TX_DONE win=7388 tx=0xE6BB9F0000
1477758 INFO  [LINK] RX type=33 src=0x0030 win=0
1477908 INFO  [LINK] preparing DISC_REQ tick=1477908
1477908 INFO  [PHY] CMD_TX slot=0 win=0
1477908 INFO  [PHY] TX_STARTED imm=1
1477908 INFO  [LINK] DISC_REQ win=7389 seq=220
1477958 INFO  [LINK] TX_DONE win=7389 tx=0xE9B57BBA00
1477958 INFO  [LINK] RX type=33 src=0x0030 win=0
1478108 INFO  [LINK] preparing DISC_REQ tick=1478108
1478108 INFO  [PHY] CMD_TX slot=0 win=0
1478108 INFO  [PHY] TX_STARTED imm=1
1478108 INFO  [LINK] DISC_REQ win=7390 seq=221
1478158 INFO  [LINK] TX_DONE win=7390 tx=0xECAF539600
1478158 INFO  [LINK] RX type=33 src=0x0030 win=0
1478308 INFO  [LINK] preparing DISC_REQ tick=1478308
1478308 INFO  [PHY] CMD_TX slot=0 win=0
1478308 INFO  [PHY] TX_STARTED imm=1
1478308 INFO  [LINK] DISC_REQ win=7391 seq=222
1478358 INFO  [LINK] TX_DONE win=7391 tx=0xEFA9308A00
1478358 INFO  [LINK] RX type=33 src=0x0030 win=0
1478508 INFO  [LINK] preparing DISC_REQ tick=1478508
1478508 INFO  [PHY] CMD_TX slot=0 win=0
1478508 INFO  [PHY] TX_STARTED imm=1
1478509 INFO  [LINK] DISC_REQ win=7392 seq=223
1478558 INFO  [LINK] TX_DONE win=7392 tx=0xF2A30B8A00
1478558 INFO  [LINK] RX type=33 src=0x0030 win=0
1478708 INFO  [LINK] preparing DISC_REQ tick=1478708
1478708 INFO  [PHY] CMD_TX slot=0 win=0
1478708 INFO  [PHY] TX_STARTED imm=1
1478709 INFO  [LINK] DISC_REQ win=7393 seq=224
1478758 INFO  [LINK] TX_DONE win=7393 tx=0xF59CECC000
1478758 INFO  [LINK] RX type=33 src=0x0030 win=0
1478908 INFO  [LINK] preparing DISC_REQ tick=1478908
1478908 INFO  [PHY] CMD_TX slot=0 win=0
1478908 INFO  [PHY] TX_STARTED imm=1
1478909 INFO  [LINK] DISC_REQ win=7394 seq=225
1478958 INFO  [LINK] TX_DONE win=7394 tx=0xF8975B4600
1478958 INFO  [LINK] RX type=33 src=0x0030 win=0
1479108 INFO  [LINK] preparing DISC_REQ tick=1479108
1479108 INFO  [PHY] CMD_TX slot=0 win=0
1479108 INFO  [PHY] TX_STARTED imm=1
1479109 INFO  [LINK] DISC_REQ win=7395 seq=226
1479158 INFO  [LINK] TX_DONE win=7395 tx=0xFB90C97E00
1479158 INFO  [LINK] RX type=33 src=0x0030 win=0
1479308 INFO  [LINK] preparing DISC_REQ tick=1479308
1479308 INFO  [PHY] CMD_TX slot=0 win=0
1479308 INFO  [PHY] TX_STARTED imm=1
1479308 INFO  [LINK] DISC_REQ win=7396 seq=227
1479358 INFO  [LINK] TX_DONE win=7396 tx=0xFE8AB1D200
1479358 INFO  [LINK] RX type=33 src=0x0030 win=0
1479508 INFO  [LINK] preparing DISC_REQ tick=1479508
1479508 INFO  [PHY] CMD_TX slot=0 win=0
1479508 INFO  [PHY] TX_STARTED imm=1
1479508 INFO  [LINK] DISC_REQ win=7397 seq=228
1479558 INFO  [LINK] TX_DONE win=7397 tx=0x0184AB1000
1479558 INFO  [LINK] RX type=33 src=0x0030 win=0
1479708 INFO  [LINK] preparing DISC_REQ tick=1479708
1479708 INFO  [PHY] CMD_TX slot=0 win=0
1479708 INFO  [PHY] TX_STARTED imm=1
1479708 INFO  [LINK] DISC_REQ win=7398 seq=229
1479758 INFO  [LINK] TX_DONE win=7398 tx=0x047E971400
1479758 INFO  [LINK] RX type=33 src=0x0030 win=0
1479908 INFO  [LINK] preparing DISC_REQ tick=1479908
1479908 INFO  [PHY] CMD_TX slot=0 win=0
1479908 INFO  [PHY] TX_STARTED imm=1
1479908 INFO  [LINK] DISC_REQ win=7399 seq=230
1479958 INFO  [LINK] TX_DONE win=7399 tx=0x0778814C00
1479958 INFO  [LINK] RX type=33 src=0x0030 win=0
1480108 INFO  [LINK] preparing DISC_REQ tick=1480108
1480108 INFO  [PHY] CMD_TX slot=0 win=0
1480108 INFO  [PHY] TX_STARTED imm=1
1480108 INFO  [LINK] DISC_REQ win=7400 seq=231
1480158 INFO  [LINK] TX_DONE win=7400 tx=0x0A72497200
1480158 INFO  [LINK] RX type=33 src=0x0030 win=0
1480308 INFO  [LINK] preparing DISC_REQ tick=1480308
1480308 INFO  [PHY] CMD_TX slot=0 win=0
1480308 INFO  [PHY] TX_STARTED imm=1
1480308 INFO  [LINK] DISC_REQ win=7401 seq=232
1480358 INFO  [LINK] TX_DONE win=7401 tx=0x0D6C1F3600
1480358 INFO  [LINK] RX type=33 src=0x0030 win=0
