../Thrid/decadriver/deca_device.c:121:5:dwt_initialise	32	static
../Thrid/decadriver/deca_device.c:216:7:dwt_otprevision	4	static
../Thrid/decadriver/deca_device.c:231:6:dwt_setGPIOforEXTTRX	16	static
../Thrid/decadriver/deca_device.c:258:6:dwt_setGPIOdirection	24	static
../Thrid/decadriver/deca_device.c:286:6:dwt_setGPIOvalue	24	static
../Thrid/decadriver/deca_device.c:311:5:dwt_getgpiovalue	16	static
../Thrid/decadriver/deca_device.c:331:6:dwt_enablegpioclocks	16	static
../Thrid/decadriver/deca_device.c:336:6:dwt_enablegpioclocks1	16	static
../Thrid/decadriver/deca_device.c:366:8:dwt_getpartid	4	static
../Thrid/decadriver/deca_device.c:380:8:dwt_getlotid	4	static
../Thrid/decadriver/deca_device.c:395:8:dwt_readdevid	8	static
../Thrid/decadriver/deca_device.c:414:6:dwt_configuretxrf	16	static
../Thrid/decadriver/deca_device.c:439:5:dwt_configure	32	static
../Thrid/decadriver/deca_device.c:609:6:dwt_setrxantennadelay	16	static
../Thrid/decadriver/deca_device.c:629:6:dwt_settxantennadelay	16	static
../Thrid/decadriver/deca_device.c:657:5:dwt_writetxdata	16	static
../Thrid/decadriver/deca_device.c:702:5:dwt_writetxfctrl	24	static
../Thrid/decadriver/deca_device.c:744:6:dwt_readrxdata	16	static
../Thrid/decadriver/deca_device.c:764:6:dwt_readaccdata	16	static
../Thrid/decadriver/deca_device.c:787:6:dwt_readdiagnostics	16	static
../Thrid/decadriver/deca_device.c:828:6:dwt_readtxtimestamp	16	static
../Thrid/decadriver/deca_device.c:846:8:dwt_readtxtimestamphi32	8	static
../Thrid/decadriver/deca_device.c:863:8:dwt_readtxtimestamplo32	8	static
../Thrid/decadriver/deca_device.c:882:6:dwt_readrxtimestamp	16	static
../Thrid/decadriver/deca_device.c:900:8:dwt_readrxtimestamphi32	8	static
../Thrid/decadriver/deca_device.c:917:8:dwt_readrxtimestamplo32	8	static
../Thrid/decadriver/deca_device.c:933:8:dwt_readsystimestamphi32	8	static
../Thrid/decadriver/deca_device.c:953:6:dwt_readsystime	16	static
../Thrid/decadriver/deca_device.c:984:5:dwt_writetodevice	32	static
../Thrid/decadriver/deca_device.c:1059:5:dwt_readfromdevice	32	static
../Thrid/decadriver/deca_device.c:1125:8:dwt_read32bitoffsetreg	32	static
../Thrid/decadriver/deca_device.c:1158:8:dwt_read16bitoffsetreg	32	static
../Thrid/decadriver/deca_device.c:1189:5:dwt_write16bitoffsetreg	32	static
../Thrid/decadriver/deca_device.c:1218:5:dwt_write32bitoffsetreg	40	static
../Thrid/decadriver/deca_device.c:1255:6:dwt_enableframefilter	24	static
../Thrid/decadriver/deca_device.c:1284:6:dwt_setpanid	16	static
../Thrid/decadriver/deca_device.c:1302:6:dwt_setaddress16	16	static
../Thrid/decadriver/deca_device.c:1321:6:dwt_seteui	16	static
../Thrid/decadriver/deca_device.c:1337:6:dwt_geteui	16	static
../Thrid/decadriver/deca_device.c:1356:6:dwt_otpread	40	static
../Thrid/decadriver/deca_device.c:1386:8:_dwt_otpread	24	static
../Thrid/decadriver/deca_device.c:1432:8:_dwt_otpsetmrregs	40	static
../Thrid/decadriver/deca_device.c:1598:8:_dwt_otpprogword32	24	static
../Thrid/decadriver/deca_device.c:1659:8:dwt_otpwriteandverify	24	static
../Thrid/decadriver/deca_device.c:1716:6:_dwt_aonconfigupload	16	static
../Thrid/decadriver/deca_device.c:1740:6:_dwt_aonarrayupload	16	static
../Thrid/decadriver/deca_device.c:1763:6:dwt_entersleep	8	static
../Thrid/decadriver/deca_device.c:1785:6:dwt_configuresleepcnt	24	static
../Thrid/decadriver/deca_device.c:1832:8:dwt_calibratesleepcnt	16	static
../Thrid/decadriver/deca_device.c:1930:6:dwt_configuresleep	24	static
../Thrid/decadriver/deca_device.c:1960:6:dwt_entersleepaftertx	24	static
../Thrid/decadriver/deca_device.c:1998:5:dwt_spicswakeup	16	static
../Thrid/decadriver/deca_device.c:2036:6:_dwt_configlde	24	static
../Thrid/decadriver/deca_device.c:2063:6:_dwt_loaducodefromrom	16	static
../Thrid/decadriver/deca_device.c:2099:6:dwt_loadopsettabfromotp	24	static
../Thrid/decadriver/deca_device.c:2129:6:dwt_setsmarttxpower	16	static
../Thrid/decadriver/deca_device.c:2161:6:dwt_enableautoack	16	static
../Thrid/decadriver/deca_device.c:2183:6:dwt_setdblrxbuffmode	16	static
../Thrid/decadriver/deca_device.c:2210:6:dwt_setautorxreenable	24	static
../Thrid/decadriver/deca_device.c:2240:6:dwt_setrxaftertxdelay	24	static
../Thrid/decadriver/deca_device.c:2267:6:dwt_setcallbacks	16	static
../Thrid/decadriver/deca_device.c:2287:7:dwt_checkIRQ	16	static
../Thrid/decadriver/deca_device.c:2315:6:dwt_isr	24	static
../Thrid/decadriver/deca_device.c:2649:6:dwt_setleds	24	static
../Thrid/decadriver/deca_device.c:2699:6:_dwt_enableclocks	24	static
../Thrid/decadriver/deca_device.c:2757:6:_dwt_disablesequencing	8	static
../Thrid/decadriver/deca_device.c:2782:6:dwt_setdelayedtrxtime	16	static
../Thrid/decadriver/deca_device.c:2806:5:dwt_starttx	24	static
../Thrid/decadriver/deca_device.c:2870:5:dwt_checkoverrun	8	static
../Thrid/decadriver/deca_device.c:2887:6:dwt_forcetrxoff	24	static
../Thrid/decadriver/deca_device.c:2938:6:dwt_syncrxbufptrs	16	static
../Thrid/decadriver/deca_device.c:2974:6:dwt_setrxmode	24	static
../Thrid/decadriver/deca_device.c:3002:5:dwt_rxenable	24	static
../Thrid/decadriver/deca_device.c:3052:6:dwt_setrxtimeout	24	static
../Thrid/decadriver/deca_device.c:3091:6:dwt_setpreambledetecttimeout	16	static
../Thrid/decadriver/deca_device.c:3121:6:dwt_setinterrupt	24	static
../Thrid/decadriver/deca_device.c:3153:6:dwt_configeventcounters	24	static
../Thrid/decadriver/deca_device.c:3179:6:dwt_readeventcounters	24	static
../Thrid/decadriver/deca_device.c:3225:6:dwt_rxreset	16	static
../Thrid/decadriver/deca_device.c:3246:6:dwt_softreset	16	static
../Thrid/decadriver/deca_device.c:3290:6:dwt_xtaltrim	24	static
../Thrid/decadriver/deca_device.c:3317:5:dwt_configcwmode	24	static
../Thrid/decadriver/deca_device.c:3384:6:dwt_configcontinuousframemode	24	static
../Thrid/decadriver/deca_device.c:3443:8:dwt_readtempvbat	24	static
../Thrid/decadriver/deca_device.c:3503:7:dwt_readwakeuptemp	16	static
../Thrid/decadriver/deca_device.c:3523:7:dwt_readwakeupvbat	16	static
